    Checking gpu-allocator v0.28.0
   Compiling wgpu-hal v29.0.0
   Compiling winit v0.30.13
   Compiling alsa-sys v0.3.1
    Checking heapless v0.8.0
   Compiling glutin v0.32.3
    Checking smithay-client-toolkit v0.20.0
    Checking wgpu-naga-bridge v29.0.0
    Checking async-signal v0.2.13
    Checking sctk-adwaita v0.10.1
    Checking glutin_glx_sys v0.6.1
    Checking glutin_egl_sys v0.7.1
    Checking ddsfile v0.5.2
    Checking realfft v3.5.0
    Checking khronos-egl v6.0.0
   Compiling zbus_names v4.3.1
    Checking async-lock v3.4.2
    Checking fyrox-graphics v1.0.0-rc.2
    Checking piper v0.2.5
    Checking wayland-protocols-plasma v0.3.11
    Checking calloop v0.12.4
    Checking fast_image_resize v5.5.0
    Checking abrash-core v0.1.0 (/app/crates/abrash-core)
   Compiling glutin-winit v0.5.0
    Checking ordered-float v2.10.1
    Checking dpi v0.1.2
    Checking tbc v0.3.0
    Checking strsim v0.11.1
    Checking renderdoc-sys v1.1.0
   Compiling camino v1.2.2
    Checking option-ext v0.2.0
    Checking extended v0.1.0
    Checking glow v0.17.0
    Checking clap_lex v1.0.0
   Compiling smithay-client-toolkit v0.18.1
   Compiling drm-sys v0.8.1
    Checking clap_builder v4.5.60
    Checking symphonia-format-riff v0.5.5
    Checking dirs-sys v0.4.1
    Checking fyrox-texture v1.0.0-rc.2
    Checking serde-value v0.7.0
    Checking calloop-wayland-source v0.2.0
    Checking async-process v2.5.0
   Compiling zbus_macros v5.14.0
    Checking blocking v1.6.2
    Checking smithay-clipboard v0.7.3
    Checking rubato v0.14.1
    Checking rstar v0.12.2
    Checking ratatui-macros v0.7.0
    Checking toml v0.8.23
    Checking gltf-json v1.4.1
    Checking wayland-protocols-wlr v0.2.0
    Checking ratatui-crossterm v0.1.0
    Checking js-sys v0.3.91
    Checking symphonia-bundle-flac v0.5.5
    Checking symphonia-format-mkv v0.5.5
    Checking symphonia-format-ogg v0.5.5
    Checking symphonia-codec-vorbis v0.5.5
    Checking async-broadcast v0.7.2
    Checking bevy_math v0.18.1
    Checking symphonia-bundle-mp3 v0.5.5
    Checking x11-clipboard v0.9.3
    Checking toml_parser v1.0.9+spec-1.1.0
    Checking serde-untagged v0.1.9
    Checking async-executor v1.14.0
    Checking symphonia-codec-adpcm v0.5.5
    Checking symphonia-codec-alac v0.5.5
    Checking symphonia-codec-aac v0.5.5
    Checking symphonia-codec-pcm v0.5.5
   Compiling clap_derive v4.5.55
    Checking simba v0.8.1
   Compiling wgpu-core v29.0.0
    Checking ordered-stream v0.2.0
    Checking num-iter v0.1.45
    Checking is-docker v0.2.0
   Compiling async-trait v0.1.89
   Compiling async-recursion v1.1.1
   Compiling serde_repr v0.1.20
    Checking semver v1.0.27
    Checking toml_datetime v0.7.5+spec-1.1.0
    Checking urlencoding v2.1.3
   Compiling cfg_aliases v0.1.1
    Checking ttf-parser v0.21.1
    Checking rustc-hash v2.1.1
    Checking linux-raw-sys v0.9.4
   Compiling radium v0.7.0
    Checking unicode-xid v0.2.6
   Compiling drm-fourcc v2.2.0
    Checking hex v0.4.3
    Checking base64 v0.13.1
    Checking zbus v5.14.0
    Checking nalgebra v0.32.6
    Checking gltf v1.4.1
    Checking fontdue v0.9.3
    Checking cargo-util-schemas v0.8.2
   Compiling winit v0.29.15
    Checking clap v4.5.60
    Checking is-wsl v0.4.0
    Checking num v0.4.3
    Checking symphonia v0.5.5
    Checking copypasta v0.10.2
    Checking ratatui v0.30.0
    Checking tinyaudio v2.0.0
    Checking parry3d v0.25.3
    Checking wgpu-core-deps-windows-linux-android v29.0.0
    Checking hrtf v0.8.1
    Checking fyrox-material v1.0.0-rc.3
    Checking directories v5.0.1
    Checking parry2d v0.25.3
    Checking bevy_time v0.18.1
    Checking fyrox-graph v1.0.0-rc.2
    Checking fyrox-animation v1.0.0-rc.2
    Checking bstr v1.12.1
    Checking uvgen v0.3.0
    Checking rand_distr v0.4.3
    Checking sysinfo v0.29.11
   Compiling wgpu v29.0.0
    Checking itertools v0.12.1
   Compiling tiny-xlib v0.2.4
    Checking cargo-platform v0.3.2
    Checking glow v0.16.0
    Checking tap v1.0.1
    Checking serde_spanned v1.0.4
    Checking pathdiff v0.2.3
    Checking adler32 v1.2.0
    Checking hound v3.5.1
    Checking const-fnv1a-hash v1.1.0
    Checking toml_writer v1.0.6+spec-1.1.0
    Checking fyrox-sound v1.0.0-rc.2
    Checking toml_edit v0.23.10+spec-1.0.0
    Checking imageproc v0.25.0
    Checking bevy_diagnostic v0.18.1
    Checking fyrox-graphics-gl v1.0.0-rc.2
    Checking inflate v0.4.5
    Checking open v5.3.3
    Checking toml v0.9.12+spec-1.1.0
    Checking wyz v0.5.1
    Checking fyrox-ui v1.0.0-rc.3
    Checking cargo_metadata v0.22.0
    Checking lightmap v0.4.0
    Checking rapier2d v0.30.1
    Checking opener v0.8.4
    Checking rapier3d v0.30.1
    Checking sctk-adwaita v0.8.3
    Checking drm-ffi v0.9.1
    Checking wasm-bindgen-futures v0.4.64
    Checking web-sys v0.3.91
    Checking bevy_input v0.18.1
    Checking bevy_transform v0.18.1
    Checking wayland-protocols-plasma v0.2.0
    Checking console_error_panic_hook v0.1.7
    Checking beamterm-data v0.10.0
    Checking fyrox-autotile v1.0.0-rc.2
    Checking funty v2.0.0
    Checking ctor-lite v0.1.2
    Checking rust-fuzzy-search v0.1.1
    Checking bitvec v1.0.1
    Checking bevy_internal v0.18.1
    Checking drm v0.14.1
    Checking fyrox-impl v1.0.0-rc.2
    Checking abrash-render v0.1.0 (/app/crates/abrash-render)
    Checking abrash-anim v0.1.0 (/app/crates/abrash-anim)
    Checking pollster v0.3.0
    Checking abrash-skeletal v0.1.0 (/app/crates/abrash-skeletal)
    Checking softbuffer v0.4.8
    Checking bevy v0.18.1
    Checking abrash-raycast v0.1.0 (/app/crates/abrash-raycast)
    Checking comfy-table v7.2.2
    Checking rand_core v0.9.5
    Checking plotters-backend v0.3.7
    Checking ciborium-io v0.2.2
    Checking ciborium-ll v0.2.2
    Checking plotters-svg v0.3.7
    Checking tempfile v3.26.0
    Checking abrash-gpu-render v0.1.0 (/app/crates/abrash-gpu-render)
    Checking itertools v0.10.5
    Checking beamterm-renderer v0.10.0
    Checking ratzilla v0.3.0
    Checking wait-timeout v0.2.1
    Checking fnv v1.0.7
    Checking quick-error v1.2.3
    Checking cast v0.3.0
    Checking rusty-fork v0.3.1
    Checking criterion-plot v0.5.0
    Checking plotters v0.3.7
    Checking ciborium v0.2.2
    Checking rand_chacha v0.9.0
    Checking rand v0.9.2
    Checking rand_xorshift v0.4.0
    Checking bit-set v0.8.0
    Checking tinytemplate v1.2.1
    Checking is-terminal v0.4.17
    Checking anes v0.1.6
    Checking oorandom v11.1.5
    Checking unarray v0.1.4
    Checking proptest v1.11.0
    Checking criterion v0.5.1
    Checking fyrox v1.0.0-rc.2
    Checking abrash v0.1.0 (/app)
error: variables can be used directly in the `format!` string
  --> benches/heat_vision_bench.rs:29:30
   |
29 |         group.bench_function(format!("{}x{}", w, h), |b| {
   |                              ^^^^^^^^^^^^^^^^^^^^^^
   |
   = help: for further information visit https://rust-lang.github.io/rust-clippy/rust-1.94.0/index.html#uninlined_format_args
   = note: `-D clippy::uninlined-format-args` implied by `-D warnings`
   = help: to override `-D warnings` add `#[allow(clippy::uninlined_format_args)]`
help: change this to
   |
29 -         group.bench_function(format!("{}x{}", w, h), |b| {
29 +         group.bench_function(format!("{w}x{h}"), |b| {
   |

error: could not compile `abrash` (bench "heat_vision_bench") due to 1 previous error
warning: build failed, waiting for other jobs to finish...
