    Checking abrash-render v0.1.0 (/app/crates/abrash-render)
error[E0502]: cannot borrow `*target` as immutable because it is also borrowed as mutable
   --> crates/abrash-render/src/render_api/cpu_renderer.rs:291:49
    |
290 | ...s) = target.split_mut();
    |         ------ mutable borrow occurs here
291 | ...list_inner(draw_list, target.width(), target.height(), pixels, depths);
    |                          ^^^^^^                           ------ mutable borrow later used here
    |                          |
    |                          immutable borrow occurs here

error[E0502]: cannot borrow `*target` as immutable because it is also borrowed as mutable
   --> crates/abrash-render/src/render_api/cpu_renderer.rs:291:65
    |
290 | ...s) = target.split_mut();
    |         ------ mutable borrow occurs here
291 | ...list_inner(draw_list, target.width(), target.height(), pixels, depths);
    |                                          ^^^^^^           ------ mutable borrow later used here
    |                                          |
    |                                          immutable borrow occurs here

error[E0502]: cannot borrow `*target` as immutable because it is also borrowed as mutable
   --> crates/abrash-render/src/render_api/cpu_renderer.rs:301:49
    |
300 | ...s) = target.split_mut();
    |         ------ mutable borrow occurs here
301 | ...list_inner(draw_list, target.width(), target.height(), pixels, depths);
    |                          ^^^^^^                           ------ mutable borrow later used here
    |                          |
    |                          immutable borrow occurs here

error[E0502]: cannot borrow `*target` as immutable because it is also borrowed as mutable
   --> crates/abrash-render/src/render_api/cpu_renderer.rs:301:65
    |
300 | ...s) = target.split_mut();
    |         ------ mutable borrow occurs here
301 | ...list_inner(draw_list, target.width(), target.height(), pixels, depths);
    |                                          ^^^^^^           ------ mutable borrow later used here
    |                                          |
    |                                          immutable borrow occurs here

For more information about this error, try `rustc --explain E0502`.
error: could not compile `abrash-render` (lib) due to 4 previous errors
