   Compiling abrash v0.1.0 (/app)
    Finished `dev` profile [unoptimized + debuginfo] target(s) in 3.86s
     Running `target/debug/examples/cube_3d`

[38;5;14m[1m🧊 Cube 3D Demo[0m
[38;5;8m=====================[39m

[1m⚙️  Info[0m
┌─────────────┬─────────────────────────┐
│ Property    ┆ Value                   │
╞═════════════╪═════════════════════════╡
│ Description ┆ Basic 3D cube rendering │
├╌╌╌╌╌╌╌╌╌╌╌╌╌┼╌╌╌╌╌╌╌╌╌╌╌╌╌╌╌╌╌╌╌╌╌╌╌╌╌┤
│ Renderer    ┆ Software Rasterizer     │
└─────────────┴─────────────────────────┘

[1m🎮 Controls[0m
┌──────────┬───────────────┐
│ Input    ┆ Action        │
╞══════════╪═══════════════╡
│ Mouse    ┆ None          │
├╌╌╌╌╌╌╌╌╌╌┼╌╌╌╌╌╌╌╌╌╌╌╌╌╌╌┤
│ Keyboard ┆ Auto-rotating │
└──────────┴───────────────┘
