   Compiling abrash v0.1.0 (/app)
    Finished `dev` profile [unoptimized + debuginfo] target(s) in 5.21s
     Running `target/debug/examples/gpu_pyramid`

[38;5;14m[1m📐 GPU Pyramid Demo[0m
[38;5;8m========================[39m

[1m⚙️  Info[0m
┌─────────────┬─────────────────────────────┐
│ Property    ┆ Value                       │
╞═════════════╪═════════════════════════════╡
│ Description ┆ Generic mesh rendering test │
├╌╌╌╌╌╌╌╌╌╌╌╌╌┼╌╌╌╌╌╌╌╌╌╌╌╌╌╌╌╌╌╌╌╌╌╌╌╌╌╌╌╌╌┤
│ Backend     ┆ wgpu (Metal/Vulkan/DX12)    │
└─────────────┴─────────────────────────────┘

[1m🎮 Controls[0m
┌──────────┬──────────────────────────────────┐
│ Input    ┆ Action                           │
╞══════════╪══════════════════════════════════╡
│ Mouse    ┆ Drag to orbit, Wheel to zoom     │
├╌╌╌╌╌╌╌╌╌╌┼╌╌╌╌╌╌╌╌╌╌╌╌╌╌╌╌╌╌╌╌╌╌╌╌╌╌╌╌╌╌╌╌╌╌┤
│ Keyboard ┆ Arrows/WASD (Orbit), Q/E (Zoom)  │
├╌╌╌╌╌╌╌╌╌╌┼╌╌╌╌╌╌╌╌╌╌╌╌╌╌╌╌╌╌╌╌╌╌╌╌╌╌╌╌╌╌╌╌╌╌┤
│ Keyboard ┆ Space (Toggle Rotate), R (Reset) │
└──────────┴──────────────────────────────────┘

Error: "Failed to create event loop: os error at /home/jules/.cargo/registry/src/index.crates.io-1949cf8c6b5b557f/winit-0.29.15/src/platform_impl/linux/mod.rs:786: neither WAYLAND_DISPLAY nor WAYLAND_SOCKET nor DISPLAY is set."
