   Compiling abrash v0.1.0 (/app)
    Finished `dev` profile [unoptimized + debuginfo] target(s) in 2.03s
     Running `target/debug/examples/particles`

[38;5;14m[1m✨ Nova Particle System[0m
[38;5;8m=====================[39m

[1m⚙️  Configuration[0m
┌────────────────┬───────┐
│ Parameter      ┆ Value │
╞════════════════╪═══════╡
│ Particle Count ┆ 1000  │
├╌╌╌╌╌╌╌╌╌╌╌╌╌╌╌╌┼╌╌╌╌╌╌╌┤
│ Emission Rate  ┆ 50    │
├╌╌╌╌╌╌╌╌╌╌╌╌╌╌╌╌┼╌╌╌╌╌╌╌┤
│ Spread         ┆ 0.8   │
├╌╌╌╌╌╌╌╌╌╌╌╌╌╌╌╌┼╌╌╌╌╌╌╌┤
│ Start Life     ┆ 2.0s  │
├╌╌╌╌╌╌╌╌╌╌╌╌╌╌╌╌┼╌╌╌╌╌╌╌┤
│ Start Size     ┆ 0.5   │
└────────────────┴───────┘

[1m🎮 Controls[0m
┌──────────────┬──────────────────┐
│ Input        ┆ Action           │
╞══════════════╪══════════════════╡
│ Close Window ┆ Exit Application │
├╌╌╌╌╌╌╌╌╌╌╌╌╌╌┼╌╌╌╌╌╌╌╌╌╌╌╌╌╌╌╌╌╌┤
│ Interactive  ┆ (Coming Soon)    │
└──────────────┴──────────────────┘
