   Compiling abrash v0.1.0 (/app)
warning: function `contains_rgba` is never used
  --> crates/abrash-gpu-render/tests/capture_test.rs:26:4
   |
26 | fn contains_rgba(pixels: &[u8], rgba: [u8; 4]) -> bool {
   |    ^^^^^^^^^^^^^
   |
   = note: `#[warn(dead_code)]` (part of `#[warn(unused)]`) on by default

warning: `abrash-gpu-render` (test "capture_test") generated 1 warning
    Finished `test` profile [unoptimized + debuginfo] target(s) in 1m 53s
     Running unittests src/lib.rs (target/debug/deps/abrash-a2830a05439f2222)

running 12 tests
test platform::framebuffer_widget::tests::color_unpacking_arbitrary_value ... ok
test platform::framebuffer_widget::tests::color_unpacking_pure_blue ... ok
test platform::framebuffer_widget::tests::color_unpacking_pure_green ... ok
test platform::framebuffer_widget::tests::color_unpacking_pure_red ... ok
test platform::framebuffer_widget::tests::single_pixel_framebuffer ... ok
test platform::winit::tests::test_argb_to_softbuffer_ignores_alpha ... ok
test platform::winit::tests::test_argb_to_softbuffer_pixel ... ok
test platform::winit::tests::test_frame_clock_dt_is_non_negative ... ok
test platform::winit::tests::test_window_host_config_default ... ok
test platform::framebuffer_widget::tests::scaling_large_framebuffer_to_small_area ... ok
test platform::framebuffer_widget::tests::renders_known_color_pattern ... ok
test platform::framebuffer_widget::tests::zero_size_area_is_noop ... ok

test result: ok. 12 passed; 0 failed; 0 ignored; 0 measured; 0 filtered out; finished in 0.01s

     Running unittests src/main.rs (target/debug/deps/abrash-a25901789d344d75)

running 5 tests
test tests::test_demo_command_uses_backend_tui_when_requested_for_cpu ... ok
test tests::test_demo_command_preserves_nova_feature_in_tui_mode ... ok
test tests::test_demo_command_keeps_gpu_render_feature_in_tui_mode ... ok
test tests::test_args_accepts_tui_flag ... ok
test tests::test_demo_command_uses_default_features_for_cpu ... ok

test result: ok. 5 passed; 0 failed; 0 ignored; 0 measured; 0 filtered out; finished in 0.01s

     Running unittests benches/run_film_grain.rs (target/debug/deps/run_film_grain-4bf433e9d6773a1d)

running 0 tests

test result: ok. 0 passed; 0 failed; 0 ignored; 0 measured; 0 filtered out; finished in 0.00s

     Running unittests benches/simd_profiling.rs (target/debug/deps/simd_profiling-5a62e93964280af5)

running 0 tests

test result: ok. 0 passed; 0 failed; 0 ignored; 0 measured; 0 filtered out; finished in 0.00s

     Running tests/alpha_discontinuity.rs (target/debug/deps/alpha_discontinuity-9e17482ff83ebda3)

running 1 test
test test_alpha_discontinuity ... ok

test result: ok. 1 passed; 0 failed; 0 ignored; 0 measured; 0 filtered out; finished in 0.00s

     Running tests/bilinear_simd_test.rs (target/debug/deps/bilinear_simd_test-b3c623b2be2d0b63)

running 1 test
test test_bilinear_scanline_output ... ok

test result: ok. 1 passed; 0 failed; 0 ignored; 0 measured; 0 filtered out; finished in 0.00s

     Running tests/bloom_test.rs (target/debug/deps/bloom_test-7db1033b4df8a4da)

running 1 test
test test_apply_bloom_effect ... ok

test result: ok. 1 passed; 0 failed; 0 ignored; 0 measured; 0 filtered out; finished in 0.00s

     Running tests/chromatic_aberration.rs (target/debug/deps/chromatic_aberration-6a80533f392f2eca)

running 2 tests
test test_chromatic_aberration_boundary ... ok
test test_chromatic_aberration_shift ... ok

test result: ok. 2 passed; 0 failed; 0 ignored; 0 measured; 0 filtered out; finished in 0.01s

     Running tests/clipping_3d_tests.rs (target/debug/deps/clipping_3d_tests-7ebde68052b3830b)

running 2 tests
test test_triangle_fully_behind_camera ... ok
test test_triangle_straddling_near_plane ... ok

test result: ok. 2 passed; 0 failed; 0 ignored; 0 measured; 0 filtered out; finished in 0.00s

     Running tests/color_util_tests.rs (target/debug/deps/color_util_tests-d540680ba25e7c47)

running 1 test
test test_color_to_u32 ... ok

test result: ok. 1 passed; 0 failed; 0 ignored; 0 measured; 0 filtered out; finished in 0.00s

     Running tests/crosshatch_tests.rs (target/debug/deps/crosshatch_tests-09a10166253594c8)

running 1 test
test test_apply_crosshatch_basic ... ok

test result: ok. 1 passed; 0 failed; 0 ignored; 0 measured; 0 filtered out; finished in 0.01s

     Running tests/crt_test.rs (target/debug/deps/crt_test-1027bc74c48400e9)

running 1 test
test test_apply_crt_distortion ... ok

test result: ok. 1 passed; 0 failed; 0 ignored; 0 measured; 0 filtered out; finished in 0.01s

     Running tests/emboss_tests.rs (target/debug/deps/emboss_tests-4622084c784bf42b)

running 1 test
test test_apply_emboss ... ok

test result: ok. 1 passed; 0 failed; 0 ignored; 0 measured; 0 filtered out; finished in 0.00s

     Running tests/framebuffer_tests.rs (target/debug/deps/framebuffer_tests-e896dbfcf08eb002)

running 7 tests
test test_framebuffer_initialized_to_black ... ok
test test_framebuffer_bounds_checking ... ok
test test_framebuffer_clear ... ok
test test_framebuffer_clear_rect ... ok
test test_framebuffer_new ... ok
test test_framebuffer_set_pixel ... ok
test test_framebuffer_set_pixel_unchecked ... ok

test result: ok. 7 passed; 0 failed; 0 ignored; 0 measured; 0 filtered out; finished in 0.02s

     Running tests/frustum_culling_test.rs (target/debug/deps/frustum_culling_test-836e0c54fe240e3b)

running 2 tests
test test_frustum_culling_inside ... ok
test test_frustum_culling_outside ... ok

test result: ok. 2 passed; 0 failed; 0 ignored; 0 measured; 0 filtered out; finished in 0.00s

     Running tests/fuzz_target.rs (target/debug/deps/fuzz_target-058e776cfc10b820)

running 1 test
test does_not_crash ... ok

test result: ok. 1 passed; 0 failed; 0 ignored; 0 measured; 0 filtered out; finished in 9.01s

     Running tests/gamma_tests.rs (target/debug/deps/gamma_tests-53161960fe14177a)

running 2 tests
test test_gamma_correction_srgb ... ok
test test_gamma_correction_identity ... ok

test result: ok. 2 passed; 0 failed; 0 ignored; 0 measured; 0 filtered out; finished in 0.00s

     Running tests/god_rays.rs (target/debug/deps/god_rays-c109723891cbdd02)

running 1 test
test test_apply_god_rays ... ok

test result: ok. 1 passed; 0 failed; 0 ignored; 0 measured; 0 filtered out; finished in 0.01s

     Running tests/gouraud_interp.rs (target/debug/deps/gouraud_interp-a059272c294700c0)

running 1 test
test test_draw_scanline_textured_gouraud_correctness ... ok

test result: ok. 1 passed; 0 failed; 0 ignored; 0 measured; 0 filtered out; finished in 0.01s

     Running tests/gouraud_quad_test.rs (target/debug/deps/gouraud_quad_test-1c88d101d981b38a)

running 1 test
test test_gouraud_quad_rendering ... ok

test result: ok. 1 passed; 0 failed; 0 ignored; 0 measured; 0 filtered out; finished in 0.00s

     Running tests/gouraud_tile.rs (target/debug/deps/gouraud_tile-c4e2846c0ffa9f12)

running 1 test
test test_tile_renderer_gouraud_render ... ok

test result: ok. 1 passed; 0 failed; 0 ignored; 0 measured; 0 filtered out; finished in 0.01s

     Running tests/gpu_engine_compare_feature.rs (target/debug/deps/gpu_engine_compare_feature-64697ff314aeb30e)

running 1 test
test bevy_and_fyrox_dependencies_are_available ... ok

test result: ok. 1 passed; 0 failed; 0 ignored; 0 measured; 0 filtered out; finished in 0.00s

     Running tests/gpu_render_api.rs (target/debug/deps/gpu_render_api-6556fca028c9d26f)

running 10 tests
test offscreen_benchmark_config_exposes_draw_repeats ... ok
test run_mesh_demo_is_exposed ... ok
test interaction_controller_clamps_distance ... ok
test offscreen_benchmark_types_are_exposed ... ok
test interaction_controller_updates_yaw_from_keyboard ... ok
test validate_demo_config_rejects_invalid_distance_range ... ok
test validate_mesh_accepts_unit_cube ... ok
test validate_demo_config_rejects_zero_dimensions ... ok
test validate_mesh_rejects_non_triangle_index_count ... ok
test validate_mesh_rejects_out_of_bounds_index ... ok

test result: ok. 10 passed; 0 failed; 0 ignored; 0 measured; 0 filtered out; finished in 0.01s

     Running tests/gpu_render_crate_extraction.rs (target/debug/deps/gpu_render_crate_extraction-af8685def5bc3d6d)

running 1 test
test gpu_render_crate_is_available_and_reexported ... ok

test result: ok. 1 passed; 0 failed; 0 ignored; 0 measured; 0 filtered out; finished in 0.00s

     Running tests/gpu_render_feature.rs (target/debug/deps/gpu_render_feature-d8006d0e53c5fb4b)

running 1 test
test gpu_render_module_is_exposed ... ok

test result: ok. 1 passed; 0 failed; 0 ignored; 0 measured; 0 filtered out; finished in 0.00s

     Running tests/graphics_math_loop.rs (target/debug/deps/graphics_math_loop-a4f858b96d0c3d11)

running 32 tests
test aabb_ray_and_sphere_queries_hit_expected_ranges ... ok
test aabb_from_center_extents_roundtrips ... ok
test aabb_union_and_include_point_expand_bounds ... ok
test aabb_transform_matches_corner_sweep ... ok
test inverse_transform_batch_roundtrips_points ... ok
test inverse_transform_in_place_roundtrips_world_points ... ok
test lerp_interpolates_correctly ... ok
test mat3_inverse_cancels_rotation ... ok
test aabb_queries_cover_common_overlap_cases ... ok
test fast_atan2_matches_std_within_tolerance ... ok
test frustum_culls_objects_outside ... ok
test plane_signed_distance_is_correct ... ok
test quat_from_mat4_roundtrips_rotation ... ok
test quat_nlerp_uses_shortest_arc ... ok
test ray_aabb_intersection_roundtrips ... ok
test ray_at_returns_correct_point ... ok
test ray_sphere_hit_nearest_root ... ok
test ray_triangle_hit_at_origin ... ok
test remap_maps_range_correctly ... ok
test smoothstep_is_smooth_and_bounded ... ok
test quat_inverse_undoes_rotation ... ok
test mat3_normal_transform_matches_mat4_for_rotation ... ok
test transform_batch_path_matches_scalar_path ... ok
test transform_in_place_paths_match_allocating_paths ... ok
test transform_lerp_blends_all_components ... ok
test transform_inverse_transform_point_roundtrips_points ... ok
test transform_then_matches_matrix_composition ... ok
test transform_transform_point_matches_matrix_path ... ok
test transform_vector_batch_matches_scalar_path ... ok
test vec4_dot_and_length ... ok
test vec4_xyz_extracts_vec3 ... ok
test vec4_normalize_produces_unit_vector ... ok

test result: ok. 32 passed; 0 failed; 0 ignored; 0 measured; 0 filtered out; finished in 0.02s

     Running tests/halftone_tests.rs (target/debug/deps/halftone_tests-45b59eb33d23af75)

running 1 test
test test_halftone_filter ... ok

test result: ok. 1 passed; 0 failed; 0 ignored; 0 measured; 0 filtered out; finished in 0.01s

     Running tests/havoc.rs (target/debug/deps/havoc-1178812397db5b5f)

running 4 tests
test fuzz_texture_sampling ... ok
test fuzz_clipping_extremes ... ok
test fuzz_obj_loader ... ok
test fuzz_mat4_transform_points ... ok

test result: ok. 4 passed; 0 failed; 0 ignored; 0 measured; 0 filtered out; finished in 0.38s

     Running tests/havoc_api_validation.rs (target/debug/deps/havoc_api_validation-187069144fac7c5c)

running 1 test
test test_box_blur_api_validation ... ok

test result: ok. 1 passed; 0 failed; 0 ignored; 0 measured; 0 filtered out; finished in 0.01s

     Running tests/havoc_arboretum.rs (target/debug/deps/havoc_arboretum-9f0e470b1b0923b3)

running 1 test
test test_arboretum_panic_bytes ... ok

test result: ok. 1 passed; 0 failed; 0 ignored; 0 measured; 0 filtered out; finished in 0.00s

     Running tests/havoc_arboretum_oom.rs (target/debug/deps/havoc_arboretum_oom-82972195aca3ac24)

running 1 test
test test_havoc_arboretum_oom ... ok

test result: ok. 1 passed; 0 failed; 0 ignored; 0 measured; 0 filtered out; finished in 1.34s

     Running tests/havoc_ascii_overflow.rs (target/debug/deps/havoc_ascii_overflow-d0f5aeb38a9d9456)

running 1 test
test havoc_ascii_converter_integer_overflow ... ignored, 👺 Havoc: Intentionally tests an Integer Overflow vulnerability leading to OOM/panic. Will SIGKILL runner if run.

test result: ok. 0 passed; 0 failed; 1 ignored; 0 measured; 0 filtered out; finished in 0.00s

     Running tests/havoc_box_blur.rs (target/debug/deps/havoc_box_blur-5bffaed5510bfd04)

running 1 test
test test_box_blur_horizontal_large_radius_dos ... ok

test result: ok. 1 passed; 0 failed; 0 ignored; 0 measured; 0 filtered out; finished in 0.00s

     Running tests/havoc_box_blur_f32.rs (target/debug/deps/havoc_box_blur_f32-9ee45d0cee87728a)

running 1 test
test test_box_blur_f32_vertical_scalar_oob ... ok

test result: ok. 1 passed; 0 failed; 0 ignored; 0 measured; 0 filtered out; finished in 0.00s

     Running tests/havoc_box_blur_fuzz.rs (target/debug/deps/havoc_box_blur_fuzz-c38abb8809dfdeb1)

running 1 test
test fuzz_box_blur_horizontal ... ok

test result: ok. 1 passed; 0 failed; 0 ignored; 0 measured; 0 filtered out; finished in 0.10s

     Running tests/havoc_box_blur_fuzz2.rs (target/debug/deps/havoc_box_blur_fuzz2-1a0b800e3bccdf07)

running 1 test
test fuzz_box_blur_vertical ... ok

test result: ok. 1 passed; 0 failed; 0 ignored; 0 measured; 0 filtered out; finished in 0.02s

     Running tests/havoc_box_blur_int_overflow.rs (target/debug/deps/havoc_box_blur_int_overflow-fe276ff3ad25efce)

running 1 test
test test_box_blur_int_overflow ... ok

test result: ok. 1 passed; 0 failed; 0 ignored; 0 measured; 0 filtered out; finished in 0.01s

     Running tests/havoc_box_blur_int_overflow2.rs (target/debug/deps/havoc_box_blur_int_overflow2-1be6a7750e05911a)

running 1 test
test test_box_blur_int_overflow2 ... ok

test result: ok. 1 passed; 0 failed; 0 ignored; 0 measured; 0 filtered out; finished in 0.00s

     Running tests/havoc_box_blur_int_overflow3.rs (target/debug/deps/havoc_box_blur_int_overflow3-dc90b63863037a98)

running 1 test
test test_box_blur_vertical_int_overflow ... ok

test result: ok. 1 passed; 0 failed; 0 ignored; 0 measured; 0 filtered out; finished in 0.00s

     Running tests/havoc_box_blur_int_overflow4.rs (target/debug/deps/havoc_box_blur_int_overflow4-cec992d6ef8d1f41)

running 1 test
test test_box_blur_vertical_avx2_int_overflow ... ok

test result: ok. 1 passed; 0 failed; 0 ignored; 0 measured; 0 filtered out; finished in 0.00s

     Running tests/havoc_box_blur_loop.rs (target/debug/deps/havoc_box_blur_loop-d36e583a2b5baed4)

running 2 tests
test test_box_blur_vertical_large_radius ... ok
test test_box_blur_horizontal_large_radius ... ok

test result: ok. 2 passed; 0 failed; 0 ignored; 0 measured; 0 filtered out; finished in 0.01s

     Running tests/havoc_box_blur_oom.rs (target/debug/deps/havoc_box_blur_oom-690a18cbe0a70434)

running 1 test
test test_box_blur_oom ... ok

test result: ok. 1 passed; 0 failed; 0 ignored; 0 measured; 0 filtered out; finished in 0.00s

     Running tests/havoc_box_blur_panic.rs (target/debug/deps/havoc_box_blur_panic-66ae401e48a7e0d8)

running 1 test
test test_box_blur_zero_width_height ... ok

test result: ok. 1 passed; 0 failed; 0 ignored; 0 measured; 0 filtered out; finished in 0.00s

     Running tests/havoc_box_blur_panic2.rs (target/debug/deps/havoc_box_blur_panic2-2ceb96696e540a1e)

running 1 test
test test_box_blur_zero_width ... ok

test result: ok. 1 passed; 0 failed; 0 ignored; 0 measured; 0 filtered out; finished in 0.01s

     Running tests/havoc_chromatic.rs (target/debug/deps/havoc_chromatic-4c81e6bfccc7aef1)

running 1 test
test test_chromatic_aberration_out_of_bounds ... ok

test result: ok. 1 passed; 0 failed; 0 ignored; 0 measured; 0 filtered out; finished in 0.00s

     Running tests/havoc_chromatic_avx.rs (target/debug/deps/havoc_chromatic_avx-be886852a568ef86)

running 1 test
test test_chromatic_aberration_simd_bounds ... ok

test result: ok. 1 passed; 0 failed; 0 ignored; 0 measured; 0 filtered out; finished in 0.00s

     Running tests/havoc_circle_overflow.rs (target/debug/deps/havoc_circle_overflow-151afa27eeee564c)

running 2 tests
test test_draw_circle_overflow ... ok
test test_fill_circle_overflow ... ok

test result: ok. 2 passed; 0 failed; 0 ignored; 0 measured; 0 filtered out; finished in 0.00s

     Running tests/havoc_clipping_torture.rs (target/debug/deps/havoc_clipping_torture-0c3efe5a647a983c)

running 4 tests
test test_clip_triangle_inf_panic ... ok
test test_clip_triangle_nan_panic ... ok
test test_clip_triangle_torture ... ok
test test_clip_triangle_tricky_values ... ok

test result: ok. 4 passed; 0 failed; 0 ignored; 0 measured; 0 filtered out; finished in 0.07s

     Running tests/havoc_clock_exploit.rs (target/debug/deps/havoc_clock_exploit-48156e2db8ab2e85)

running 2 tests
test havoc_clock_trigger ... ok
test fuzz_clock_extreme_durations ... ok

test result: ok. 2 passed; 0 failed; 0 ignored; 0 measured; 0 filtered out; finished in 0.01s

     Running tests/havoc_draw_line_3d.rs (target/debug/deps/havoc_draw_line_3d-fe8ff2a411495461)

running 1 test
test havoc_test_draw_line_3d_zbuffer_oob - should panic ... ok

test result: ok. 1 passed; 0 failed; 0 ignored; 0 measured; 0 filtered out; finished in 0.01s

     Running tests/havoc_exploit.rs (target/debug/deps/havoc_exploit-0bcf175477a5f1e4)

running 3 tests
test unsound_tile_renderer_parallel - should panic ... ok
test exploit_tile_renderer_integer_overflow - should panic ... ok
test fuzz_obj_loader ... ok

test result: ok. 3 passed; 0 failed; 0 ignored; 0 measured; 0 filtered out; finished in 0.04s

     Running tests/havoc_flat_raster.rs (target/debug/deps/havoc_flat_raster-e29cd714b2854380)

running 1 test
test test_triangle_torture ... ignored, 👹 Havoc: Triggering panics in flat triangle rasterizer via f32 extremes

test result: ok. 0 passed; 0 failed; 1 ignored; 0 measured; 0 filtered out; finished in 0.00s

     Running tests/havoc_jelly_stress_panic.rs (target/debug/deps/havoc_jelly_stress_panic-7e8a806a3fc567e6)

running 1 test
test test_havoc_jelly_stress_panic ... ok

test result: ok. 1 passed; 0 failed; 0 ignored; 0 measured; 0 filtered out; finished in 0.01s

     Running tests/havoc_lsystem.rs (target/debug/deps/havoc_lsystem-8d548b929221f4fb)

running 1 test
test test_lsystem_utf8_corruption ... ok

test result: ok. 1 passed; 0 failed; 0 ignored; 0 measured; 0 filtered out; finished in 0.10s

     Running tests/havoc_lsystem_oom.rs (target/debug/deps/havoc_lsystem_oom-b30b4893dac20de1)

running 1 test
test havoc_lsystem_oom ... ignored, 👺 Havoc: Intentionally tests an OOM vulnerability. Will SIGKILL runner if run.

test result: ok. 0 passed; 0 failed; 1 ignored; 0 measured; 0 filtered out; finished in 0.00s

     Running tests/havoc_math_extreme.rs (target/debug/deps/havoc_math_extreme-4791df902bb6c44d)

running 4 tests
test test_project_to_screen_extreme ... ok
test test_project_triangle_to_screen_extreme ... ok
test test_transform_point_extreme ... ok
test test_transform_points_batch_extreme ... ok

test result: ok. 4 passed; 0 failed; 0 ignored; 0 measured; 0 filtered out; finished in 1.56s

     Running tests/havoc_math_props.rs (target/debug/deps/havoc_math_props-2a6f6d8e52fe0467)

running 3 tests
test test_project_to_screen_clamping ... ok
test test_vec3_normalize_no_panic ... ok
test test_mat4_transform_no_panic ... ok

test result: ok. 3 passed; 0 failed; 0 ignored; 0 measured; 0 filtered out; finished in 0.06s

     Running tests/havoc_obj.rs (target/debug/deps/havoc_obj-c6cbbd9ef197dd37)

running 1 test
test fuzz_load_obj ... ok

test result: ok. 1 passed; 0 failed; 0 ignored; 0 measured; 0 filtered out; finished in 0.11s

     Running tests/havoc_obj_dos.rs (target/debug/deps/havoc_obj_dos-ebe4370aa2e22a91)

running 1 test
test test_obj_dos_quadratic_blowup ... ok

test result: ok. 1 passed; 0 failed; 0 ignored; 0 measured; 0 filtered out; finished in 0.18s

     Running tests/havoc_obj_fuzz.rs (target/debug/deps/havoc_obj_fuzz-698d5367dd125e71)

running 3 tests
test fuzz_obj_loader_huge_integers ... ok
test fuzz_obj_loader_proptest ... ok
test fuzz_obj_loader_structure ... ok

test result: ok. 3 passed; 0 failed; 0 ignored; 0 measured; 0 filtered out; finished in 3.37s

     Running tests/havoc_obj_load.rs (target/debug/deps/havoc_obj_load-1fe624f08081aee2)

running 1 test
test test_obj_load_dos ... ok

test result: ok. 1 passed; 0 failed; 0 ignored; 0 measured; 0 filtered out; finished in 0.01s

     Running tests/havoc_obj_load2.rs (target/debug/deps/havoc_obj_load2-2b6fd874151f27a0)

running 1 test
test test_obj_load_dos_2 ... ok

test result: ok. 1 passed; 0 failed; 0 ignored; 0 measured; 0 filtered out; finished in 0.00s

     Running tests/havoc_obj_load3.rs (target/debug/deps/havoc_obj_load3-e47acff2c32811cc)

running 1 test
test test_obj_load_dos_3 ... ok

test result: ok. 1 passed; 0 failed; 0 ignored; 0 measured; 0 filtered out; finished in 0.23s

     Running tests/havoc_obj_load4.rs (target/debug/deps/havoc_obj_load4-76cbcca824031e44)

running 1 test
test test_obj_load_dos_4 ... ok

test result: ok. 1 passed; 0 failed; 0 ignored; 0 measured; 0 filtered out; finished in 1.08s

     Running tests/havoc_obj_oom.rs (target/debug/deps/havoc_obj_oom-5914f519aa4bb028)

running 1 test
test test_obj_deduplication_memory_explosion ... ok

test result: ok. 1 passed; 0 failed; 0 ignored; 0 measured; 0 filtered out; finished in 0.02s

     Running tests/havoc_obj_repro.rs (target/debug/deps/havoc_obj_repro-1f21800976b5a344)

running 3 tests
test test_havoc_obj_huge_face ... ok
test test_havoc_obj_huge_input ... ok
test test_havoc_obj_huge_line ... ok

test result: ok. 3 passed; 0 failed; 0 ignored; 0 measured; 0 filtered out; finished in 1.19s

     Running tests/havoc_overflow.rs (target/debug/deps/havoc_overflow-709843a28a1402aa)

running 2 tests
test havoc_framebuffer_overflow ... ok
test havoc_zbuffer_overflow ... ok

test result: ok. 2 passed; 0 failed; 0 ignored; 0 measured; 0 filtered out; finished in 0.00s

     Running tests/havoc_pbr_simd.rs (target/debug/deps/havoc_pbr_simd-c47a8a62d3165333)

running 1 test
test test_pbr_simd_fuzz ... ok

test result: ok. 1 passed; 0 failed; 0 ignored; 0 measured; 0 filtered out; finished in 0.04s

     Running tests/havoc_pixel_sort_proptest.rs (target/debug/deps/havoc_pixel_sort_proptest-84b6caee6263ddbb)

running 1 test
test test_pixel_sort_no_panic ... ok

test result: ok. 1 passed; 0 failed; 0 ignored; 0 measured; 0 filtered out; finished in 0.25s

     Running tests/havoc_post_process.rs (target/debug/deps/havoc_post_process-08cff07e9b45e233)

running 2 tests
test test_box_blur_horizontal_fuzz ... ok
test test_box_blur_vertical_fuzz ... ok

test result: ok. 2 passed; 0 failed; 0 ignored; 0 measured; 0 filtered out; finished in 39.51s

     Running tests/havoc_post_process2.rs (target/debug/deps/havoc_post_process2-e2086ce1a6239801)

running 2 tests
test test_box_blur_vertical_large_radius ... ok
test test_box_blur_horizontal_large_radius ... ok

test result: ok. 2 passed; 0 failed; 0 ignored; 0 measured; 0 filtered out; finished in 0.01s

     Running tests/havoc_proptest.rs (target/debug/deps/havoc_proptest-02445be7c4eee2c4)

running 1 test
test fuzz_load_obj ... ok

test result: ok. 1 passed; 0 failed; 0 ignored; 0 measured; 0 filtered out; finished in 0.34s

     Running tests/havoc_radial_blur.rs (target/debug/deps/havoc_radial_blur-18f0373e1b851fee)

running 2 tests
test test_apply_radial_blur_extreme_samples ... ok
test test_apply_radial_blur_swar_equivalence ... ok

test result: ok. 2 passed; 0 failed; 0 ignored; 0 measured; 0 filtered out; finished in 0.00s

     Running tests/havoc_rasterizer.rs (target/debug/deps/havoc_rasterizer-c90be2b33992e01e)

running 1 test
test test_havoc_scanline_oob ... ok

test result: ok. 1 passed; 0 failed; 0 ignored; 0 measured; 0 filtered out; finished in 0.00s

     Running tests/havoc_rasterizer_fuzz.rs (target/debug/deps/havoc_rasterizer_fuzz-70513bb1886bf787)

running 1 test
test fuzz_rasterizer_safety ... ok

test result: ok. 1 passed; 0 failed; 0 ignored; 0 measured; 0 filtered out; finished in 0.33s

     Running tests/havoc_resolution.rs (target/debug/deps/havoc_resolution-47916a44b19c8a53)

running 1 test
test test_havoc_resolution_no_overflow ... ok

test result: ok. 1 passed; 0 failed; 0 ignored; 0 measured; 0 filtered out; finished in 0.00s

     Running tests/havoc_scene_proptest.rs (target/debug/deps/havoc_scene_proptest-c2c64ed84350bbcc)

running 1 test
test test_scene_render_no_panic ... ok

test result: ok. 1 passed; 0 failed; 0 ignored; 0 measured; 0 filtered out; finished in 0.60s

     Running tests/havoc_scene_proptest2.rs (target/debug/deps/havoc_scene_proptest2-5cefa98ad9940139)

running 1 test
test test_scene_render_fuzz_params ... ok

test result: ok. 1 passed; 0 failed; 0 ignored; 0 measured; 0 filtered out; finished in 0.30s

     Running tests/havoc_softbody.rs (target/debug/deps/havoc_softbody-847dbce81212c51a)

running 2 tests
test test_havoc_softbody_panic ... ok
test test_truncated_mesh_resilience ... ok

test result: ok. 2 passed; 0 failed; 0 ignored; 0 measured; 0 filtered out; finished in 0.00s

     Running tests/havoc_softbody_panic.rs (target/debug/deps/havoc_softbody_panic-881ce5321b03b4a2)

running 1 test
test test_havoc_softbody_panic ... ok

test result: ok. 1 passed; 0 failed; 0 ignored; 0 measured; 0 filtered out; finished in 0.01s

     Running tests/havoc_texture_fastpath_exploit.rs (target/debug/deps/havoc_texture_fastpath_exploit-fca0f62abd453cd2)

running 1 test
test fuzz_draw_span_nearest_fastpath ... ok

test result: ok. 1 passed; 0 failed; 0 ignored; 0 measured; 0 filtered out; finished in 0.01s

     Running tests/havoc_texture_invariant.rs (target/debug/deps/havoc_texture_invariant-3bd019ec9c56ccb8)

running 1 test
test crash_texture_invariant_violation ... ok

test result: ok. 1 passed; 0 failed; 0 ignored; 0 measured; 0 filtered out; finished in 0.01s

     Running tests/havoc_texture_overflow.rs (target/debug/deps/havoc_texture_overflow-7bd76fb36e911d38)

running 1 test
test havoc_texture_integrity ... ok

test result: ok. 1 passed; 0 failed; 0 ignored; 0 measured; 0 filtered out; finished in 0.02s

     Running tests/havoc_texture_panic.rs (target/debug/deps/havoc_texture_panic-93a94df7f109683b)

running 2 tests
test havoc_large_texture_panic_repro ... ok
test havoc_texture_dimensions_rejected ... ok

test result: ok. 2 passed; 0 failed; 0 ignored; 0 measured; 0 filtered out; finished in 0.01s

     Running tests/havoc_threading.rs (target/debug/deps/havoc_threading-1f2f5cf3dce5ed3b)

running 1 test
test test_post_process_concurrency ... ok

test result: ok. 1 passed; 0 failed; 0 ignored; 0 measured; 0 filtered out; finished in 1.25s

     Running tests/havoc_tile_renderer.rs (target/debug/deps/havoc_tile_renderer-0b7e313e1e09f760)

running 2 tests
test havoc_render_batch_crash_test ... ok
test prop_render_random_triangles ... ok

test result: ok. 2 passed; 0 failed; 0 ignored; 0 measured; 0 filtered out; finished in 1.56s

     Running tests/havoc_tile_renderer_fuzz_indices2_proptest.rs (target/debug/deps/havoc_tile_renderer_fuzz_indices2_proptest-dccd58c83c2d2f22)

running 1 test
test test_tile_renderer_fuzz_indices ... ok

test result: ok. 1 passed; 0 failed; 0 ignored; 0 measured; 0 filtered out; finished in 0.10s

     Running tests/havoc_tile_renderer_fuzz_indices_proptest.rs (target/debug/deps/havoc_tile_renderer_fuzz_indices_proptest-2c6144ee2b87807d)

running 1 test
test test_tile_renderer_fuzz_indices ... ok

test result: ok. 1 passed; 0 failed; 0 ignored; 0 measured; 0 filtered out; finished in 0.08s

     Running tests/havoc_tile_renderer_panic.rs (target/debug/deps/havoc_tile_renderer_panic-e8129b04b283f47d)

running 1 test
test test_tile_renderer_panic ... ok

test result: ok. 1 passed; 0 failed; 0 ignored; 0 measured; 0 filtered out; finished in 0.01s

     Running tests/havoc_tile_renderer_proptest.rs (target/debug/deps/havoc_tile_renderer_proptest-0651614284f253b3)

running 1 test
test test_tile_renderer_mesh_no_panic ... ok

test result: ok. 1 passed; 0 failed; 0 ignored; 0 measured; 0 filtered out; finished in 0.20s

     Running tests/hiz_integration.rs (target/debug/deps/hiz_integration-0bf85b98a650e54b)

running 5 tests
test hiz_handles_empty_scene ... ok
test hiz_culls_occluded_geometry_across_frames ... ok
test hiz_produces_identical_output ... ok
test hiz_handles_high_triangle_count ... ok
test hiz_no_false_negatives ... ok

test result: ok. 5 passed; 0 failed; 0 ignored; 0 measured; 0 filtered out; finished in 0.46s

     Running tests/kuwahara_tests.rs (target/debug/deps/kuwahara_tests-a944ea35a8a22bf5)

running 2 tests
test test_kuwahara_preserves_solid_color ... ok
test test_kuwahara_smoothes_noise_preserves_edge ... ok

test result: ok. 2 passed; 0 failed; 0 ignored; 0 measured; 0 filtered out; finished in 0.01s

     Running tests/layout_check.rs (target/debug/deps/layout_check-518de28012aa9039)

running 5 tests
test test_vec2_layout ... ok
test test_mat4_layout ... ok
test test_bounding_sphere_layout ... ok
test test_vec3_layout ... ok
test test_vec4_layout ... ok

test result: ok. 5 passed; 0 failed; 0 ignored; 0 measured; 0 filtered out; finished in 0.01s

     Running tests/math_extensions.rs (target/debug/deps/math_extensions-032b623bb2311565)

running 8 tests
test tests::test_mat4_transpose_determinant_and_affine_inverse ... ok
test tests::test_vec2_new_primitives ... ok
test tests::test_vec3_additions ... ok
test tests::test_vec2_normalize_or_zero_and_move_towards ... ok
test tests::test_vec3_distance_and_clamp_abs ... ok
test tests::test_vec3_normalize_or_zero_and_move_towards ... ok
test tests::test_vec3_projection_and_angle ... ok
test tests::test_vec2_projection_cross_angle ... ok

test result: ok. 8 passed; 0 failed; 0 ignored; 0 measured; 0 filtered out; finished in 0.00s

     Running tests/math_tests.rs (target/debug/deps/math_tests-0f8880b006089950)

running 23 tests
test test_mat2_rotation ... ok
test test_mat4_default ... ok
test test_mat4_mul_operator ... ok
test test_mat4_perspective ... ok
test test_mat4_perspective_edge ... ok
test test_mat4_scale ... ok
test test_mat4_transform_normal ... ok
test test_mat4_translation ... ok
test test_project_triangle_simd_precision ... ok
test test_rotation_preserves_length ... ok
test test_vec2_add ... ok
test test_vec2_new ... ok
test test_vec2_scale ... ok
test test_vec2_sub ... ok
test test_vec3_cross ... ok
test test_vec3_dot ... ok
test test_vec3_mul_element_wise ... ok
test test_vec3_new ... ok
test test_vec3_normalize ... ok
test test_vec3_normalize_tiny ... ok
test test_mat4_identity ... ok
test test_mat4_look_at_parallel ... ok
test test_mat4_inverse ... ok

test result: ok. 23 passed; 0 failed; 0 ignored; 0 measured; 0 filtered out; finished in 0.00s

     Running tests/mesh_modifiers_test.rs (target/debug/deps/mesh_modifiers_test-770dbda1f231f3b5)

running 3 tests
test test_taper_modifier ... ok
test test_displace_noise_modifier ... ok
test test_twist_modifier ... ok

test result: ok. 3 passed; 0 failed; 0 ignored; 0 measured; 0 filtered out; finished in 0.00s

     Running tests/mesh_tests.rs (target/debug/deps/mesh_tests-d0d9e26a3e5956e3)

running 1 test
test test_cube_face_normals ... ok

test result: ok. 1 passed; 0 failed; 0 ignored; 0 measured; 0 filtered out; finished in 0.00s

     Running tests/mode7_test.rs (target/debug/deps/mode7_test-f62093f4a28b7121)

running 1 test
test test_mode7_rendering ... ok

test result: ok. 1 passed; 0 failed; 0 ignored; 0 measured; 0 filtered out; finished in 0.01s

     Running tests/nova_texture.rs (target/debug/deps/nova_texture-49e6aa09c272cd94)

running 1 test
test test_textured_cube_rendering ... ok

test result: ok. 1 passed; 0 failed; 0 ignored; 0 measured; 0 filtered out; finished in 0.00s

     Running tests/obj_loader_integration.rs (target/debug/deps/obj_loader_integration-9912968c3a207351)

running 1 test
test test_load_obj_integration ... ok

test result: ok. 1 passed; 0 failed; 0 ignored; 0 measured; 0 filtered out; finished in 0.00s

     Running tests/perspective_correction.rs (target/debug/deps/perspective_correction-a3ccf5a30535e985)

running 1 test
test test_perspective_distortion ... ok

test result: ok. 1 passed; 0 failed; 0 ignored; 0 measured; 0 filtered out; finished in 0.00s

     Running tests/phong_shading.rs (target/debug/deps/phong_shading-8d7af6e61e431d6a)

running 2 tests
test test_phong_shading_compiles_and_runs ... ok
test test_phong_shading_gradient ... ok

test result: ok. 2 passed; 0 failed; 0 ignored; 0 measured; 0 filtered out; finished in 0.00s

     Running tests/pixelate_tests.rs (target/debug/deps/pixelate_tests-b344c1c41722ce0d)

running 3 tests
test test_apply_pixelate_edge_case ... ok
test test_apply_pixelate_no_effect ... ok
test test_apply_pixelate_basic ... ok

test result: ok. 3 passed; 0 failed; 0 ignored; 0 measured; 0 filtered out; finished in 0.00s

     Running tests/platform_tests.rs (target/debug/deps/platform_tests-8fa227d4f4117e52)

running 13 tests
test event_close_can_be_constructed ... ok
test event_resize_carries_dimensions ... ok
test event_debug_format ... ok
test event_clone ... ok
test window_app_trait_surface_compiles ... ok
test mock_window_backend_blit_framebuffer ... ok
test mock_window_backend_new ... ok
test mock_window_backend_poll_events ... ok
test window_error_debug_format ... ok
test window_error_implements_std_error ... ok
test window_error_registration_failed_display ... ok
test window_host_config_default_values ... ok
test window_error_creation_failed_display ... ok

test result: ok. 13 passed; 0 failed; 0 ignored; 0 measured; 0 filtered out; finished in 0.01s

     Running tests/point_light_shading.rs (target/debug/deps/point_light_shading-06237ad3f7b458d9)

running 1 test
test test_point_light_attenuation ... ok

test result: ok. 1 passed; 0 failed; 0 ignored; 0 measured; 0 filtered out; finished in 0.01s

     Running tests/post_process_test.rs (target/debug/deps/post_process_test-a465560b27ff38ab)

running 2 tests
test test_apply_bloom_no_change ... ok
test test_apply_bloom_simple ... ok

test result: ok. 2 passed; 0 failed; 0 ignored; 0 measured; 0 filtered out; finished in 0.01s

     Running tests/procedural_tests.rs (target/debug/deps/procedural_tests-c69843c5e0049916)

running 5 tests
test test_grid_pattern ... ok
test test_grid_zero_cell_size ... ok
test test_white_noise ... ok
test test_xor_pattern ... ok
test test_plasma ... ok

test result: ok. 5 passed; 0 failed; 0 ignored; 0 measured; 0 filtered out; finished in 0.01s

     Running tests/proptest_obj.rs (target/debug/deps/proptest_obj-d9b99b429d92d6fb)

running 2 tests
test string_length_fuzz ... ok
test integer_overflow_fuzz ... ok

test result: ok. 2 passed; 0 failed; 0 ignored; 0 measured; 0 filtered out; finished in 0.17s

     Running tests/radial_blur_tests.rs (target/debug/deps/radial_blur_tests-fdab3ec99ea3f81e)

running 4 tests
test test_apply_radial_blur_no_effect ... ok
test test_apply_radial_blur_fixed_point_rounding ... ok
test test_apply_radial_blur_oob_center ... ok
test test_apply_radial_blur_basic ... ok

test result: ok. 4 passed; 0 failed; 0 ignored; 0 measured; 0 filtered out; finished in 0.01s

     Running tests/rasterizer_3d_tests.rs (target/debug/deps/rasterizer_3d_tests-608dda889c12ad5a)

running 4 tests
test test_fill_triangle_lit_custom_lighting ... ok
test test_fill_triangle_gouraud_basic ... ok
test test_fill_triangle_flat_basic ... ok
test test_fill_triangle_off_screen ... ok

test result: ok. 4 passed; 0 failed; 0 ignored; 0 measured; 0 filtered out; finished in 0.01s

     Running tests/raytracer_tests.rs (target/debug/deps/raytracer_tests-9f5d670490657830)

running 2 tests
test test_ray_aabb_intersection ... ok
test test_ray_triangle_intersection ... FAILED

failures:

---- test_ray_triangle_intersection stdout ----

thread 'test_ray_triangle_intersection' (43016) panicked at tests/raytracer_tests.rs:19:5:
t should be 5.0, got 5.001221
note: run with `RUST_BACKTRACE=1` environment variable to display a backtrace


failures:
    test_ray_triangle_intersection

test result: FAILED. 1 passed; 1 failed; 0 ignored; 0 measured; 0 filtered out; finished in 0.00s

error: test failed, to rerun pass `-p abrash --test raytracer_tests`
     Running tests/render_api_integration.rs (target/debug/deps/render_api_integration-208915d9b55da10c)

running 1 test
test test_cpu_renderer_matches_direct_tile_renderer ... ok

test result: ok. 1 passed; 0 failed; 0 ignored; 0 measured; 0 filtered out; finished in 0.02s

     Running tests/security_exploit.rs (target/debug/deps/security_exploit-fa8440ec8338530f)

running 2 tests
test tests::test_mismatched_buffers_gouraud - should panic ... ok
test tests::test_mismatched_buffers_safety - should panic ... ok

test result: ok. 2 passed; 0 failed; 0 ignored; 0 measured; 0 filtered out; finished in 0.00s

     Running tests/security_limits.rs (target/debug/deps/security_limits-a73b230db266a03d)

running 3 tests
test tests::test_framebuffer_rejects_huge_dimensions ... ok
test tests::test_buffer_size_overflow ... ok
test tests::test_zbuffer_rejects_huge_dimensions ... ok

test result: ok. 3 passed; 0 failed; 0 ignored; 0 measured; 0 filtered out; finished in 0.00s

     Running tests/security_obj_dos.rs (target/debug/deps/security_obj_dos-d71368f295e008e9)

running 1 test
test tests::test_dos_bucket_collision ... ok

test result: ok. 1 passed; 0 failed; 0 ignored; 0 measured; 0 filtered out; finished in 0.08s

     Running tests/security_obj_loader.rs (target/debug/deps/security_obj_loader-8f7eae5be62f883b)

running 7 tests
test test_negative_indices_should_fail ... ok
test test_huge_indices_should_fail ... ok
test test_huge_indices_no_panic ... ok
test test_non_finite_coordinates_should_fail ... ok
test test_valid_obj ... ok
test test_uv_index_zero_should_fail ... ok
test test_vertex_index_zero_should_fail ... ok

test result: ok. 7 passed; 0 failed; 0 ignored; 0 measured; 0 filtered out; finished in 0.01s

     Running tests/security_scanline_bounds.rs (target/debug/deps/security_scanline_bounds-7799e671bff673ad)

running 1 test
test test_scanlines_handle_out_of_bounds_y_gracefully ... ok

test result: ok. 1 passed; 0 failed; 0 ignored; 0 measured; 0 filtered out; finished in 0.00s

     Running tests/security_scanline_oob.rs (target/debug/deps/security_scanline_oob-678b68f5379e8f75)

running 2 tests
test test_draw_scanline_flat_oob ... ok
test test_draw_scanline_textured_perspective_oob ... ok

test result: ok. 2 passed; 0 failed; 0 ignored; 0 measured; 0 filtered out; finished in 0.00s

     Running tests/security_texture_limit.rs (target/debug/deps/security_texture_limit-b995f6134d487e52)

running 1 test
test test_texture_size_limit_i32_overflow ... ok

test result: ok. 1 passed; 0 failed; 0 ignored; 0 measured; 0 filtered out; finished in 0.00s

     Running tests/security_texture_overflow.rs (target/debug/deps/security_texture_overflow-9a960df46179a8e8)

running 1 test
test test_texture_overflow ... ok

test result: ok. 1 passed; 0 failed; 0 ignored; 0 measured; 0 filtered out; finished in 0.00s

     Running tests/sentry_clipping_fuzz.rs (target/debug/deps/sentry_clipping_fuzz-358136182cfd073e)

running 1 test
test fuzz_clipping ... ok

test result: ok. 1 passed; 0 failed; 0 ignored; 0 measured; 0 filtered out; finished in 0.02s

     Running tests/sentry_safety.rs (target/debug/deps/sentry_safety-26c488d1a4db4af7)

running 5 tests
test tests::test_look_at_coincident_eye_target ... ok
test tests::test_framebuffer_new_bounds ... ok
test tests::test_clear_rect_overflow ... ok
test tests::test_perspective_matrix_safety ... ok
test tests::test_trilinear_lod_safety ... ok

test result: ok. 5 passed; 0 failed; 0 ignored; 0 measured; 0 filtered out; finished in 0.01s

     Running tests/sentry_simd_consistency.rs (target/debug/deps/sentry_simd_consistency-770740bdbe19573a)

running 2 tests
test fuzz_project_triangle_to_screen ... ok
test fuzz_transform_points ... ok

test result: ok. 2 passed; 0 failed; 0 ignored; 0 measured; 0 filtered out; finished in 0.19s

     Running tests/shadow_mapping_test.rs (target/debug/deps/shadow_mapping_test-d961e21eefcabce4)

running 1 test
test tests::test_shadow_mapping_scene ... ok

test result: ok. 1 passed; 0 failed; 0 ignored; 0 measured; 0 filtered out; finished in 0.05s

     Running tests/sharpen_tests.rs (target/debug/deps/sharpen_tests-00f8ec4151ac7a02)

running 2 tests
test test_apply_sharpen_amount_zero ... ok
test test_apply_sharpen_basic ... ok

test result: ok. 2 passed; 0 failed; 0 ignored; 0 measured; 0 filtered out; finished in 0.01s

     Running tests/simd_consistency.rs (target/debug/deps/simd_consistency-14c28f33abd2db62)

running 3 tests
test test_simd_vs_scalar_overflow ... ok
test test_simd_vs_scalar_underflow ... ok
test test_project_triangle_consistency ... ok

test result: ok. 3 passed; 0 failed; 0 ignored; 0 measured; 0 filtered out; finished in 0.04s

     Running tests/simd_correctness.rs (target/debug/deps/simd_correctness-b8d5c4949983982e)

running 1 test
test test_transform_point_simd_vs_scalar ... FAILED

failures:

---- test_transform_point_simd_vs_scalar stdout ----
proptest: FileFailurePersistence::SourceParallel set, but failed to find lib.rs or main.rs

thread 'test_transform_point_simd_vs_scalar' (43086) panicked at tests/simd_correctness.rs:4:1:
Test failed: X mismatch: -5649.63 vs -5649.6304 at tests/simd_correctness.rs:42.
minimal failing input: vx = 994.61, vy = 0.0, vz = -915.62836, angle = -2.9042323, tx = 66.113495, ty = 0.0, tz = 0.0, sx = 5.9347634, sy = 0.1, sz = 0.1
	successes: 0
	local rejects: 0
	global rejects: 0

note: run with `RUST_BACKTRACE=1` environment variable to display a backtrace


failures:
    test_transform_point_simd_vs_scalar

test result: FAILED. 0 passed; 1 failed; 0 ignored; 0 measured; 0 filtered out; finished in 0.01s

error: test failed, to rerun pass `-p abrash --test simd_correctness`
     Running tests/simd_regression.rs (target/debug/deps/simd_regression-9996c1677779d8f2)

running 4 tests
test test_hiz_culling_effectiveness ... ignored, hardware-sensitive perf smoke test; run manually in --release on controlled hardware
test test_hiz_pyramid_performance_threshold ... ignored, hardware-sensitive perf smoke test; run manually in --release on controlled hardware
test test_memory_access_efficiency ... ignored, hardware-sensitive perf smoke test; run manually in --release on controlled hardware
test test_scanline_rasterization_performance ... ignored, hardware-sensitive perf smoke test; run manually in --release on controlled hardware

test result: ok. 0 passed; 0 failed; 4 ignored; 0 measured; 0 filtered out; finished in 0.00s

     Running tests/softbody_havoc.rs (target/debug/deps/softbody_havoc-4a55cf2cec3ca911)

running 1 test
test test_softbody_invalid_indices_crash ... ok

test result: ok. 1 passed; 0 failed; 0 ignored; 0 measured; 0 filtered out; finished in 0.00s

     Running tests/softbody_verify.rs (target/debug/deps/softbody_verify-9bc2bca9dfecd445)

running 2 tests
test test_softbody_physics_step ... ok
test test_softbody_spring_force ... ok

test result: ok. 2 passed; 0 failed; 0 ignored; 0 measured; 0 filtered out; finished in 0.00s

     Running tests/software_two_level_binning.rs (target/debug/deps/software_two_level_binning-6e3a178ae5fd9183)

running 1 test
test test_software_two_level_matches_single_level ... ok

test result: ok. 1 passed; 0 failed; 0 ignored; 0 measured; 0 filtered out; finished in 0.08s

     Running tests/ssao.rs (target/debug/deps/ssao-7a735b05133de4eb)

running 1 test
test test_apply_ssao_darkens_occluded_pixels ... ok

test result: ok. 1 passed; 0 failed; 0 ignored; 0 measured; 0 filtered out; finished in 0.02s

     Running tests/test_pbr.rs (target/debug/deps/test_pbr-69c4f20d7c9b5256)

running 1 test
test test_pbr_rasterization ... ok

test result: ok. 1 passed; 0 failed; 0 ignored; 0 measured; 0 filtered out; finished in 0.01s

     Running tests/texture_filtering.rs (target/debug/deps/texture_filtering-1f856e52fef198eb)

running 1 test
test test_bilinear_filtering ... ok

test result: ok. 1 passed; 0 failed; 0 ignored; 0 measured; 0 filtered out; finished in 0.00s

     Running tests/tile_renderer_textured.rs (target/debug/deps/tile_renderer_textured-40661e106f014818)

running 1 test
test test_textured_triangle_rendering ... ok

test result: ok. 1 passed; 0 failed; 0 ignored; 0 measured; 0 filtered out; finished in 0.01s

     Running tests/transform_layout_check.rs (target/debug/deps/transform_layout_check-c5072cdaa4f065ba)

running 1 test
test tests::test_vec3_f32_tuple_layout ... ok

test result: ok. 1 passed; 0 failed; 0 ignored; 0 measured; 0 filtered out; finished in 0.00s

     Running tests/transform_points_test.rs (target/debug/deps/transform_points_test-a94479ec9daf3380)

running 1 test
test test_transform_points_batch ... ok

test result: ok. 1 passed; 0 failed; 0 ignored; 0 measured; 0 filtered out; finished in 0.08s

     Running tests/transparency.rs (target/debug/deps/transparency-ec52511b1138fc02)

running 1 test
test test_transparency_blending ... ok

test result: ok. 1 passed; 0 failed; 0 ignored; 0 measured; 0 filtered out; finished in 0.00s

     Running tests/trilinear_simd.rs (target/debug/deps/trilinear_simd-10a25afc7788b066)

running 1 test
test test_trilinear_simd_correctness ... ok

test result: ok. 1 passed; 0 failed; 0 ignored; 0 measured; 0 filtered out; finished in 0.00s

     Running tests/vec3_simd_correctness.rs (target/debug/deps/vec3_simd_correctness-f9b67a0f8a1b56fd)

running 2 tests
test test_vec3_cross_simd ... ok
test test_vec3_dot_simd ... ok

test result: ok. 2 passed; 0 failed; 0 ignored; 0 measured; 0 filtered out; finished in 0.02s

     Running tests/verify_backface_culling.rs (target/debug/deps/verify_backface_culling-acb02f1919360555)

running 1 test
test test_fill_triangle_textured_culling ... ok

test result: ok. 1 passed; 0 failed; 0 ignored; 0 measured; 0 filtered out; finished in 0.00s

     Running tests/verify_bilinear.rs (target/debug/deps/verify_bilinear-5d861f74ea70849e)

running 1 test
test test_bilinear_interpolation ... ok

test result: ok. 1 passed; 0 failed; 0 ignored; 0 measured; 0 filtered out; finished in 0.00s

     Running tests/verify_gouraud.rs (target/debug/deps/verify_gouraud-e3bc0ccc18a9a1b6)

running 1 test
test test_gouraud_determinism ... ok

test result: ok. 1 passed; 0 failed; 0 ignored; 0 measured; 0 filtered out; finished in 0.01s

     Running tests/verify_scanlines.rs (target/debug/deps/verify_scanlines-8937fe32277b3c02)

running 1 test
test test_verify_scanlines_correctness ... ok

test result: ok. 1 passed; 0 failed; 0 ignored; 0 measured; 0 filtered out; finished in 0.00s

     Running tests/verify_scene_render.rs (target/debug/deps/verify_scene_render-62e53d68af6a6053)

running 1 test
test test_scene_render ... ok

test result: ok. 1 passed; 0 failed; 0 ignored; 0 measured; 0 filtered out; finished in 0.01s

     Running tests/verify_sobel.rs (target/debug/deps/verify_sobel-d09791fcca81c52c)

running 1 test
test test_apply_sobel_edge_detection ... ok

test result: ok. 1 passed; 0 failed; 0 ignored; 0 measured; 0 filtered out; finished in 0.00s

     Running tests/verify_texture_culling.rs (target/debug/deps/verify_texture_culling-b2810fb22ddbd9a5)

running 1 test
test verify_texture_culling ... ok

test result: ok. 1 passed; 0 failed; 0 ignored; 0 measured; 0 filtered out; finished in 0.02s

     Running tests/verify_textured_gouraud.rs (target/debug/deps/verify_textured_gouraud-084f152a251bd3d5)

running 1 test
test test_textured_gouraud_rendering ... ok

test result: ok. 1 passed; 0 failed; 0 ignored; 0 measured; 0 filtered out; finished in 0.00s

     Running tests/verify_textured_gouraud_bilinear.rs (target/debug/deps/verify_textured_gouraud_bilinear-76f8c2d3c40cfd90)

running 1 test
test test_textured_gouraud_bilinear_rendering ... ok

test result: ok. 1 passed; 0 failed; 0 ignored; 0 measured; 0 filtered out; finished in 0.00s

     Running tests/verify_textured_rendering.rs (target/debug/deps/verify_textured_rendering-829d9344a735e3a8)

running 1 test
test verify_textured_rendering_output ... ok

test result: ok. 1 passed; 0 failed; 0 ignored; 0 measured; 0 filtered out; finished in 0.01s

     Running tests/verify_transparency.rs (target/debug/deps/verify_transparency-ae04a8e4a8188969)

running 1 test
test test_textured_transparency ... ok

test result: ok. 1 passed; 0 failed; 0 ignored; 0 measured; 0 filtered out; finished in 0.01s

     Running tests/vignette_test.rs (target/debug/deps/vignette_test-ab3790c702427089)

running 1 test
test test_apply_vignette_darkens_corners ... ok

test result: ok. 1 passed; 0 failed; 0 ignored; 0 measured; 0 filtered out; finished in 0.00s

     Running tests/volume_test.rs (target/debug/deps/volume_test-51843acef93922b2)

running 3 tests
test test_mesh_optimization ... ok
test test_volume_creation_and_modification ... ok
test test_from_mesh_integration ... ok

test result: ok. 3 passed; 0 failed; 0 ignored; 0 measured; 0 filtered out; finished in 0.00s

     Running tests/warden_repro.rs (target/debug/deps/warden_repro-72f4ae4090045434)

running 1 test
test reproduce_project_to_screen_min_int ... ok

test result: ok. 1 passed; 0 failed; 0 ignored; 0 measured; 0 filtered out; finished in 0.00s

     Running tests/wireframe.rs (target/debug/deps/wireframe-03ab329cf8eceb80)

running 1 test
test test_fill_triangle_wireframe_draws_edges ... ok

test result: ok. 1 passed; 0 failed; 0 ignored; 0 measured; 0 filtered out; finished in 0.00s

     Running tests/zbuffer_tests.rs (target/debug/deps/zbuffer_tests-a2d7d07c7022b23a)

running 4 tests
test test_zbuffer_clear ... ok
test test_zbuffer_test_and_set_unchecked ... ok
test test_zbuffer_test_and_set ... ok
test test_zbuffer_new ... ok

test result: ok. 4 passed; 0 failed; 0 ignored; 0 measured; 0 filtered out; finished in 0.01s

     Running unittests src/lib.rs (target/debug/deps/abrash_anim-f8f74ba5f98e5b1c)

running 47 tests
test clock::tests::delta_clamped_to_max ... ok
test clock::tests::effective_phase_loop_is_just_phase ... ok
test clock::tests::effective_phase_ping_pong_reverses_odd_cycle ... ok
test clock::tests::is_finished_count ... ok
test clock::tests::is_finished_once ... ok
test clock::tests::loop_never_finishes ... ok
test clock::tests::multiple_cycles ... ok
test clock::tests::new_clock_starts_at_zero ... ok
test clock::tests::tick_advances_phase ... ok
test clock::tests::tick_past_one_triggers_cycle_boundary ... ok
test easing::tests::all_easings_end_at_one ... ok
test easing::tests::cubic_bezier_boundaries ... ok
test clock::tests::reset_clears_state ... ok
test easing::tests::ease_in_derivative_starts_at_zero ... ok
test easing::tests::ease_in_is_slow_start ... ok
test easing::tests::all_easings_start_at_zero ... ok
test easing::tests::ease_out_derivative_ends_at_zero ... ok
test easing::tests::linear_is_identity ... ok
test easing::tests::ease_out_is_fast_start ... ok
test easing::tests::linear_derivative_is_constant ... ok
test hold::tests::hold_always_returns_same_value ... ok
test hold::tests::hold_natural_duration ... ok
test hold::tests::hold_velocity_is_zero ... ok
test keyframe::tests::evaluate_at_one_returns_to ... ok
test keyframe::tests::evaluate_at_zero_returns_from ... ok
test keyframe::tests::evaluate_midpoint_linear ... ok
test keyframe::tests::natural_duration_matches ... ok
test keyframe::tests::velocity_is_zero_at_ease_in_start ... ok
test sequence::tests::sequence_evaluate_unreachable_guard - should panic ... ok
test sequence::tests::single_segment_sequence ... ok
test sequence::tests::total_duration_is_sum ... ok
test keyframe::tests::velocity_nonzero_at_midpoint ... ok
test timeline::tests::count_mode_finishes_after_n ... ok
test timeline::tests::duration_returns_total ... ok
test sequence::tests::two_equal_segments_split_evenly ... ok
test timeline::tests::completed_timeline_stays_at_final_value ... ok
test timeline::tests::easing_modifier ... ok
test sequence::tests::unequal_durations_proportional ... ok
test timeline::tests::loop_forever_never_completes ... ok
test timeline::tests::ping_pong_reverses ... ok
test timeline::tests::reset_restarts ... ok
test timeline::tests::playback_mode_accessor ... ok
test timeline::tests::sequence_builder ... ok
test timeline::tests::tween_midpoint ... ok
test timeline::tests::tween_reaches_to ... ok
test timeline::tests::tween_starts_at_from ... ok
test timeline::tests::vec3_tween ... ok

test result: ok. 47 passed; 0 failed; 0 ignored; 0 measured; 0 filtered out; finished in 0.02s

     Running unittests src/lib.rs (target/debug/deps/abrash_core-5c695aa21bb522a9)

running 1530 tests
test animatable::tests::f32_add_sub_roundtrip ... ok
test animatable::tests::f32_interpolate_midpoint ... ok
test animatable::tests::f32_distance_squared ... ok
test animatable::tests::f32_interpolate_boundaries ... ok
test animatable::tests::f32_zero ... ok
test animatable::tests::quat_interpolate_uses_slerp ... ok
test animatable::tests::transform_interpolate_lerps_position ... ok
test animatable::tests::transform_interpolate_lerps_scale ... ok
test animatable::tests::transform_interpolate_slerps_rotation ... ok
test animatable::tests::transform_zero_is_identity ... ok
test animatable::tests::f32_scale ... ok
test animatable::tests::quat_distance_squared_same_is_zero ... ok
test animatable::tests::vec2_interpolate_midpoint ... ok
test animatable::tests::vec3_add_sub_roundtrip ... ok
test animatable::tests::vec3_interpolate_midpoint ... ok
test animatable::tests::quat_zero_is_identity ... ok
test animatable::tests::vec2_zero ... ok
test animatable::tests::vec3_distance_squared ... ok
test bam::tests::additive_inverse_holds ... ok
test bam::tests::ang90_plus_ang90_is_ang180 ... ok
test bam::prop_tests::fine_angle_always_in_bounds ... ok
test bam::tests::const_table_matches_stdlib ... ok
test bam::tests::display_shows_degrees ... ok
test bam::prop_tests::wrapping_add_sub_inverse ... ok
test bam::prop_tests::sin_bounded ... ok
test bam::tests::from_radians_roundtrip ... ok
test bam::tests::full_circle_wraps_to_zero ... ok
test bam::tests::sin_cos_at_cardinal_angles ... ok
test bam::tests::sin_cos_f32_delegates_to_polynomial ... ok
test blitter::tests::blit_alpha_50_percent ... ok
test blitter::tests::blit_alpha_clipped ... ok
test blitter::tests::blit_alpha_fully_opaque ... ok
test blitter::tests::blit_alpha_fully_transparent ... ok
test blitter::tests::blit_alpha_unchecked_basic ... ok
test blitter::tests::blit_colorkey_all_transparent ... ok
test blitter::tests::blit_colorkey_clipped ... ok
test blitter::tests::blit_colorkey_skips_key_color ... ok
test blitter::tests::blit_colorkey_unchecked_basic ... ok
test blitter::tests::blit_opaque_atlas_subregion ... ok
test blitter::tests::blit_opaque_basic ... ok
test blitter::tests::blit_opaque_clipped_left ... ok
test bam::tests::from_raw_roundtrip ... ok
test bam::tests::negate_is_additive_inverse ... ok
test bam::tests::fine_angle_in_bounds ... ok
test blitter::tests::blit_opaque_unchecked_basic ... ok
test blitter::tests::blit_opaque_fully_offscreen ... ok
test blitter::tests::clip_blit_corner_diagonal ... ok
test blitter::tests::clip_blit_exact_fit ... ok
test blitter::tests::clip_blit_fully_offscreen_bottom ... ok
test blitter::tests::clip_blit_atlas_subregion ... ok
test blitter::tests::clip_blit_fully_offscreen_left ... ok
test blitter::tests::clip_blit_fully_offscreen_right ... ok
test blitter::tests::clip_blit_bottom_overflow ... ok
test blitter::tests::clip_blit_1x1_sprite ... ok
test blitter::tests::clip_blit_right_overflow ... ok
test blitter::tests::clip_blit_src_exceeds_texture ... ok
test blitter::tests::clip_blit_src_fully_outside_texture ... ok
test blitter::tests::clip_blit_top_overflow ... ok
test blitter::tests::clip_blit_zero_size_src ... ok
test blitter::tests::fill_rect_alpha_blended ... ok
test blitter::tests::fill_rect_basic ... ok
test blitter::tests::fill_rect_clipped_negative ... ok
test blitter::tests::fill_rect_fully_offscreen ... ok
test clipping::tests::test_all_inside ... ok
test clipping::tests::test_all_outside ... ok
test clipping::tests::test_epsilon_boundary ... ok
test clipping::tests::test_exact_boundary ... ok
test clipping::tests::test_frustum_all_inside ... ok
test clipping::tests::test_frustum_all_outside ... ok
test clipping::tests::test_frustum_clipping_right_plane ... ok
test clipping::tests::test_line_fully_inside ... ok
test clipping::tests::test_line_fully_outside ... ok
test clipping::tests::test_line_intersects_one_plane ... ok
test clipping::tests::test_line_on_boundary ... ok
test clipping::tests::test_line_spanning_frustum ... ok
test clipping::tests::test_one_inside ... ok
test clipping::tests::test_two_inside ... ok
test blitter::tests::clip_blit_no_clipping_needed ... ok
test blitter::tests::clip_blit_fully_offscreen_top ... ok
test blitter::tests::clip_blit_left_overflow ... ok
test color::tests::adjust_hue_360_identity ... ok
test color::tests::blend_over_half_alpha ... ok
test color::tests::adjust_hue_red_120_to_green ... ok
test color::tests::adjust_hue_preserves_alpha ... ok
test color::tests::blend_over_opaque_src_covers_dst ... ok
test color::tests::black_and_white_round_trip ... ok
test color::tests::brightness_up ... ok
test color::tests::burn_zero_divisor_clamps ... ok
test color::tests::contrast_increases_spread ... ok
test color::tests::contrast_midpoint_unchanged ... ok
test color::tests::delta_e_identical_is_zero ... ok
test color::tests::delta_e_red_vs_blue_large ... ok
test color::tests::delta_e_symmetric ... ok
test color::tests::burn_darkens ... ok
test color::tests::difference_identical_is_black ... ok
test color::tests::dodge_brightens ... ok
test color::tests::dodge_full_divisor_clamps ... ok
test color::tests::double_invert_is_identity ... ok
test color::tests::exclusion_grey_is_midgrey ... ok
test color::tests::gradient_clamps_out_of_range ... ok
test color::tests::gradient_empty_returns_black ... ok
test color::tests::gradient_endpoints ... ok
test color::tests::gradient_midpoint ... ok
test color::tests::gradient_multi_stop ... ok
test color::tests::greyscale_matches_luminance ... ok
test color::tests::hard_light_is_swapped_overlay ... ok
test color::tests::hsl_roundtrip ... ok
test color::tests::hsv_cyan_roundtrip ... ok
test color::tests::hsv_red_roundtrip ... ok
test color::tests::invert_channels ... ok
test color::tests::lerp_midpoint ... ok
test color::tests::linear_roundtrip ... ok
test color::tests::luminance_white_is_one ... ok
test color::tests::mid_grey_linearises_darker ... ok
test color::tests::oklch_grey_zero_chroma ... ok
test color::tests::oklch_hue_in_range ... ok
test color::tests::oklch_roundtrip ... ok
test color::tests::overlay_black_stays_black ... ok
test color::tests::overlay_grey_is_grey ... ok
test color::tests::overlay_white_stays_white ... ok
test color::tests::premultiply_scales_rgb ... ok
test color::tests::roundtrip_argb_u32 ... ok
test color::tests::saturation_one_is_noop ... ok
test color::tests::saturation_zero_is_greyscale ... ok
test color::tests::screen_blend_brightens ... ok
test color::tests::soft_light_grey_is_grey ... ok
test color::tests::srgb_midgrey_encodes_correctly ... ok
test color::tests::temperature_candle_is_warm ... ok
test color::tests::temperature_clamps_extremes ... ok
test color::tests::temperature_daylight_is_neutral ... ok
test color::tests::white_is_white_in_both_spaces ... ok
test color::tests::xyz_black_is_zero ... ok
test color::tests::xyz_roundtrip ... ok
test color::tests::blend_over_transparent_src_is_dst ... ok
test color::tests::brightness_clamps ... ok
test color::tests::difference_is_commutative ... ok
test culling::tests::test_cull_aabbs_matches_scalar ... ok
test culling::tests::test_cull_spheres_matches_scalar ... ok
test culling::tests::test_cull_spheres_prealloc ... ok
test culling::tests::test_frustum_intersection ... ok
test culling::tests::test_plane_distance ... ok
test culling::tests::test_plane_normalize ... ok
test curve::tests::bezier_arc_length_is_positive ... ok
test curve::tests::bezier_cubic_endpoints ... ok
test curve::tests::bezier_cubic_split_rejoins ... ok
test curve::tests::bezier_cubic_symmetric_midpoint ... ok
test curve::tests::bezier_quad_endpoints ... ok
test curve::tests::bezier_tangent_at_start_points_toward_p1 ... ok
test curve::tests::catmull_rom_arc_length_positive ... ok
test curve::tests::catmull_rom_count ... ok
test curve::tests::catmull_rom_midpoint_between_interior_points ... ok
test curve::tests::catmull_rom_passes_through_first_and_last ... ok
test curve::tests::catmull_rom_sample_count ... ok
test curve::tests::catmull_rom_straight_line_arc_length ... ok
test curve::tests::hermite_endpoints ... ok
test easing::tests::back_endpoints ... ok
test easing::tests::back_overshoots ... ok
test easing::tests::bounce_all_non_negative ... ok
test easing::tests::bounce_endpoints ... ok
test easing::tests::circ_endpoints ... ok
test easing::tests::ease_lerp_basic ... ok
test easing::tests::elastic_endpoints ... ok
test easing::tests::elastic_overshoots ... ok
test easing::tests::expo_endpoints ... ok
test easing::tests::in_out_is_symmetric ... ok
test easing::tests::linear_endpoints ... ok
test easing::tests::monotone_families ... ok
test easing::tests::polynomial_endpoints ... ok
test easing::tests::quad_in_out_midpoint ... ok
test easing::tests::sine_endpoints ... ok
test color::tests::xyz_white_point_d65 ... ok
test culling::tests::test_aabb_intersection ... ok
test fixed16_16::prop_tests::mul_commutative ... ok
test fixed16_16::tests::abs_negative_negated ... ok
test fixed16_16::tests::abs_positive_unchanged ... ok
test fixed16_16::tests::display_formatting ... ok
test fixed16_16::tests::div_basic ... ok
test fixed16_16::prop_tests::mul_by_zero_is_zero ... ok
test fixed16_16::tests::div_by_zero_panics - should panic ... ok
test fixed16_16::prop_tests::add_sub_inverse ... ok
test fixed16_16::tests::fixed_one_is_unit ... ok
test fixed16_16::tests::from_i32_trait ... ok
test fixed16_16::tests::from_raw_preserves_bits ... ok
test fixed16_16::tests::into_i32_trait ... ok
test fixed16_16::tests::lerp_endpoints ... ok
test fixed16_16::tests::lerp_midpoint ... ok
test fixed16_16::tests::mul_basic ... ok
test fixed16_16::prop_tests::mul_by_one_identity ... ok
test fixed16_16::tests::mul_by_zero ... ok
test fixed16_16::tests::operator_add_assign_sub_assign ... ok
test fixed16_16::tests::operator_add_sub ... ok
test fixed16_16::tests::operator_neg ... ok
test fixed16_16::tests::operators_consistent ... ok
test fixed16_16::tests::to_f32_roundtrip ... ok
test framebuffer::export_tests::test_export_ppm ... ok
test framebuffer::export_tests::test_export_tga ... ok
test framebuffer::tests::test_clear_entire_buffer ... ok
test framebuffer::tests::test_clear_rect_full_width ... ok
test framebuffer::tests::test_clear_rect_fully_out_of_bounds ... ok
test framebuffer::tests::test_clear_rect_negative_coordinates ... ok
test framebuffer::tests::test_clear_rect_partial_out_of_bounds ... ok
test framebuffer::tests::test_clear_rect_within_bounds ... ok
test framebuffer::tests::test_new_overflow_dimensions ... ok
test framebuffer::tests::test_new_valid ... ok
test framebuffer::tests::test_set_get_pixel_in_bounds ... ok
test framebuffer::tests::test_set_get_pixel_out_of_bounds ... ok
test fixed16_16::tests::mul_commutative ... ok
test fixed16_16::tests::div_overflow_clamps ... ok
test geometry::tests::aabb_from_sphere ... ok
test geometry::tests::aabb_grow ... ok
test geometry::tests::aabb_intersects_plane_above ... ok
test geometry::tests::aabb_intersects_plane_straddled ... ok
test geometry::tests::aabb_is_empty ... ok
test geometry::tests::aabb_merge_contains_both ... ok
test geometry::tests::aabb_volume_unit_cube ... ok
test geometry::tests::aabb_corners_count_and_containment ... ok
test geometry::tests::bounding_sphere_contained_returns_outer ... ok
test geometry::tests::bounding_sphere_from_points_encloses_all ... ok
test geometry::tests::bounding_sphere_from_points_two_antipodal ... ok
test geometry::tests::bounding_sphere_merge_contains_both ... ok
test fixed16_16::tests::from_int_roundtrip ... ok
test geometry::tests::capsule_contains_point_on_axis ... ok
test geometry::tests::capsule_intersects_capsule_crossing ... ok
test geometry::tests::bounding_sphere_from_points_empty_is_none ... ok
test geometry::tests::capsule_intersects_sphere ... ok
test geometry::tests::capsule_ray_hit_body ... ok
test geometry::tests::capsule_ray_hit_end_cap ... ok
test geometry::tests::capsule_ray_miss ... ok
test geometry::tests::capsule_to_aabb ... ok
test geometry::tests::frustum_aabb_intersect ... ok
test geometry::tests::frustum_contains_origin ... ok
test geometry::tests::frustum_sphere_intersect ... ok
test geometry::tests::obb_axis_aligned_contains_point ... ok
test geometry::tests::obb_intersects_aabb ... ok
test geometry::tests::obb_intersects_obb_overlapping ... ok
test geometry::tests::obb_intersects_obb_separated ... ok
test geometry::tests::obb_intersects_sphere ... ok
test geometry::tests::obb_ray_hit_axis_aligned ... ok
test geometry::tests::obb_ray_miss ... ok
test geometry::tests::obb_rotated_contains_and_excludes ... ok
test geometry::tests::obb_to_aabb_identity ... ok
test geometry::tests::plane_flip_negates ... ok
test geometry::tests::plane_intersect_plane_parallel_none ... ok
test geometry::tests::plane_intersect_plane_z_axis ... ok
test geometry::tests::plane_intersect_three_origin ... ok
test geometry::tests::plane_ray_intersect ... ok
test geometry::tests::plane_ray_parallel_miss ... ok
test geometry::tests::plane_signed_distance ... ok
test geometry::tests::ray_closest_point_perpendicular ... ok
test geometry::tests::ray_closest_t_perpendicular ... ok
test geometry::tests::ray_intersects_plane_behind ... ok
test framebuffer::tests::test_unsafe_set_get_pixel ... ok
test geometry::tests::capsule_contains_point_radially ... ok
test geometry::tests::capsule_intersects_capsule_separated ... ok
test geometry::tests::segment_closest_point_mid ... ok
test geometry::tests::segment_distance_sq ... ok
test geometry::tests::segment_intersects_aabb_hit ... ok
test geometry::tests::segment_intersects_aabb_miss ... ok
test geometry::tests::segment_length ... ok
test geometry::tests::segment_midpoint ... ok
test geometry::tests::ray_intersects_plane_parallel ... ok
test geometry::tests::ray_intersects_plane_hit ... ok
test geometry::tests::segment_closest_point_clamped ... ok
test geometry::tests::test_aabb_from_points_single ... ok
test geometry::tests::test_aabb_intersects_ray_struct ... ok
test geometry::tests::test_aabb_new ... ok
test geometry::tests::test_aabb_transform_identity ... ok
test geometry::tests::test_aabb_transform_rotation_90_y ... ok
test geometry::tests::test_aabb_transform_scale ... ok
test geometry::tests::test_aabb_from_points_multiple ... ok
test geometry::tests::test_aabb_transform_translation ... ok
test geometry::tests::test_cone_intersects_ray ... ok
test geometry::tests::test_cylinder_contains ... ok
test geometry::tests::test_cylinder_intersects_ray ... ok
test geometry::tests::test_cylinder_to_aabb ... ok
test geometry::tests::test_ray_sphere_intersection ... ok
test geometry::tests::test_cone_contains ... ok
test geometry::tests::test_ray_triangle_intersection ... ok
test geometry::tests::triangle_barycentric_vertices ... ok
test geometry::tests::triangle_centroid ... ok
test geometry::tests::triangle_circumcenter_equilateral ... ok
test geometry::tests::triangle_closest_point_inside ... ok
test geometry::tests::triangle_closest_point_to_vertex ... ok
test geometry::tests::triangle_degenerate_collinear ... ok
test geometry::tests::triangle_incenter_equilateral ... ok
test geometry::tests::triangle_normal_unit_xy_plane ... ok
test geometry::tests::triangle_not_degenerate ... ok
test geometry::tests::triangle_to_aabb ... ok
test gradient::tests::built_in_gradients_sample_cleanly ... ok
test gradient::tests::endpoints_return_stop_colors ... ok
test gradient::tests::midpoint_interpolation ... ok
test gradient::tests::out_of_range_clamped ... ok
test gradient::tests::sample_n_count ... ok
test gradient::tests::single_stop_always_returns_that_color ... ok
test gradient::tests::stops_sorted_on_construct ... ok
test gradient::tests::three_stop_midpoints ... ok
test gradient::tests::with_stop_inserts_correctly ... ok
test hiz_buffer::tests::test_build_pyramid_from_depths_matches_zbuffer_build ... ok
test geometry::tests::test_aabb_from_points_empty ... ok
test geometry::tests::test_aabb_center_extents ... ok
test geometry::tests::triangle_area_unit_right_angle ... ok
test hiz_buffer::tests::test_coarse_bin_invalid_pyramid_assumes_visible ... ok
test hiz_buffer::tests::test_coarse_bin_occluded_when_farther ... ok
test hiz_buffer::tests::test_coarse_bin_equal_depth_returns_true ... ok
test hiz_buffer::tests::test_coarse_bin_boundary_conditions ... ok
test hiz_buffer::tests::test_coarse_bin_multiple_regions ... ok
test hiz_buffer::tests::test_coarse_bin_offscreen_returns_false ... ok
test hiz_buffer::tests::test_fully_occluded_aabb_returns_false ... ok
test hiz_buffer::tests::test_hiz_dimensions_overflow - should panic ... ok
test hiz_buffer::tests::test_invalid_pyramid_assumes_visible ... ok
test hiz_buffer::tests::test_coarse_bin_partial_occlusion ... ok
test hiz_buffer::tests::test_coarse_bin_queries_level_2 ... ok
test hiz_buffer::tests::test_coarse_bin_visible_when_closer ... ok
test hiz_buffer::tests::test_min_reduction_propagates_to_top ... ok
test hiz_buffer::tests::test_min_reduction_simple ... ok
test hiz_buffer::tests::test_offscreen_aabb_returns_false ... ok
test hiz_buffer::tests::test_level_dimensions ... ok
test hiz_buffer::tests::test_non_power_of_two_dimensions ... ok
test hiz_buffer::tests::test_level_count_computation ... ok
test hiz_buffer::tests::test_pyramid_initially_invalid ... ok
test hiz_buffer::tests::test_partially_visible_aabb_returns_true ... ok
test hiz_buffer::tests::test_potentially_visible_aabb_returns_true ... ok
test irect::tests::center ... ok
test irect::tests::clamp_point ... ok
test irect::tests::construction ... ok
test irect::tests::contains_point ... ok
test irect::tests::contains_rect ... ok
test hiz_buffer::tests::test_partially_occluded_aabb_returns_false ... ok
test irect::tests::display ... ok
test irect::tests::empty_rect ... ok
test irect::tests::from_pos_size ... ok
test irect::tests::inflate_deflate ... ok
test irect::tests::intersect_disjoint ... ok
test irect::tests::intersect_overlap ... ok
test irect::tests::intersect_touching_edge_is_disjoint ... ok
test irect::tests::overlaps ... ok
test irect::tests::split_x_and_y ... ok
test irect::tests::translate ... ok
test irect::tests::union_disjoint ... ok
test irect::tests::union_with_empty ... ok
test ivec::tests::display_format ... ok
test ivec::tests::ivec2_basic_ops ... ok
test ivec::tests::ivec2_conversions ... ok
test ivec::tests::ivec2_dot_and_cross ... ok
test ivec::tests::ivec2_in_bounds ... ok
test ivec::tests::ivec2_length_sq ... ok
test ivec::tests::ivec2_manhattan_chebyshev ... ok
test ivec::tests::ivec2_min_max_clamp ... ok
test ivec::tests::ivec2_perp ... ok
test ivec::tests::ivec2_to_from_index ... ok
test ivec::tests::ivec2_vec2_roundtrip ... ok
test ivec::tests::ivec3_basic_ops ... ok
test ivec::tests::ivec3_chebyshev ... ok
test ivec::tests::ivec3_cross ... ok
test ivec::tests::ivec3_from_ivec2_zero_z ... ok
test ivec::tests::ivec3_in_bounds ... ok
test ivec::tests::ivec3_length_sq ... ok
test ivec::tests::ivec3_min_max ... ok
test ivec::tests::ivec3_to_index_3d ... ok
test ivec::tests::ivec3_vec3_roundtrip ... ok
test ivec::tests::ivec3_xy_extracts_correctly ... ok
test math::tests::tests::bezier_cubic_endpoints ... ok
test math::tests::tests::bezier_cubic_tangent_endpoints ... ok
test math::tests::tests::bezier_quadratic_endpoints ... ok
test math::tests::tests::catmull_rom_endpoints ... ok
test math::tests::tests::hermite_endpoints ... ok
test math::tests::tests::hermite_zero_tangent_midpoint ... ok
test math::tests::tests::mat4_row_identity ... ok
test math::tests::tests::mat4_row_translation ... ok
test math::tests::tests::test_fast_inv_sqrt_sanity ... ok
test math::tests::tests::test_fast_normalize_accuracy ... ok
test math::tests::tests::test_look_at ... ok
test math::tests::tests::test_mat2_rotation ... ok
test math::tests::tests::test_mat2_transform ... ok
test math::tests::tests::test_mat2_transform_batch ... ok
test math::tests::tests::test_mat2_transform_in_place ... ok
test math::tests::tests::test_mat4_orthographic ... ok
test math::tests::tests::test_mat4_rotation_axis_matches_rotation_y ... ok
test math::tests::tests::test_mat4_transform_points_affine_matches_transform_point ... ok
test math::tests::tests::test_mat4_transform_vector_ignores_translation ... ok
test math::tests::tests::test_mat4_transform_vectors_batch_matches_scalar ... ok
test math::tests::tests::test_perspective_projection ... ok
test math::tests::tests::test_project_to_screen_optimized_edge_cases ... ok
test math::tests::tests::test_project_to_screen_safety ... ok
test math::tests::tests::test_project_to_screen_simd_consistency ... ok
test math::tests::tests::test_reflect ... ok
test math::tests::tests::test_transform_point_simd_vs_scalar ... ok
test math::tests::tests::test_transform_points_parallel_threshold ... ok
test math::tests::tests::test_vec2_rotate ... ok
test math::tests::tests::test_vec3_barycentric_degenerate_triangle_returns_none ... ok
test math::tests::tests::test_vec3_barycentric_roundtrip ... ok
test math::tests::tests::test_vec3_clamp_length ... ok
test math::tests::tests::test_vec3_face_forward ... ok
test math::tests::tests::test_vec3_is_finite ... ok
test math::tests::tests::test_vec3_min_max ... ok
test math::tests::tests::test_vec3_normalize_zero ... ok
test math::tests::tests::test_vec3_orthonormal_basis ... ok
test math::tests::tests::test_vec3_orthonormal_basis_degenerate_input ... ok
test math::tests::tests::test_vec3_project_onto_normalized_matches_regular_projection ... ok
test math::tests::tests::test_vec3_reflect ... ok
test math::tests::tests::test_vec3_reflect_normalized_matches_reflect ... ok
test math::tests::tests::test_vec3_refract_air_to_glass ... ok
test math::tests::tests::test_vec3_refract_total_internal_reflection ... ok
test math::tests::tests::test_vec3_slerp_midpoint ... ok
test math::tests::tests::test_vec4_add ... ok
test math::tests::tests::test_vec4_dot_length_normalize ... ok
test math::tests::tests::test_vec4_min_max_clamp_distance ... ok
test math::tests::tests::test_vec4_mul_scalar ... ok
test math::tests::tests::test_vec4_new ... ok
test math::tests::tests::test_vec4_project_and_reject ... ok
test math::tests::tests::test_vec4_sub ... ok
test math::tests::tests::unproject_ortho_center ... ok
test math::tests::tests::vec2_abs ... ok
test math::tests::tests::vec2_floor_ceil_round ... ok
test math::tests::tests::vec2_fract ... ok
test math::tests::tests::vec2_reflect ... ok
test math::tests::tests::vec2_sign ... ok
test math::tests::tests::vec2_smoothstep_endpoints ... ok
test math::tests::tests::vec2_smoothstep_midpoint ... ok
test math::tests::tests::vec2_step ... ok
test math::tests::tests::vec3_floor_ceil_round_fract ... ok
test math::tests::tests::vec3_sign ... ok
test math::tests::tests::vec3_smoothstep_endpoints ... ok
test math::tests::tests::vec3_step ... ok
test math::tests::tests::vec4_abs_sign ... ok
test math::tests::tests::vec4_floor_fract_roundtrip ... ok
test math::tests::tests_mat3::angle_diff_sign ... ok
test math::tests::tests_mat3::basis_from_normal_orthonormal ... ok
test math::tests::tests_mat3::bezier_arc_length_positive ... ok
test math::tests::tests_mat3::bezier_arc_length_straight_line ... ok
test math::tests::tests_mat3::bezier_split_endpoints_preserved ... ok
test math::tests::tests_mat3::bezier_split_midpoint_matches_curve ... ok
test math::tests::tests_mat3::bspline_convex_hull ... ok
test math::tests::tests_mat3::cubic_one_real_root ... ok
test math::tests::tests_mat3::cubic_three_roots ... ok
test math::tests::tests_mat3::cylindrical_round_trip ... ok
test math::tests::tests_mat3::cylindrical_y_preserved ... ok
test math::tests::tests_mat3::kochanek_bartels_zero_params_matches_catmull_rom ... ok
test math::tests::tests_mat3::lerp_angle_basic ... ok
test math::tests::tests_mat3::lerp_angle_wraps ... ok
test math::tests::tests_mat3::mat2_determinant_rotation ... ok
test math::tests::tests_mat3::mat2_identity_is_noop ... ok
test math::tests::tests_mat3::mat2_inverse_roundtrip ... ok
test math::tests::tests_mat3::mat2_mul_rotations_compose ... ok
test math::tests::tests_mat3::normal_matrix_non_uniform_scale_corrects ... ok
test math::tests::tests_mat3::normal_matrix_pure_rotation_is_same ... ok
test math::tests::tests_mat3::quadratic_double_root ... ok
test math::tests::tests_mat3::quadratic_no_real_roots ... ok
test math::tests::tests_mat3::quadratic_two_roots ... ok
test math::tests::tests_mat3::reflect_idempotent ... ok
test math::tests::tests_mat3::reflect_point_on_plane_unchanged ... ok
test math::tests::tests_mat3::reflect_through_origin_xz_plane ... ok
test math::tests::tests_mat3::shear_identity_zero_params ... ok
test math::tests::tests_mat3::shear_x_by_y ... ok
test math::tests::tests_mat3::shear_y_by_x ... ok
test math::tests::tests_mat3::spherical_equator ... ok
test math::tests::tests_mat3::spherical_poles ... ok
test math::tests::tests_mat3::spherical_round_trip ... ok
test math::tests::tests_mat3::test_mat3_from_mat4 ... ok
test math::tests::tests_mat3::test_mat3_identity_transform ... ok
test math::tests::tests_mat3::test_mat3_inverse_identity ... ok
test math::tests::tests_mat3::test_mat3_inverse_transpose_matches_normal_transform ... ok
test math::tests::tests_mat3::test_mat3_mul ... ok
test math::tests::tests_mat3::test_mat3_rotation_y_90 ... ok
test math::tests::tests_mat3::test_mat3_transpose ... ok
test math::tests::tests_mat3::vec2_min_max_component ... ok
test math::tests::tests_mat3::vec3_min_max_component ... ok
test math::tests::tests_mat3::vec3_min_max_negative ... ok
test math::tests::tests_mat3::vec3_pow_exp_log ... ok
test math::tests::tests_mat3::vec4_component_ops ... ok
test math::tests::tests_nlerp_fix::test_nlerp_sum_zero ... ok
test hiz_buffer::tests::test_pyramid_invalidate ... ok
test math::tests::tests_pass_14::bias_b_near_one_biases_toward_one ... ok
test math::tests::tests_pass_14::bias_b_near_zero_biases_toward_zero ... ok
test math::tests::tests_pass_14::bias_extremes_clamped ... ok
test math::tests::tests_pass_14::bias_midpoint_at_half ... ok
test math::tests::tests_pass_14::ease_in_clamps_and_monotone ... ok
test math::tests::tests_pass_14::ease_in_out_midpoint ... ok
test math::tests::tests_pass_14::ease_in_out_symmetry ... ok
test math::tests::tests_pass_14::ease_out_clamps_and_monotone ... ok
test math::tests::tests_pass_14::exp_decay_at_zero_is_one ... ok
test math::tests::tests_pass_14::exp_decay_decreases_monotonically ... ok
test math::tests::tests_pass_14::exp_decay_negative_t_clamped ... ok
test math::tests::tests_pass_14::gain_midpoint_always_half ... ok
test math::tests::tests_pass_14::gain_symmetric_about_half ... ok
test math::tests::tests_pass_14::homogenize_divides_by_w ... ok
test math::tests::tests_pass_14::homogenize_unit_w ... ok
test math::tests::tests_pass_14::homogenize_zero_w_returns_zero ... ok
test math::tests::tests_pass_14::project_onto_xz_plane ... ok
test math::tests::tests_pass_14::project_orthogonal_to_normal ... ok
test math::tests::tests_pass_14::triangle_wave_extremes ... ok
test math::tests::tests_pass_14::triangle_wave_peaks ... ok
test math::tests::tests_pass_14::triangle_wave_periodic ... ok
test math::tests::tests_pass_15::inverse_lerp_degenerate_returns_zero ... ok
test math::tests::tests_pass_15::inverse_lerp_endpoints ... ok
test math::tests::tests_pass_15::inverse_lerp_is_lerp_inverse ... ok
test math::tests::tests_pass_15::inverse_lerp_midpoint ... ok
test math::tests::tests_pass_15::remap_clamped_clamps_high ... ok
test math::tests::tests_pass_15::remap_clamped_clamps_low ... ok
test math::tests::tests_pass_15::remap_clamped_midpoint ... ok
test math::tests::tests_pass_15::sign_no_zero_at_zero ... ok
test math::tests::tests_pass_15::sign_no_zero_negative ... ok
test math::tests::tests_pass_15::sign_no_zero_positive ... ok
test math::tests::tests_pass_15::step_above_edge ... ok
test math::tests::tests_pass_15::step_at_edge ... ok
test math::tests::tests_pass_15::step_below_edge ... ok
test math::tests::tests_pass_16::centroid_right_triangle ... ok
test math::tests::tests_pass_16::centroid_unit_square ... ok
test math::tests::tests_pass_16::clamp_length_at_exact_max ... ok
test math::tests::tests_pass_16::clamp_length_leaves_short_vector ... ok
test math::tests::tests_pass_16::clamp_length_shrinks_long_vector ... ok
test math::tests::tests_pass_16::point_in_square ... ok
test math::tests::tests_pass_16::point_in_triangle ... ok
test math::tests::tests_pass_16::pulse_wave_inside ... ok
test math::tests::tests_pass_16::pulse_wave_outside ... ok
test math::tests::tests_pass_16::sawtooth_periodic ... ok
test math::tests::tests_pass_16::sawtooth_ramps_0_to_1 ... ok
test math::tests::tests_pass_16::signed_area_ccw_square ... ok
test math::tests::tests_pass_16::signed_area_cw_square_negative ... ok
test math::tests::tests_pass_16::signed_area_degenerate_line ... ok
test math::tests::tests_pass_16::square_wave_duty_half ... ok
test math::tests::tests_pass_16::square_wave_duty_one_always_on ... ok
test math::tests::tests_pass_16::square_wave_duty_zero_always_off ... ok
test math::tests::tests_pass_17::frenet_frame_orthonormal ... ok
test math::tests::tests_pass_17::frenet_frame_x_axis_with_y_up ... ok
test math::tests::tests_pass_17::halton_base2_known_values ... ok
test math::tests::tests_pass_17::halton_base3_known_values ... ok
test math::tests::tests_pass_17::halton_in_unit_interval ... ok
test math::tests::tests_pass_17::halton_zero_is_zero ... ok
test math::tests::tests_pass_17::hammersley_x_is_i_over_n ... ok
test math::tests::tests_pass_17::hammersley_y_is_vdc ... ok
test math::tests::tests_pass_17::test_fast_sin_cos ... ok
test math::tests::tests_pass_17::van_der_corput_in_unit_interval ... ok
test math::tests::tests_pass_17::van_der_corput_matches_halton_base2 ... ok
test math::tests::tests_pass_18::golden_ratio_in_unit_interval ... ok
test math::tests::tests_pass_18::golden_ratio_low_discrepancy ... ok
test math::tests::tests_pass_18::morton_encode_known ... ok
test math::tests::tests_pass_18::morton_round_trip ... ok
test math::tests::tests_pass_18::morton_spatial_locality ... ok
test math::tests::tests_pass_18::octahedral_decoded_is_unit_length ... ok
test math::tests::tests_pass_18::octahedral_encode_range ... ok
test math::tests::tests_pass_18::octahedral_round_trip_axes ... ok
test math::tests::tests_pass_18::spherical_fibonacci_coverage ... ok
test math::tests::tests_pass_18::spherical_fibonacci_on_unit_sphere ... ok
test math::tests::tests_pass_18::spherical_fibonacci_poles ... ok
test math::tests::tests_pass_19::approx_eq_within_eps ... ok
test math::tests::tests_pass_19::fast_exp2_integer_inputs ... ok
test math::tests::tests_pass_19::fast_log2_one_half ... ok
test math::tests::tests_pass_19::fast_log2_powers_of_two ... ok
test math::tests::tests_pass_19::in_range_inclusive_bounds ... ok
test math::tests::tests_pass_19::median3_all_permutations ... ok
test math::tests::tests_pass_19::next_pow2_known ... ok
test math::tests::tests_pass_19::prev_pow2_known ... ok
test math::tests::tests_pass_19::smootherstep5_clamps ... ok
test math::tests::tests_pass_19::smootherstep5_endpoints_and_midpoint ... ok
test math::tests::tests_pass_19::smootherstep5_steeper_than_smoothstep_near_edges ... ok
test math::tests::tests_pass_19::smootherstep7_endpoints_and_midpoint ... ok
test math::tests::tests_pass_19::spring_converges_to_target ... ok
test math::tests::tests_pass_19::spring_no_overshoot ... ok
test math::tests::tests_pass_19::spring_stationary_stays_still ... ok
test math::tests::tests_pass_20::bayer8x8_all_in_range ... ok
test math::tests::tests_pass_20::bayer8x8_all_unique ... ok
test math::tests::tests_pass_20::bayer8x8_wraps_periodically ... ok
test math::tests::tests_pass_20::bounce_reflects_at_bounds ... ok
test math::tests::tests_pass_20::bounce_stays_in_range ... ok
test math::tests::tests_pass_20::db_round_trip ... ok
test math::tests::tests_pass_20::db_zero_is_minus_infinity ... ok
test math::tests::tests_pass_20::hash2_to_f32_in_range ... ok
test math::tests::tests_pass_20::hash_to_f32_in_range ... ok
test math::tests::tests_pass_20::pcg_hash_avalanche ... ok
test math::tests::tests_pass_20::pcg_hash_deterministic ... ok
test math::tests::tests_pass_20::snap_rounds_to_grid ... ok
test math::tests::tests_pass_20::wang_hash_deterministic ... ok
test math::tests::tests_pass_20::wang_hash_distinct_inputs ... ok
test math::tests::tests_pass_21::ease_exp_in_endpoints ... ok
test math::tests::tests_pass_21::ease_exp_out_is_mirror_of_in ... ok
test math::tests::tests_pass_21::max3_all_orderings ... ok
test math::tests::tests_pass_21::min3_all_orderings ... ok
test math::tests::tests_pass_21::pcl_biases_toward_closer_vertex ... ok
test math::tests::tests_pass_21::pcl_endpoints_exact ... ok
test math::tests::tests_pass_21::pcl_equal_w_is_linear ... ok
test math::tests::tests_pass_21::smoothstep_sine_clamps ... ok
test math::tests::tests_pass_21::smoothstep_sine_endpoints ... ok
test math::tests::tests_pass_21::tet_volume_sign_encodes_winding ... ok
test math::tests::tests_pass_21::unit_equilateral_triangle_area ... ok
test math::tests::tests_pass_21::unit_right_triangle_area ... ok
test math::tests::tests_pass_21::unit_tet_volume ... ok
test math::tests::tests_pass_22::aces_black_and_clamp ... ok
test math::tests::tests_pass_22::aces_output_in_01 ... ok
test math::tests::tests_pass_22::exposure_one_stop_doubles ... ok
test math::tests::tests_pass_22::exposure_zero_ev_identity ... ok
test math::tests::tests_pass_22::reinhard_known_values ... ok
test math::tests::tests_pass_22::reinhard_monotone ... ok
test math::tests::tests_pass_22::reinhard_white_brighter_than_plain ... ok
test math::tests::tests_pass_22::sphere_uv_in_range ... ok
test math::tests::tests_pass_22::sphere_uv_poles ... ok
test math::tests::tests_pass_22::srgb_midgrey ... ok
test math::tests::tests_pass_22::srgb_round_trip ... ok
test math::tests::tests_pass_22::view_ray_centre_forward ... ok
test math::tests::tests_pass_22::view_ray_unit_length ... ok
test math::tests::tests_pass_23::fresnel_endpoints ... ok
test math::tests::tests_pass_23::fresnel_monotone_increasing_toward_grazing ... ok
test math::tests::tests_pass_23::hsl_mid_grey_lightness ... ok
test math::tests::tests_pass_23::hsl_round_trip ... ok
test math::tests::tests_pass_23::hsv_primary_colours ... ok
test math::tests::tests_pass_23::hsv_round_trip ... ok
test math::tests::tests_pass_23::igr_in_range ... ok
test math::tests::tests_pass_23::ray_aabb_centre_shot ... ok
test math::tests::tests_pass_23::ray_aabb_miss ... ok
test math::tests::tests_pass_23::ray_plane_hits ... ok
test math::tests::tests_pass_23::ray_plane_parallel_misses ... ok
test math::tests::tests_pass_23::ray_sphere_hit_front ... ok
test math::tests::tests_pass_23::ray_sphere_miss ... ok
test math::tests::tests_pass_23::value_noise_in_range ... ok
test math::tests::tests_pass_23::value_noise_smooth ... ok
test math::tests::tests_pass_24::fbm_in_range ... ok
test math::tests::tests_pass_24::gcd_basic ... ok
test math::tests::tests_pass_24::lcm_basic ... ok
test math::tests::tests_pass_24::oklab_white_is_l1 ... ok
test math::tests::tests_pass_24::perlin_range ... ok
test math::tests::tests_pass_24::perlin_zero_at_integer_points ... ok
test math::tests::tests_pass_24::porter_duff_opaque_src ... ok
test math::tests::tests_pass_24::porter_duff_transparent_src ... ok
test math::tests::tests_pass_24::warm_vs_cool_temperature ... ok
test math::tests::tests_pass_24::worley_non_negative ... ok
test math::tests::tests_pass_25::back_in_endpoints ... ok
test math::tests::tests_pass_25::back_out_overshoots ... ok
test math::tests::tests_pass_25::cosine_hemisphere_unit_length ... ok
test math::tests::tests_pass_25::elastic_out_endpoints ... ok
test math::tests::tests_pass_25::luminance_green_dominates ... ok
test math::tests::tests_pass_25::luminance_white_and_black ... ok
test math::tests::tests_pass_25::oklab_hue_rotation_180 ... ok
test math::tests::tests_pass_25::oklab_hue_rotation_preserves_chroma ... ok
test math::tests::tests_pass_25::oklab_mix_endpoints ... ok
test math::tests::tests_pass_25::uniform_sphere_unit_length ... ok
test math::tests::tests_pass_26::ggx_geometry_in_range ... ok
test math::tests::tests_pass_26::ggx_ndf_positive ... ok
test math::tests::tests_pass_26::ggx_ndf_smooth_brighter ... ok
test math::tests::tests_pass_26::moller_trumbore_hit ... ok
test math::tests::tests_pass_26::moller_trumbore_miss ... ok
test math::tests::tests_pass_26::moller_trumbore_parallel ... ok
test math::tests::tests_pass_26::sh_y00_constant ... ok
test math::tests::tests_pass_26::sh_y1_poles ... ok
test math::tests::tests_pass_26::sh_y2_z_pole ... ok
test math::tests::tests_pass_26::uncharted2_bounded ... ok
test math::tests::tests_pass_26::uncharted2_zero_in_zero_out ... ok
test math::tests::tests_pass_27::barycentric_centroid ... ok
test math::tests::tests_pass_27::barycentric_sums_to_one ... ok
test math::tests::tests_pass_27::barycentric_vertex_a ... ok
test math::tests::tests_pass_27::bounce_in_endpoints ... ok
test math::tests::tests_pass_27::bounce_out_endpoints ... ok
test math::tests::tests_pass_27::bounce_out_monotone_overall ... ok
test math::tests::tests_pass_27::circ_in_out_endpoints ... ok
test math::tests::tests_pass_27::circ_in_slower_than_linear ... ok
test math::tests::tests_pass_27::circ_out_faster_than_linear ... ok
test math::tests::tests_pass_27::lanczos_center_is_one ... ok
test math::tests::tests_pass_27::lanczos_outside_support_is_zero ... ok
test math::tests::tests_pass_27::mitchell_catmull_rom_interpolates ... ok
test math::tests::tests_pass_27::mitchell_outside_support_is_zero ... ok
test math::tests::tests_pass_27::mitchell_recommended_approximates ... ok
test math::tests::tests_pass_27::oklch_chroma_nonnegative ... ok
test math::tests::tests_pass_27::oklch_roundtrip ... ok
test math::tests::tests_pass_24::oklab_round_trip ... ok
test math::tests::tests_pass_27::ray_disk_hit ... ok
test math::tests::tests_pass_27::ray_disk_miss_outside_radius ... ok
test math::tests::tests_pass_27::ray_disk_parallel_miss ... ok
test math::tests::tests_pass_27::sinc_zero_crossings ... ok
test math::tests::tests_pass_28::axis_angle_roundtrip ... ok
test math::tests::tests_pass_28::conjugate_undoes_rotation ... ok
test math::tests::tests_pass_28::euler_identity_is_identity ... ok
test math::tests::tests_pass_28::euler_yaw_90_matches_axis_angle ... ok
test math::tests::tests_pass_28::identity_is_unit ... ok
test math::tests::tests_pass_28::identity_rotates_nothing ... ok
test math::tests::tests_pass_28::mul_composed_rotation ... ok
test math::tests::tests_pass_28::mul_identity_is_noop ... ok
test math::tests::tests_pass_28::rotate_180_about_y ... ok
test math::tests::tests_pass_28::rotate_90_about_y ... ok
test math::tests::tests_pass_28::slerp_midpoint_is_half_angle ... ok
test math::tests::tests_pass_28::slerp_t0_is_start ... ok
test math::tests::tests_pass_28::slerp_t1_is_end ... ok
test math::tests::tests_pass_28::to_mat3_consistent_with_rotate ... ok
test math::tests::tests_pass_28::to_mat3_identity ... ok
test math::tests::tests_pass_29::closest_point_clamps_to_endpoint ... ok
test math::tests::tests_pass_29::closest_point_projects_onto_segment ... ok
test math::tests::tests_pass_29::cubic_easing_endpoints ... ok
test math::tests::tests_pass_29::erf_at_zero ... ok
test math::tests::tests_pass_29::erf_converges_to_one ... ok
test math::tests::tests_pass_29::erf_odd_function ... ok
test math::tests::tests_pass_29::gaussian_peak_at_mean ... ok
test math::tests::tests_pass_29::gaussian_standard_normal ... ok
test math::tests::tests_pass_29::project_point_above_plane ... ok
test math::tests::tests_pass_29::project_point_on_plane_unchanged ... ok
test math::tests::tests_pass_29::quad_easing_endpoints ... ok
test math::tests::tests_pass_29::quad_in_slower_than_out_at_midpoint ... ok
test math::tests::tests_pass_29::reflect_45_degree ... ok
test math::tests::tests_pass_29::reflect_vertical_normal ... ok
test math::tests::tests_pass_29::refract_normal_incidence_eta1 ... ok
test math::tests::tests_pass_29::refract_total_internal_reflection ... ok
test math::tests::tests_pass_29::sine_easing_endpoints ... ok
test math::tests::tests_pass_30::expo_easing_endpoints ... ok
test math::tests::tests_pass_30::expo_in_very_slow_at_midpoint ... ok
test math::tests::tests_pass_30::expo_out_fast_at_start ... ok
test math::tests::tests_pass_30::fbm_3d_range ... ok
test math::tests::tests_pass_30::lerp_vec2_midpoint ... ok
test math::tests::tests_pass_30::lerp_vec3_endpoints ... ok
test math::tests::tests_pass_30::perlin_3d_grid_point_near_zero ... ok
test math::tests::tests_pass_30::perlin_3d_in_range ... ok
test math::tests::tests_pass_30::perlin_3d_varies ... ok
test math::tests::tests_pass_30::segments_parallel_no_cross ... ok
test math::tests::tests_pass_30::segments_t_no_extend ... ok
test math::tests::tests_pass_30::segments_x_cross ... ok
test math::tests::tests_pass_31::back_in_out_endpoints ... ok
test math::tests::tests_pass_31::back_in_out_midpoint_is_half ... ok
test math::tests::tests_pass_31::back_in_out_overshoots_at_quarter ... ok
test math::tests::tests_pass_31::closest_point_projects_interior ... ok
test math::tests::tests_pass_31::closest_point_snaps_to_edge ... ok
test math::tests::tests_pass_31::closest_point_snaps_to_vertex ... ok
test math::tests::tests_pass_31::elastic_in_endpoints ... ok
test math::tests::tests_pass_31::elastic_in_out_endpoints ... ok
test math::tests::tests_pass_31::elastic_in_out_midpoint ... ok
test math::tests::tests_pass_31::elastic_in_slow_at_start ... ok
test math::tests::tests_pass_31::ray_capsule_direct_hit ... ok
test math::tests::tests_pass_31::ray_capsule_end_cap_hit ... ok
test math::tests::tests_pass_31::ray_capsule_miss ... ok
test math::tests::tests_pass_31::value_noise_3d_in_range ... ok
test math::tests::tests_pass_31::value_noise_3d_varies ... ok
test math::tests::tests_pass_31::worley_noise_3d_non_negative ... ok
test math::tests::tests_pass_31::worley_noise_3d_varies ... ok
test math::tests::tests_pass_27::sinc_at_zero_is_one ... ok
test math::tests::tests_pass_32::aabb_contains_origin ... ok
test math::tests::tests_pass_32::aabb_excludes_outside ... ok
test math::tests::tests_pass_32::aabb_no_overlap ... ok
test math::tests::tests_pass_32::aabb_overlap ... ok
test math::tests::tests_pass_32::quart_in_very_slow_early ... ok
test hiz_buffer::tests::test_pyramid_valid_after_build ... ok
test math::tests::tests_pass_32::quint_easing_endpoints ... ok
test math::tests::tests_pass_32::quint_slower_than_quart_midpoint ... ok
test math::tests::tests_pass_32::ray_obb_miss ... ok
test math::tests::tests_pass_32::ray_obb_rotated_45_degrees ... ok
test math::tests::tests_pass_32::xyz_black_is_black ... ok
test math::tests::tests_pass_32::xyz_round_trip ... ok
test math::tests::tests_pass_32::xyz_white_point ... ok
test math::tests::tests_pass_33::blend_hard_light_is_overlay_swapped ... ok
test math::tests::tests_pass_33::blend_multiply_black_kills ... ok
test math::tests::tests_pass_33::blend_overlay_mid_grey_identity ... ok
test math::tests::tests_pass_33::blend_screen_white_saturates ... ok
test math::tests::tests_pass_33::blend_soft_light_neutral_at_half ... ok
test math::tests::tests_pass_33::is_power_of_2_cases ... ok
test math::tests::tests_pass_33::log2_ceil_cases ... ok
test math::tests::tests_pass_33::next_power_of_2_cases ... ok
test math::tests::tests_pass_33::rotation_between_antiparallel_is_180 ... ok
test math::tests::tests_pass_33::rotation_between_identity_when_parallel ... ok
test math::tests::tests_pass_33::rotation_between_x_to_y ... ok
test math::tests::tests_pass_34::depth_at_far_returns_far ... ok
test math::tests::tests_pass_34::depth_at_near_returns_near ... ok
test math::tests::tests_pass_34::depth_midpoint_is_nonlinear ... ok
test math::tests::tests_pass_34::spheremap_forward_z_encodes_to_centre ... ok
test math::tests::tests_pass_34::spheremap_round_trip ... ok
test math::tests::tests_pass_34::triangle_normal_ccw_vs_cw_opposite ... ok
test math::tests::tests_pass_34::triangle_normal_xy_plane_points_z ... ok
test math::tests::tests_pass_35::checkerboard_alternates ... ok
test math::tests::tests_pass_35::checkerboard_diagonal_same ... ok
test math::tests::tests_pass_35::marble_in_range ... ok
test math::tests::tests_pass_35::marble_varies ... ok
test math::tests::tests_pass_35::snorm_2x16_extremes ... ok
test math::tests::tests_pass_35::snorm_2x16_round_trip ... ok
test math::tests::tests_pass_35::turbulence_non_negative ... ok
test math::tests::tests_pass_35::turbulence_varies ... ok
test math::tests::tests_pass_35::unorm_4x8_clamps ... ok
test math::tests::tests_pass_35::unorm_4x8_round_trip ... ok
test math::tests::tests_pass_36::bilinear_constant ... ok
test math::tests::tests_pass_36::bilinear_corners ... ok
test math::tests::tests_pass_36::bilinear_midpoint ... ok
test math::tests::tests_pass_36::tangent_is_unit_length ... ok
test math::tests::tests_pass_36::tangent_xy_aligned_is_x ... ok
test math::tests::tests_pass_36::worley_f1_f2_ordering ... ok
test math::tests::tests_pass_36::worley_f1_matches_worley_noise_2d ... ok
test math::tests::tests_pass_36::worley_f2_minus_f1_non_negative ... ok
test math::tests::tests_pass_37::cielab_black_l_is_0 ... ok
test math::tests::tests_pass_37::cielab_round_trip ... ok
test math::tests::tests_pass_37::cielab_white_l_is_100 ... ok
test math::tests::tests_pass_37::ggx_low_roughness_peaks_at_z ... ok
test math::tests::tests_pass_37::ggx_sample_unit_vector ... ok
test math::tests::tests_pass_37::ggx_sample_upper_hemisphere ... ok
test math::tests::tests_pass_37::uv_rotate_90_from_centre_right ... ok
test math::tests::tests_pass_37::uv_rotate_zero_is_identity ... ok
test math::tests::tests_pass_38::aabb_inside_identity_frustum ... ok
test math::tests::tests_pass_38::aabb_outside_identity_frustum ... ok
test math::tests::tests_pass_38::frustum_identity_planes_bracket_ndc ... ok
test math::tests::tests_pass_38::frustum_planes_count ... ok
test math::tests::tests_pass_38::signed_angle_half_turn ... ok
test math::tests::tests_pass_38::signed_angle_quarter_turn_negative ... ok
test math::tests::tests_pass_38::signed_angle_quarter_turn_positive ... ok
test math::tests::tests_pass_38::slerp_endpoints ... ok
test math::tests::tests_pass_38::slerp_midpoint_is_diagonal ... ok
test math::tests::tests_pass_38::slerp_output_is_unit ... ok
test math::tests::tests_pass_38::slerp_parallel_fallback_is_unit ... ok
test math::tests::tests_pass_38::sphere_inside_identity_frustum ... ok
test math::tests::tests_pass_38::sphere_outside_identity_frustum ... ok
test math::tests::tests_pass_39::gold_noise_differs_by_seed ... ok
test math::tests::tests_pass_39::gold_noise_in_range ... ok
test math::tests::tests_pass_32::quart_easing_endpoints ... ok
test math::tests::tests_pass_32::ray_obb_axis_aligned_hit ... ok
test math::tests::tests_pass_39::ign_in_range ... ok
test math::tests::tests_pass_39::ign_temporal_shifts_each_frame ... ok
test math::tests::tests_pass_39::pingpong_bounded ... ok
test math::tests::tests_pass_39::pingpong_peaks_at_length ... ok
test math::tests::tests_pass_39::pingpong_returns_at_double ... ok
test math::tests::tests_pass_39::pingpong_zero_at_start ... ok
test math::tests::tests_pass_39::smooth_max_poly_blends_between ... ok
test math::tests::tests_pass_39::smooth_min_exp_approaches_min ... ok
test math::tests::tests_pass_39::smooth_min_exp_symmetric ... ok
test math::tests::tests_pass_39::smooth_min_max_poly_symmetric ... ok
test math::tests::tests_pass_39::smooth_min_poly_blends_between ... ok
test math::tests::tests_pass_39::wrap_angle_full_circle ... ok
test math::tests::tests_pass_39::wrap_angle_identity_near_zero ... ok
test math::tests::tests_pass_39::wrap_angle_negative_full_circle ... ok
test math::tests::tests_pass_40::beer_lambert_known_value ... ok
test math::tests::tests_pass_40::beer_lambert_zero_distance_is_one ... ok
test math::tests::tests_pass_40::gaussian_kernel_center_is_max ... ok
test math::tests::tests_pass_40::gaussian_kernel_correct_size ... ok
test math::tests::tests_pass_40::gaussian_kernel_sums_to_one ... ok
test math::tests::tests_pass_40::gaussian_kernel_symmetric ... ok
test math::tests::tests_pass_40::henyey_greenstein_forward_scatter_peaks_forward ... ok
test math::tests::tests_pass_40::henyey_greenstein_isotropic ... ok
test math::tests::tests_pass_40::refract_normal_incidence_passes_through ... ok
test math::tests::tests_pass_40::refract_total_internal_reflection ... ok
test math::tests::tests_pass_40::rodrigues_90_degrees_around_z ... ok
test math::tests::tests_pass_40::rodrigues_preserves_length ... ok
test math::tests::tests_pass_40::rodrigues_zero_angle_identity ... ok
test math::tests::tests_pass_40::swing_twist_identity_gives_identity_parts ... ok
test math::tests::tests_pass_40::swing_twist_pure_twist_round_trips ... ok
test math::tests::tests_pass_41::contrast_one_is_identity ... ok
test math::tests::tests_pass_41::contrast_zero_gives_midpoint ... ok
test math::tests::tests_pass_41::height_to_normal_flat_is_up ... ok
test math::tests::tests_pass_41::height_to_normal_is_unit ... ok
test math::tests::tests_pass_41::mip_level_increases_with_derivatives ... ok
test math::tests::tests_pass_41::mip_level_zero_for_tiny_derivatives ... ok
test math::tests::tests_pass_41::saturation_factor_one_is_identity ... ok
test math::tests::tests_pass_41::saturation_factor_zero_gives_greyscale ... ok
test math::tests::tests_pass_41::saturation_output_clamped ... ok
test math::tests::tests_pass_41::sobel_flat_image_zero_gradient ... ok
test math::tests::tests_pass_41::sobel_vertical_edge_detects_gx ... ok
test math::tests::tests_pass_41::trilinear_center_averages ... ok
test math::tests::tests_pass_41::trilinear_corner_values ... ok
test math::tests::tests_pass_42::bisect_sin_root ... ok
test math::tests::tests_pass_42::bisect_sqrt2 ... ok
test math::tests::tests_pass_42::delta_e_identical_colours ... ok
test math::tests::tests_pass_42::delta_e_known_value ... ok
test math::tests::tests_pass_42::delta_e_symmetric ... ok
test math::tests::tests_pass_42::horner_constant_poly ... ok
test math::tests::tests_pass_42::horner_linear ... ok
test math::tests::tests_pass_42::horner_quadratic ... ok
test math::tests::tests_pass_42::newton_cube_root ... ok
test math::tests::tests_pass_42::newton_sqrt2 ... ok
test math::tests::tests_pass_42::yuv_bt601_black_round_trip ... ok
test math::tests::tests_pass_42::yuv_bt601_grey_uv_zero ... ok
test math::tests::tests_pass_42::yuv_bt601_white_round_trip ... ok
test math::tests::tests_pass_44::closest_point_clamps_to_endpoint ... ok
test math::tests::tests_pass_44::closest_point_midpoint ... ok
test math::tests::tests_pass_44::closest_segments_parallel ... ok
test math::tests::tests_pass_44::fit_plane_xy_plane ... ok
test math::tests::tests_pass_44::givens_zeroes_lower ... ok
test math::tests::tests_pass_44::gram_schmidt_orthonormal ... ok
test math::tests::tests_pass_44::polygon_area_unit_square ... ok
test math::tests::tests_pass_44::ray_hits_cone ... ok
test math::tests::tests_pass_44::ray_hits_cylinder_along_x ... ok
test math::tests::tests_pass_44::regression_perfect_line ... ok
test math::tests::tests_pass_44::solve_2x2_known ... ok
test math::tests::tests_pass_39::pcg32_hash_2d_not_symmetric ... ok
test math::tests::tests_pass_39::pcg32_output_differs_by_one_input ... ok
test math::tests::tests_pass_44::spheres_not_overlapping ... ok
test math::tests::tests_pass_44::solve_2x2_singular ... ok
test math::tests::tests_pass_44::winding_number_inside_square ... ok
test math::tests::tests_pass_45::angular_lerp_wraps ... ok
test math::tests::tests_pass_45::delta_angle_short_path ... ok
test math::tests::tests_pass_45::angular_lerp_midpoint ... ok
test math::tests::tests_pass_45::exp_smooth_alpha_one_tracks_instantly ... ok
test math::tests::tests_pass_44::spheres_overlapping ... ok
test math::tests::tests_pass_45::exp_smooth_alpha_zero_no_change ... ok
test math::tests::tests_pass_45::exp_smooth_converges ... ok
test math::tests::tests_pass_45::half_life_round_trip ... ok
test math::tests::tests_pass_45::one_euro_static_signal_converges ... ok
test math::tests::tests_pass_45::smooth_damp_converges_to_target ... ok
test math::tests::tests_pass_45::smooth_damp_no_overshoot ... ok
test math::tests::tests_pass_45::one_euro_output_bounded_by_inputs ... ok
test math::tests::tests_pass_44::solve_3x3_diagonal ... ok
test math::tests::tests_pass_45::welford_mean_correct ... ok
test math::tests::tests_pass_45::half_life_decay_correct ... ok
test math::tests::tests_pass_45::welford_variance_correct ... ok
test math::tests::tests_pass_46::fibonacci_hash_distributes ... ok
test math::tests::tests_pass_46::gray_code_adjacent_one_bit_diff ... ok
test math::tests::tests_pass_46::gray_code_round_trip ... ok
test math::tests::tests_pass_46::morton_3d_origin ... ok
test math::tests::tests_pass_46::morton_3d_round_trip ... ok
test math::tests::tests_pass_46::oct_decoded_is_unit ... ok
test math::tests::tests_pass_46::oct_round_trip_poles ... ok
test math::tests::tests_pass_46::reverse_bits_involution ... ok
test math::tests::tests_pass_46::reverse_bits_produces_distinct_outputs ... ok
test math::tests::tests_pass_47::euler_exponential_decay ... ok
test math::tests::tests_pass_47::curl_noise_nonzero ... ok
test math::tests::tests_pass_47::euler_linear_ode_exact ... ok
test math::tests::tests_pass_47::height_blend_above_threshold ... ok
test math::tests::tests_pass_47::rayleigh_phase_forward_peaks ... ok
test math::tests::tests_pass_47::height_blend_at_threshold_is_half ... ok
test math::tests::tests_pass_47::height_blend_below_threshold ... ok
test math::tests::tests_pass_47::rayleigh_phase_symmetric ... ok
test math::tests::tests_pass_47::slope_flat_is_zero ... ok
test math::tests::tests_pass_47::rk4_known_solution ... ok
test math::tests::tests_pass_47::slope_ramp_nonzero ... ok
test math::tests::tests_pass_47::rk4_more_accurate_than_euler ... ok
test math::tests::tests_pass_48::box_muller_known_values ... ok
test math::tests::tests_pass_47::verlet_free_fall ... ok
test math::tests::tests_pass_48::balance_heuristic_sums_to_one ... ok
test math::tests::tests_pass_48::box_muller_outputs_finite ... ok
test math::tests::tests_pass_48::concentric_disk_inside_unit_disk ... ok
test math::tests::tests_pass_48::power_heuristic_dominant_pdf_near_one ... ok
test math::tests::tests_pass_48::power_heuristic_equal_pdfs_half ... ok
test math::tests::tests_pass_48::concentric_disk_origin_maps_to_origin ... ok
test math::tests::tests_pass_48::sample_triangle_sums_to_one ... ok
test math::tests::tests_pass_48::stratified_jitter_correct_count ... ok
test math::tests::tests_pass_48::sample_triangle_weights_nonneg ... ok
test math::tests::tests_pass_48::stratified_jitter_in_unit_square ... ok
test math::tests::tests_pass_48::tent_sample_endpoints ... ok
test math::tests::tests_pass_48::tent_sample_midpoint_is_zero ... ok
test math::tests::tests_pass_49::billow_fbm_nonnegative ... ok
test math::tests::tests_pass_48::tent_sample_in_range ... ok
test math::tests::tests_pass_49::domain_warp_2d_differs_from_fbm ... ok
test math::tests::tests_pass_49::curl_noise_3d_finite ... ok
test math::tests::tests_pass_49::curl_noise_3d_nonzero ... ok
test math::tests::tests_pass_49::domain_warp_2d_finite ... ok
test math::tests::tests_pass_49::perlin_2d_integer_coords_near_zero ... ok
test math::tests::tests_pass_49::fbm_ridged_2d_nonnegative ... ok
test math::tests::tests_pass_49::perlin_2d_in_range ... ok
test math::tests::tests_pass_49::ridged_fbm_differs_from_fbm ... ok
test math::tests::tests_pass_49::ridged_fbm_nonnegative ... ok
test math::tests::tests_pass_49::voronoi_smooth_varies_with_k ... ok
test math::tests::tests_pass_50::convolve_box_filter_sums ... ok
test math::tests::tests_pass_49::voronoi_smooth_2d_finite ... ok
test math::tests::tests_pass_50::convolve_output_length ... ok
test math::tests::tests_pass_50::finite_diff_polynomial ... ok
test math::tests::tests_pass_50::finite_diff_sin_derivative ... ok
test math::tests::tests_pass_50::covariance_identical_series ... ok
test math::tests::tests_pass_50::simpson_more_accurate_than_trapezoid ... ok
test math::tests::tests_pass_50::pearson_anti_correlation ... ok
test math::tests::tests_pass_50::simpson_quadratic ... ok
test math::tests::tests_pass_50::pearson_perfect_correlation ... ok
test math::tests::tests_pass_50::zero_crossings_sine ... ok
test math::tests::tests_pass_50::zero_crossings_flat ... ok
test math::tests::tests_pass_50::trapezoid_constant_function ... ok
test math::tests::tests_pass_50::trapezoid_linear_function ... ok
test math::tests::tests_pass_51::hull_square ... ok
test math::tests::tests_pass_51::hull_triangle ... ok
test math::tests::tests_pass_51::ik_end_reaches_target ... ok
test math::tests::tests_pass_51::ik_out_of_reach_extends ... ok
test math::tests::tests_pass_51::point_in_unit_square_hull ... ok
test math::tests::tests_pass_51::r2_covers_all_quadrants ... ok
test math::tests::tests_pass_51::arc_param_endpoints ... ok
test math::tests::tests_pass_51::arc_param_midpoint_straight_line ... ok
test math::tests::tests_pass_51::hull_collinear_excluded ... ok
test math::tests::tests_pass_51::sobol_in_unit_square ... ok
test math::tests::tests_pass_51::r2_in_unit_square ... ok
test math::tests::tests_pass_51::spring_converges_to_target ... ok
test math::tests::tests_pass_52::capsule_no_overlap ... ok
test math::tests::tests_pass_51::sobol_first_sample_origin ... ok
test math::tests::tests_pass_51::spring_no_overshoot ... ok
test math::tests::tests_pass_52::circumcenter_equidistant ... ok
test math::tests::tests_pass_52::capsule_overlap_parallel ... ok
test math::tests::tests_pass_52::circumcenter_right_triangle ... ok
test math::tests::tests_pass_52::in_circumcircle_inside ... ok
test math::tests::tests_pass_52::obb_rotated_overlap ... ok
test math::tests::tests_pass_52::orient_ccw_positive ... ok
test math::tests::tests_pass_52::orient_collinear_zero ... ok
test math::tests::tests_pass_52::orient_cw_negative ... ok
test math::tests::tests_pass_52::sat_overlapping_squares ... ok
test math::tests::tests_pass_52::sat_separated_squares ... ok
test math::tests::tests_pass_52::sphere_capsule_no_overlap ... ok
test math::tests::tests_pass_52::sphere_capsule_overlap ... ok
test math::tests::tests_pass_53::box_inside_negative ... ok
test math::tests::tests_pass_53::box_outside_positive_corner ... ok
test math::tests::tests_pass_53::box_surface_face ... ok
test math::tests::tests_pass_53::capsule_at_endcap ... ok
test math::tests::tests_pass_53::capsule_on_side_surface ... ok
test math::tests::tests_pass_53::cylinder_finite_inside ... ok
test math::tests::tests_pass_53::cylinder_finite_outside_cap ... ok
test math::tests::tests_pass_53::cylinder_inside_negative ... ok
test math::tests::tests_pass_53::cylinder_on_surface ... ok
test math::tests::tests_pass_53::op_intersect_picks_max ... ok
test math::tests::tests_pass_53::op_onion_creates_shell ... ok
test math::tests::tests_pass_53::op_round_inflates ... ok
test math::tests::tests_pass_53::op_subtract_removes_b ... ok
test math::tests::tests_pass_53::op_union_picks_min ... ok
test math::tests::tests_pass_53::repeat_maps_to_cell ... ok
test math::tests::tests_pass_53::repeat_origin_unchanged ... ok
test math::tests::tests_pass_53::smooth_union_blends_near_boundary ... ok
test math::tests::tests_pass_53::sphere_inside_negative ... ok
test math::tests::tests_pass_53::sphere_outside_positive ... ok
test math::tests::tests_pass_53::sphere_surface_zero ... ok
test math::tests::tests_pass_53::torus_inside_negative ... ok
test math::tests::tests_pass_53::torus_on_surface ... ok
test math::tests::tests_pass_54::blackbody_cool_is_bluish ... ok
test math::tests::tests_pass_54::blackbody_finite_values ... ok
test math::tests::tests_pass_54::blackbody_warm_is_reddish ... ok
test math::tests::tests_pass_54::hash_vec3_diverse ... ok
test math::tests::tests_pass_54::hash_vec3_on_unit_sphere ... ok
test math::tests::tests_pass_54::hilbert_covers_all_cells ... ok
test math::tests::tests_pass_54::hilbert_origin_is_zero ... ok
test math::tests::tests_pass_54::hilbert_round_trip ... ok
test math::tests::tests_pass_54::lowbias32_distinct_inputs ... ok
test math::tests::tests_pass_54::lowbias32_nonzero_for_one ... ok
test math::tests::tests_pass_54::murmur3_known_value ... ok
test math::tests::tests_pass_54::xyz_d65_white_is_white ... ok
test math::tests::tests_pass_54::xyz_rgb_round_trip ... ok
test math::tests::tests_pass_55::apply_window_hann_zeroes_first_sample ... ok
test math::tests::tests_pass_52::obb_axis_aligned_separated ... ok
test math::tests::tests_pass_52::in_circumcircle_outside ... ok
test math::tests::tests_pass_52::obb_axis_aligned_overlap ... ok
test math::tests::tests_pass_55::blackman_larger_sidelobe_suppression ... ok
test math::tests::tests_pass_55::blackman_in_range ... ok
test math::tests::tests_pass_55::apply_window_length_preserved ... ok
test math::tests::tests_pass_55::dct_constant_signal_dc_only ... ok
test math::tests::tests_pass_55::hamming_nonzero_at_endpoints ... ok
test math::tests::tests_pass_55::hann_in_range ... ok
test math::tests::tests_pass_55::hann_peak_at_centre ... ok
test math::tests::tests_pass_55::hann_zero_at_endpoints ... ok
test math::tests::tests_pass_55::rms_constant_signal ... ok
test math::tests::tests_pass_55::rms_empty_is_zero ... ok
test math::tests::tests_pass_55::rms_sine_half_amplitude ... ok
test math::tests::tests_pass_55::sdf_normal_box_face ... ok
test math::tests::tests_pass_55::sdf_normal_is_unit_length ... ok
test math::tests::tests_pass_55::sdf_normal_sphere_points_outward ... ok
test math::tests::tests_pass_56::cascade_splits_endpoints ... ok
test math::tests::tests_pass_56::cascade_splits_monotone ... ok
test math::tests::tests_pass_56::half_float_inf_preserved ... ok
test math::tests::tests_pass_56::half_float_round_trip_common_values ... ok
test math::tests::tests_pass_56::half_float_zero_roundtrip ... ok
test math::tests::tests_pass_56::reconstruct_normal_clamps_oob ... ok
test math::tests::tests_pass_56::reconstruct_normal_is_unit ... ok
test math::tests::tests_pass_56::reconstruct_upward_normal ... ok
test math::tests::tests_pass_56::reverse_z_far_approaches_zero ... ok
test math::tests::tests_pass_56::reverse_z_near_maps_to_one ... ok
test math::tests::tests_pass_56::taa_jitter_in_half_pixel_range ... ok
test math::tests::tests_pass_56::taa_jitter_varies_per_frame ... ok
test math::tests::tests_pass_57::cardinal_endpoints_pass_through_p1_p2 ... ok
test math::tests::tests_pass_57::cardinal_tension_zero_matches_catmull_rom ... ok
test math::tests::tests_pass_57::critically_damped_no_overshoot ... ok
test math::tests::tests_pass_57::ev100_higher_iso_lowers_ev ... ok
test math::tests::tests_pass_57::ev100_standard_daylight ... ok
test math::tests::tests_pass_57::ev100_to_exposure_positive ... ok
test math::tests::tests_pass_57::log_average_constant_field ... ok
test math::tests::tests_pass_57::log_average_empty_is_zero ... ok
test math::tests::tests_pass_57::look_at_forward_z_is_identity ... ok
test math::tests::tests_pass_57::look_at_returns_unit_quat ... ok
test math::tests::tests_pass_57::nlerp_equal_weights_midpoint ... ok
test math::tests::tests_pass_55::dct_empty_returns_empty ... ok
test math::tests::tests_pass_55::hamming_in_range ... ok
test math::tests::tests_pass_55::dct_round_trip ... ok
test math::tests::tests_pass_57::overdamped_decays_to_zero ... ok
test math::tests::tests_pass_58::barrel_no_distortion_at_origin ... ok
test math::tests::tests_pass_58::barrel_positive_k_expands ... ok
test math::tests::tests_pass_58::ellipsoid_far_point_is_positive ... ok
test math::tests::tests_pass_58::ellipsoid_on_surface_near_zero ... ok
test math::tests::tests_pass_58::ellipsoid_origin_is_negative ... ok
test math::tests::tests_pass_58::elongate_clamps_inside_h ... ok
test math::tests::tests_pass_58::elongate_identity_when_h_zero ... ok
test math::tests::tests_pass_57::underdamped_oscillates ... ok
test math::tests::tests_pass_58::barrel_negative_k_contracts ... ok
test math::tests::tests_pass_58::hex_prism_centre_inside ... ok
test math::tests::tests_pass_57::nlerp_single_quat_returns_self ... ok
test math::tests::tests_pass_58::smooth_intersect_recovers_hard_intersect_at_k0 ... ok
test math::tests::tests_pass_58::smooth_intersect_smaller_than_hard_near_boundary ... ok
test math::tests::tests_pass_58::smooth_subtract_blends_near_boundary ... ok
test math::tests::tests_pass_58::smooth_subtract_recovers_hard_subtract_at_k0 ... ok
test math::tests::tests_pass_58::twist_preserves_y_and_radius ... ok
test math::tests::tests_pass_58::twist_zero_k_is_identity ... ok
test math::tests::tests_pass_59::fog_exp2_one_at_zero_dist ... ok
test math::tests::tests_pass_59::fog_exp_decays_with_distance ... ok
test math::tests::tests_pass_59::fog_exp_one_at_zero_dist ... ok
test math::tests::tests_pass_59::fog_linear_clamped_beyond_end ... ok
test math::tests::tests_pass_59::fog_linear_clear_at_start ... ok
test math::tests::tests_pass_59::fog_linear_full_at_end ... ok
test math::tests::tests_pass_59::ggx_d_higher_at_normal_incidence ... ok
test math::tests::tests_pass_59::ggx_d_positive ... ok
test math::tests::tests_pass_59::projectile_at_t0_is_pos0 ... ok
test math::tests::tests_pass_58::hex_prism_far_above_outside ... ok
test math::tests::tests_pass_58::pyramid_centre_inside ... ok
test math::tests::tests_pass_59::projectile_falls_under_gravity ... ok
test math::tests::tests_pass_59::rnm_blend_result_is_unit_length ... ok
test math::tests::tests_pass_59::smith_g_one_at_normal_incidence_low_roughness ... ok
test math::tests::tests_pass_59::smith_g_range_zero_to_one ... ok
test math::tests::tests_pass_59::solid_angle_decreases_with_distance ... ok
test math::tests::tests_pass_59::solid_angle_hemisphere_at_surface ... ok
test math::tests::tests_scalar_utils::cubic_bezier_endpoints ... ok
test math::tests::tests_scalar_utils::map_range_basic ... ok
test math::tests::tests_scalar_utils::ping_pong_basic ... ok
test math::tests::tests_scalar_utils::quadratic_bezier_endpoints ... ok
test math::tests::tests_scalar_utils::test_fast_atan2_accuracy ... ok
test math::tests::tests_scalar_utils::test_lerp ... ok
test math::tests::tests_scalar_utils::test_remap ... ok
test math::tests::tests_scalar_utils::test_saturate ... ok
test math::tests::tests_scalar_utils::test_smootherstep_edges ... ok
test math::tests::tests_scalar_utils::test_smoothstep_edges ... ok
test math::tests::tests_scalar_utils::test_vec2_from_to_angle ... ok
test math::tests::tests_scalar_utils::test_vec2_splat_and_axes ... ok
test math::tests::tests_pass_59::rnm_blend_flat_with_flat_is_flat ... ok
test math::tests::tests_scalar_utils::test_vec3_constants ... ok
test math::tests::tests_pass_58::pyramid_far_outside ... ok
test math::tests::tests_scalar_utils::test_vec4_completions ... ok
test math::tests::tests_scalar_utils::vec2_angle_to_ccw ... ok
test math::tests::tests_scalar_utils::vec2_angle_to_cw_negative ... ok
test math::tests::tests_scalar_utils::vec2_from_to_polar_roundtrip ... ok
test math::tests::tests_sentry::convex_hull_2d_nan_no_panic ... ok
test math::tests::tests_scalar_utils::wrap_basic ... ok
test math::tests::tests_sentry::convex_hull_2d_empty_no_panic ... ok
test mesh::tests::test_mesh_new_and_default ... ok
test mesh::tests::test_mesh_with_capacity ... ok
test mesh::tests_bounding_sphere::calculate_bounding_sphere_empty ... ok
test mesh::tests_bounding_sphere::calculate_bounding_sphere_single_vertex ... ok
test mesh::tests_bounding_sphere::calculate_bounding_sphere_two_vertices ... ok
test mesh::tests_generated::cube ... ok
test mesh::tests_generated::cylinder ... ok
test mesh::tests_generated::plane ... ok
test mesh::tests_generated::sphere ... ok
test mesh::tests_generated::torus ... ok
test mesh::tests_normals::compute_face_normals_simple_triangle ... ok
test mesh::tests_tangents::compute_tangents_missing_data_early_exit ... ok
test mesh::tests_tangents::compute_tangents_simple_quad ... ok
test noise::tests::billow_3d_deterministic ... ok
test noise::tests::billow_3d_non_negative ... ok
test noise::tests::billow_range ... ok
test noise::tests::cellular_noise_2d_deterministic ... ok
test noise::tests::cellular_noise_2d_in_range ... ok
test noise::tests::cellular_noise_2d_zero_jitter_smooth ... ok
test noise::tests::cellular_noise_3d_deterministic ... ok
test noise::tests::cellular_noise_3d_in_range ... ok
test noise::tests::curl_2d_deterministic ... ok
test noise::tests::curl_2d_nonzero ... ok
test noise::tests::curl_3d_deterministic ... ok
test noise::tests::curl_3d_nonzero ... ok
test noise::tests::domain_warp_3d_deterministic ... ok
test noise::tests::domain_warp_3d_varies_with_strength ... ok
test noise::tests::domain_warp_deterministic ... ok
test noise::tests::fbm_range_2d ... ok
test noise::tests::fbm_simplex_2d_range ... ok
test noise::tests::fbm_simplex_3d_range ... ok
test noise::tests::fbm_simplex_deterministic ... ok
test noise::tests::fbm_value_3d_deterministic ... ok
test noise::tests::fbm_value_3d_in_range ... ok
test noise::tests::fbm_value_3d_single_octave_matches_value_noise ... ok
test noise::tests::gabor_deterministic ... ok
test noise::tests::fbm_range_3d ... ok
test noise::tests::gabor_in_range ... ok
test noise::tests::gabor_orientation_differs ... ok
test noise::tests::gabor_nonzero ... ok
test noise::tests::gradient_noise_lattice_points_near_zero ... ok
test noise::tests::gradient_noise_range_2d ... ok
test noise::tests::noise_is_deterministic ... ok
test noise::tests::ridge_3d_deterministic ... ok
test noise::tests::ridge_3d_in_range ... ok
test noise::tests::ridge_3d_more_octaves_varies ... ok
test noise::tests::ridge_range ... ok
test noise::tests::simplex_2d_deterministic ... ok
test noise::tests::simplex_2d_not_constant ... ok
test noise::tests::simplex_2d_range ... ok
test noise::tests::simplex_3d_deterministic ... ok
test noise::tests::simplex_3d_range ... ok
test noise::tests::turbulence_3d_deterministic ... ok
test noise::tests::turbulence_3d_in_range ... ok
test noise::tests::gradient_noise_range_3d ... ok
test noise::tests::turbulence_range_2d ... ok
test noise::tests::value_noise_continuity ... ok
test noise::tests::value_noise_range_2d ... ok
test noise::tests::value_noise_range_3d ... ok
test noise::tests::voronoi_3d_cells_differ ... ok
test noise::tests::voronoi_3d_zero_jitter_grid ... ok
test noise::tests::voronoi_cells_differ ... ok
test noise::tests::voronoi_deterministic ... ok
test noise::tests::voronoi_f2_gte_f1 ... ok
test noise::tests::worley_2d_deterministic ... ok
test noise::tests::voronoi_3d_f2_gte_f1 ... ok
test noise::tests::voronoi_3d_deterministic ... ok
test noise::tests::worley_2d_jitter_zero_is_regular_grid ... ok
test noise::tests::worley_3d_non_negative ... ok
test noise::tests::worley_3d_jitter_zero_is_regular_grid ... ok
test noise::tests::worley_2d_non_negative ... ok
test noise::tests::worley_3d_deterministic ... ok
test obj_loader::tests::test_deduplication ... ok
test obj_loader::extra_tests::test_parse_large_integers ... ok
test obj_loader::tests::test_comments_only ... ok
test obj_loader::tests::test_empty_input ... ok
test obj_loader::tests::test_face_format_parsing ... ok
test obj_loader::tests::test_finite_checks ... ok
test obj_loader::tests::test_invalid_uv_normal_indices ... ok
test obj_loader::tests::test_invalid_indices ... ok
test obj_loader::tests::test_load_mixed_normals ... ignored
test obj_loader::tests::test_load_normals ... ignored
test obj_loader::tests::test_load_cube ... ok
test obj_loader::tests::test_load_with_uvs ... ok
test obj_loader::tests::test_split_vertices ... ok
test obj_loader_havoc::tests::havoc_huge_vertex_count ... ok
test obj_loader_havoc::tests::havoc_sentinel_collision ... ok
test obj_loader::tests::test_malformed_lines ... ok
test obj_loader_havoc::tests::havoc_huge_vertex_index ... ok
test obj_loader_havoc::tests::havoc_invalid_vertex_index ... ok
test plane::tests::frustum_aabb_inside ... ok
test plane::tests::frustum_contains_origin ... ok
test plane::tests::frustum_rejects_behind_camera ... ok
test plane::tests::frustum_aabb_outside ... ok
test plane::tests::plane_distance_correct ... ok
test plane::tests::plane_from_3_points ... ok
test plane::tests::frustum_sphere_fully_outside ... ok
test plane::tests::frustum_sphere_partially_inside ... ok
test quat::tests::compose_rotations ... ok
test quat::tests::decompose_translation_roundtrip ... ok
test quat::tests::decompose_trs_roundtrip ... ok
test quat::tests::decompose_scale_roundtrip ... ok
test quat::tests::dual_quat_from_rotation_no_translation ... ok
test quat::tests::dual_quat_lerp_midpoint_is_intermediate ... ok
test quat::tests::dual_quat_identity_transform ... ok
test quat::tests::dual_quat_from_rotation_translation_roundtrip ... ok
test quat::tests::dual_quat_translation ... ok
test quat::tests::fast_normalize_accuracy ... ok
test quat::tests::from_axis_angle_90_degrees_y ... ok
test quat::tests::from_to_rotation_handles_opposite_vectors ... ok
test quat::tests::from_euler_roundtrip ... ok
test quat::tests::from_srt_roundtrip ... ok
test quat::tests::from_to_rotation_rotates_source_to_target ... ok
test quat::tests::look_rotation_handles_parallel_up_and_forward ... ok
test quat::tests::look_rotation_faces_forward_direction ... ok
test quat::tests::identity_has_no_rotation ... ok
test quat::tests::inverse_undoes_rotation ... ok
test quat::tests::rotate_vec3_batch_in_place_matches_allocating_path ... ok
test quat::tests::nlerp_midpoint_is_normalized ... ok
test quat::tests::rotate_vec3_batch_matches_scalar_path ... ok
test quat::tests::normalize_preserves_direction ... ok
test quat::tests::slerp_takes_shortest_path ... ok
test quat::tests::to_axis_angle_roundtrip_preserves_rotation ... ok
test quat::tests::to_mat4_matches_rotation_y ... ok
test quat::tests::slerp_at_zero_returns_start ... ok
test quat::tests::slerp_at_one_returns_end ... ok
test quat::tests::slerp_midpoint_is_half_rotation ... ok
test random::tests::advance_matches_sequential ... ok
test random::tests::different_seeds_differ ... ok
test random::tests::f32_in_range ... ok
test random::tests::f32_range_respects_bounds ... ok
test random::tests::i32_range_inclusive ... ok
test random::tests::in_unit_disk_inside ... ok
test random::tests::on_unit_sphere_unit_length ... ok
test random::tests::shuffle_is_permutation ... ok
test random::tests::streams_independent ... ok
test random::tests::u32_below_bias_free ... ok
test random::tests::deterministic_with_same_seed ... ok
test ray::tests::ray_at ... ok
test ray::tests::ray_intersect_aabb_miss ... ok
test ray::tests::ray_intersect_plane_hit ... ok
test ray::tests::ray_intersect_plane_parallel ... ok
test random::tests::bool_roughly_half ... ok
test random::tests::choose_covers_all_elements ... ok
test ray::tests::ray_intersect_sphere_hit ... ok
test ray::tests::ray_intersect_triangle_miss ... ok
test sdf::tests::arc_2d_on_surface ... ok
test sdf::tests::arrow_far_outside ... ok
test sdf::tests::arrow_shaft_midpoint_inside ... ok
test sdf::tests::boolean_ops_basic ... ok
test sdf::tests::box_3d_basic ... ok
test sdf::tests::capped_torus_far_outside ... ok
test sdf::tests::capped_torus_on_tube_centre_inside ... ok
test sdf::tests::capsule_3d_basic ... ok
test sdf::tests::capsule_wraps_segment ... ok
test sdf::tests::cheap_bend_small_k_close_to_exact ... ok
test sdf::tests::cheap_bend_zero_k_identity ... ok
test sdf::tests::circle_inside_outside ... ok
test sdf::tests::cross_arm_inside ... ok
test sdf::tests::cross_centre_inside ... ok
test sdf::tests::cross_corner_outside ... ok
test ray::tests::ray_intersect_sphere_miss ... ok
test sdf::tests::cut_disk_above_cut_inside ... ok
test ray::tests::ray_intersect_triangle_hit ... ok
test ray::tests::ray_intersect_aabb_hit ... ok
test sdf::tests::cut_disk_below_cut_outside ... ok
test sdf::tests::cut_sphere_above_cut_inside ... ok
test sdf::tests::cut_sphere_below_cut_outside ... ok
test sdf::tests::egg_far_outside ... ok
test sdf::tests::deform_bend_identity_at_zero_k ... ok
test sdf::tests::deform_bend_preserves_length_locally ... ok
test sdf::tests::egg_interior_inside ... ok
test sdf::tests::extrude_y_above_cap_is_outside ... ok
test sdf::tests::extrude_y_cylinder_matches ... ok
test sdf::tests::ellipse_centre_inside ... ok
test sdf::tests::half_plane_sign ... ok
test sdf::tests::heart_far_outside ... ok
test sdf::tests::horseshoe_far_outside ... ok
test sdf::tests::horseshoe_on_arc_inside ... ok
test sdf::tests::moon_inside_crescent ... ok
test sdf::tests::moon_inside_cutter ... ok
test sdf::tests::moon_outside_radially ... ok
test sdf::tests::ngon_centre_inside ... ok
test sdf::tests::ngon_far_outside ... ok
test sdf::tests::oriented_box_axis_aligned_inside ... ok
test sdf::tests::oriented_box_axis_aligned_outside ... ok
test sdf::tests::oriented_box_rotated_centre_inside ... ok
test sdf::tests::parallelogram_far_outside ... ok
test sdf::tests::parallelogram_inside ... ok
test sdf::tests::pie_centre_inside ... ok
test sdf::tests::pie_outside_angularly ... ok
test sdf::tests::pie_outside_radially ... ok
test sdf::tests::plane_3d_sign ... ok
test sdf::tests::rect_corners_and_interior ... ok
test sdf::tests::repeat_1d_tiles_correctly ... ok
test sdf::tests::repeat_finite_centre_cell ... ok
test sdf::tests::repeat_finite_interior_point_unchanged ... ok
test sdf::tests::repeat_finite_maps_neighbour_cell ... ok
test sdf::tests::revolve_y_gives_torus ... ok
test sdf::tests::rhombus_centre_inside ... ok
test sdf::tests::rhombus_far_outside ... ok
test sdf::tests::ring_inner_outer ... ok
test sdf::tests::rounded_cone_equal_radii_is_capsule ... ok
test sdf::tests::rounded_cone_inside_large_cap ... ok
test sdf::tests::rounded_cone_outside ... ok
test sdf::tests::rounded_rect_corners_pulled_in ... ok
test sdf::tests::rounded_x_far_outside ... ok
test sdf::tests::rounded_x_near_centre_inside ... ok
test sdf::tests::sdf_intersect_picks_further ... ok
test sdf::tests::sdf_subtract_cuts_b_from_a ... ok
test sdf::tests::sdf_union_picks_closer ... ok
test sdf::tests::segment_3d_on_segment_zero ... ok
test sdf::tests::segment_3d_past_end ... ok
test sdf::tests::segment_3d_perpendicular_distance ... ok
test sdf::tests::segment_closest_point ... ok
test sdf::tests::sharp_csg_consistency_with_smooth ... ok
test sdf::tests::smooth_intersection_equals_hard_at_k0 ... ok
test sdf::tests::ellipse_on_boundary ... ok
test sdf::tests::smooth_min_dominates_correctly ... ok
test sdf::tests::ellipse_outside ... ok
test sdf::tests::heart_interior_inside ... ok
test sdf::tests::smooth_min_equal_inputs ... ok
test sdf::tests::smooth_union_equals_hard_at_k0 ... ok
test sdf::tests::smooth_union_blends ... ok
test sdf::tests::sphere_3d_basic ... ok
test sdf::tests::stadium_approximate_radius ... ok
test sdf::tests::stadium_centre_inside ... ok
test sdf::tests::torus_3d_basic ... ok
test sdf::tests::trapezoid_centre_inside ... ok
test sdf::tests::triangle_inside_outside ... ok
test sdf::tests::triangular_prism_above_outside ... ok
test sdf::tests::triangular_prism_centre_inside ... ok
test sdf::tests::twist_y_changes_result ... ok
test sdf::tests::uneven_capsule_centre_inside ... ok
test sdf::tests::uneven_capsule_far_outside ... ok
test sdf::tests_pass_18::blobby_cross_center_inside ... ok
test sdf::tests_pass_18::blobby_cross_far_outside ... ok
test sdf::tests_pass_18::blobby_cross_on_axis_outside ... ok
test sdf::tests_pass_18::cut_hollow_sphere_below_cut_is_outside ... ok
test sdf::tests_pass_18::cut_hollow_sphere_inside_shell ... ok
test sdf::tests_pass_18::cut_hollow_sphere_outside ... ok
test sdf::tests_pass_18::elongate_2d_stretches_interior ... ok
test sdf::tests_pass_18::elongate_2d_unextended_equals_base_sdf ... ok
test sdf::tests_pass_18::tunnel_inside ... ok
test sdf::tests_pass_18::tunnel_outside_above ... ok
test sdf::tests_pass_18::tunnel_outside_right ... ok
test sdf::tests_pass_18::vesica_segment_inside_midpoint ... ok
test sdf::tests_pass_18::vesica_segment_narrow_w_excludes_midpoint ... ok
test sdf::tests_pass_18::vesica_segment_outside_far ... ok
test sdf::tests_pass_19::cross_3d_center_inside ... ok
test sdf::tests_pass_19::cross_3d_diagonal_outside ... ok
test sdf::tests_pass_19::cross_3d_on_x_arm_inside ... ok
test sdf::tests_pass_19::cross_3d_rounding_increases_distance ... ok
test sdf::tests_pass_19::death_star_carved_region_outside ... ok
test sdf::tests_pass_19::death_star_center_inside ... ok
test sdf::tests_pass_19::death_star_opposite_side_inside ... ok
test sdf::tests_pass_19::stairs_above_top_outside ... ok
test sdf::tests_pass_19::stairs_far_outside ... ok
test sdf::tests_pass_19::stairs_inside_first_step ... ok
test sdf::tests_pass_20::infinite_cone_off_axis_outside ... ok
test sdf::tests_pass_20::infinite_cone_on_axis_inside ... ok
test sdf::tests_pass_20::infinite_cone_tip_zero ... ok
test sdf::tests_pass_20::quad_3d_above_surface_positive ... ok
test sdf::tests_pass_20::quad_3d_below_surface_negative ... ok
test sdf::tests_pass_20::sdf_xor_inside_both_is_outside ... ok
test sdf::tests_pass_20::sdf_xor_inside_one_is_inside ... ok
test sdf::tests_pass_20::sdf_xor_outside_both_is_outside ... ok
test sdf::tests_pass_20::slab_inside ... ok
test sdf::tests_pass_20::slab_outside ... ok
test sdf::tests_pass_21::oreo_outside_far ... ok
test sdf::tests_pass_21::oreo_returns_finite ... ok
test sdf::tests_pass_21::rhombus_3d_above_top_outside ... ok
test sdf::tests_pass_21::rhombus_3d_centre_inside ... ok
test sdf::tests_pass_21::rhombus_3d_far_outside ... ok
test sdf::tests_pass_21::triangle_3d_above_centre ... ok
test sdf::tests_pass_21::triangle_3d_far_outside ... ok
test sdf::tests_pass_21::triangle_3d_on_surface_is_zero ... ok
test sdf::tests_pass_22::chamfer_intersection_outside_both_positive ... ok
test sdf::tests_pass_22::chamfer_subtract_inside_a_outside_b ... ok
test sdf::tests_pass_22::chamfer_union_inside_both_negative ... ok
test sdf::tests_pass_22::chamfer_union_le_plain_union ... ok
test sdf::tests_pass_22::chamfer_union_outside_both_positive ... ok
test sdf::tests_pass_22::complement_flips_sign ... ok
test sdf::tests_pass_22::groove_returns_finite ... ok
test sdf::tests_pass_22::repeat_finite_2d_centre_cell ... ok
test sdf::tests_pass_22::repeat_finite_2d_far_outside_clamped ... ok
test sdf::tests_pass_22::twist_x_preserves_axis_point ... ok
test sdf::tests_pass_22::twist_z_preserves_z_axis_point ... ok
test sdf::tests_pass_23::arrow_mid_shaft_on_surface ... ok
test sdf::tests::stadium_far_outside ... ok
test sdf::tests_pass_23::arrow_tip_outside ... ok
test sdf::tests_pass_23::revolution_z_torus_surface ... ok
test sdf::tests::trapezoid_far_outside ... ok
test sdf::tests_pass_23::rounded_star_centre_inside ... ok
test sdf::tests_pass_23::rounded_star_far_outside ... ok
test sdf::tests_pass_23::swirl_modifies_sdf ... ok
test sdf::tests_pass_23::swirl_zero_strength_identity ... ok
test sdf::tests_pass_24::fbm_displace_finite ... ok
test sdf::tests_pass_24::fbm_displace_zero_strength ... ok
test sdf::tests_pass_24::mandelbrot_inside_returns_zero ... ok
test sdf::tests_pass_24::mandelbrot_outside_positive ... ok
test sdf::tests_pass_24::polygon_distance_to_edge ... ok
test sdf::tests_pass_24::polygon_square_inside_outside ... ok
test sdf::tests_pass_24::spring_coil_far_away ... ok
test sdf::tests_pass_24::spring_coil_on_surface ... ok
test sdf::tests_pass_25::lens_inside_outside ... ok
test sdf::tests_pass_25::lens_symmetric ... ok
test sdf::tests_pass_25::metaballs_far_outside ... ok
test sdf::tests_pass_25::metaballs_merged_inside ... ok
test sdf::tests_pass_25::polyline_above_midpoint ... ok
test sdf::tests_pass_25::polyline_on_vertex ... ok
test sdf::tests_pass_25::spiral_far_outside ... ok
test sdf::tests_pass_25::spiral_finite ... ok
test sdf::tests_pass_25::torus_knot_far_outside ... ok
test sdf::tests_pass_25::torus_knot_trefoil_finite ... ok
test sdf::tests_pass_26_sdf::diamond_centre_inside ... ok
test sdf::tests_pass_26_sdf::diamond_far_outside ... ok
test sdf::tests_pass_26_sdf::diamond_pole_on_surface ... ok
test sdf::tests_pass_26_sdf::disk_above_outside ... ok
test sdf::tests_pass_26_sdf::disk_centre_inside ... ok
test sdf::tests_pass_26_sdf::disk_rim_outside ... ok
test sdf::tests_pass_26_sdf::lens_centre_inside ... ok
test sdf::tests_pass_26_sdf::lens_equator_on_surface ... ok
test sdf::tests_pass_26_sdf::lens_far_outside ... ok
test sdf::tests_pass_26_sdf::rounded_tri_centroid_inside ... ok
test sdf::tests_pass_26_sdf::rounded_tri_far_outside ... ok
test sdf::tests_pass_26_sdf::rounded_tri_larger_than_sharp ... ok
test sdf::tests_pass_27_sdf::annular_sector_inside ... ok
test sdf::tests_pass_27_sdf::annular_sector_outside_angle ... ok
test sdf::tests_pass_27_sdf::annular_sector_outside_radius ... ok
test sdf::tests_pass_27_sdf::frame_band_inside ... ok
test sdf::tests_pass_27_sdf::frame_exterior_outside ... ok
test sdf::tests_pass_27_sdf::frame_hollow_interior_outside ... ok
test sdf::tests_pass_27_sdf::frame_thick_fills_hollow ... ok
test sdf::tests_pass_27_sdf::rounded_cross_arm_tip_inside ... ok
test sdf::tests_pass_27_sdf::rounded_cross_centre_inside ... ok
test sdf::tests_pass_27_sdf::rounded_cross_diagonal_outside ... ok
test sdf::tests_pass_29_sdf::lemniscate_above_pinch_outside ... ok
test sdf::tests_pass_29_sdf::lemniscate_far_outside ... ok
test sdf::tests_pass_29_sdf::lemniscate_pinch_on_boundary ... ok
test sdf::tests_pass_29_sdf::lemniscate_right_lobe_inside ... ok
test sdf::tests_pass_29_sdf::lemniscate_symmetric_x ... ok
test sdf::tests_pass_29_sdf::teardrop_below_tip_outside ... ok
test sdf::tests_pass_29_sdf::teardrop_far_outside ... ok
test sdf::tests_pass_29_sdf::teardrop_head_inside ... ok
test sdf::tests_pass_30_sdf::polar_repeat_n1_identity ... ok
test sdf::tests_pass_30_sdf::polar_repeat_on_positive_x_stays_put ... ok
test sdf::tests_pass_30_sdf::polar_repeat_preserves_radius ... ok
test sdf::tests_pass_30_sdf::polar_repeat_sector_symmetry ... ok
test sdf::tests_pass_30_sdf::repeat_2d_at_cell_origin_gives_zero ... ok
test sdf::tests_pass_30_sdf::repeat_2d_clamps_at_half_cell ... ok
test sdf::tests_pass_30_sdf::repeat_2d_point_within_half_cell_unchanged ... ok
test sdf::tests_pass_30_sdf::repeat_2d_symmetric_about_boundary ... ok
test sdf::tests_pass_34_sdf::grid_cell_centre_is_outside ... ok
test sdf::tests_pass_34_sdf::grid_on_line_is_inside ... ok
test sdf::tests_pass_34_sdf::grid_symmetric_about_line ... ok
test sdf::tests_pass_34_sdf::wave_above_surface_is_positive ... ok
test sdf::tests_pass_34_sdf::wave_below_surface_is_negative ... ok
test sdf::tests_pass_34_sdf::wave_flat_is_signed_y ... ok
test sdf::tests_pass_23::superellipse_circle_at_n2 ... ok
test sdf::tests_pass_36_sdf::domain_warp_far_outside_stays_positive ... ok
test sdf::tests_pass_23::superellipse_on_boundary ... ok
test sdf::tests_pass_36_sdf::domain_warp_centre_stays_negative ... ok
test sdf::tests_pass_37_sdf::ao_in_range ... ok
test sdf::tests_pass_36_sdf::morph_at_zero_returns_a ... ok
test sdf::tests_pass_36_sdf::morph_midpoint ... ok
test sdf::tests_pass_37_sdf::ao_isolated_top_is_high ... ok
test sdf::tests_pass_37_sdf::soft_shadow_open_sky_is_one ... ok
test sdf::tests_pass_37_sdf::soft_shadow_blocked_is_zero ... ok
test texture::tests::get_pixel_trilinear_fixed_interpolation ... ok
test texture::tests::sample_mip_fixed_level_selection ... ok
test texture::tests::test_new_overflow ... ok
test sdf::tests_pass_36_sdf::morph_at_one_returns_b ... ok
test texture::tests::test_generate_mipmaps_unwrap_safety ... ok
test texture::tests::test_new_invalid_dimensions ... ok
test texture::tests::test_new_too_large ... ok
test transform::tests::direct_point_transform_matches_matrix_path ... ok
test transform::tests::combined_srt ... ok
test time::tests::test_fixed_timestep_init ... ok
test time::tests::test_fixed_timestep_update ... ok
test transform::tests::inverse_point_transform_roundtrips ... ok
test transform::tests::from_position_helper ... ok
test transform::tests::rotation_only ... ok
test transform::tests::identity_produces_identity_matrix ... ok
test transform::tests::test_from_rotation ... ok
test transform::tests::test_from_scale ... ok
test transform::tests::scale_only ... ok
test transform::tests::test_default ... ok
test transform::tests::test_inverse_transform_points ... ok
test transform::tests::test_inverse_transform_vector ... ok
test transform::tests::test_lerp ... ok
test transform::tests::test_inverse_transform_points_into ... ok
test transform::tests::test_inverse_transform_points_in_place ... ok
test transform::tests::test_then_and_mul ... ok
test transform::tests::test_transform_points ... ok
test transform::tests::test_transform_points_into ... ok
test transform::tests::test_transform_points_in_place ... ok
test transform::tests::test_transform_vectors ... ok
test transform::tests::test_transform_vector ... ok
test transform::tests::test_transform_vectors_in_place ... ok
test utils::tests::test_pixel_luminance ... ok
test transform::tests::translation_only ... ok
test utils::tests::test_xorshift_determinism ... ok
test transform::tests::test_transform_vectors_into ... ok
test utils::tests::test_xorshift_zero_seed ... ok
test zbuffer::tests::test_as_slice_mut ... ok
test zbuffer::tests::test_clear_rect ... ok
test zbuffer::tests::test_clear_rect_extreme_bounds ... ok
test zbuffer::tests::test_clear ... ok
test zbuffer::tests::test_clear_rect_full_width ... ok
test zbuffer::tests::test_get_depth ... ok
test zbuffer::tests::test_clear_rect_oob ... ok
test zbuffer::tests::test_new_overflow ... ok
test zbuffer::tests::test_new_valid ... ok
test zbuffer::tests::test_test_and_set ... ok
test zbuffer::tests::test_test_and_set_unchecked ... ok

test result: ok. 1528 passed; 0 failed; 2 ignored; 0 measured; 0 filtered out; finished in 0.94s

     Running tests/havoc_hiz_buffer.rs (target/debug/deps/havoc_hiz_buffer-b0b27d1cca6638b5)

running 1 test
test havoc_hiz_capacity_overflow ... ignored, 👹 Havoc: Bypass Hi-Z dimensions check causing capacity overflow panic instead of expected custom error

test result: ok. 0 passed; 0 failed; 1 ignored; 0 measured; 0 filtered out; finished in 0.00s

     Running tests/obj_loader_proptest.rs (target/debug/deps/obj_loader_proptest-fc77befe76403270)

running 1 test
test does_not_crash ... ok

test result: ok. 1 passed; 0 failed; 0 ignored; 0 measured; 0 filtered out; finished in 0.84s

     Running unittests src/lib.rs (target/debug/deps/abrash_gpu_render-e5c45d2ebdeab999)

running 73 tests
test accel_structure::tests::test_affine_transform_translation ... ok
test blitter::gpu_tests::flush_colorkey_skips_key_pixels ... ok
test blitter::gpu_tests::flush_multiple_sprites_draw_order ... ok
test blitter::gpu_tests::flush_alpha_blends_semitransparent ... ok
test blitter::gpu_tests::flush_renders_opaque_sprite ... ok
test blitter::gpu_tests::gpu_blitter_new_succeeds ... ok
test blitter::gpu_tests::flush_retains_instances_capacity ... ok
test blitter::gpu_tests::flush_zero_sprites_is_noop ... ok
test blitter::gpu_tests::flush_to_framebuffer_writes_pixels ... ok
test blitter::tests::atlas_handle_is_copy_and_eq ... ok
test blitter::tests::blit_mode_color_key_value ... ok
test blitter::tests::blit_mode_to_u32 ... ok
test blitter::tests::blit_mode_uses_alpha_pipeline ... ok
test blitter::tests::blit_mode_variants ... ok
test blitter::tests::shader_source_contains_entry_points ... ok
test blitter::tests::sort_commands_by_atlas_then_blend ... ok
test blitter::tests::sprite_instance_is_pod ... ok
test blitter::tests::sprite_instance_zeroed ... ok
test capture::tests::test_aligned_bytes_per_row ... ok
test capture::tests::test_aligned_bytes_per_row_overflow - should panic ... ok
test capture::tests::test_capture_target_dimensions ... ok
test capture::tests::test_capture_target_dimensions_overflow - should panic ... ok
test capture::tests::test_compact_text_format ... ok
test capture::tests::test_coverage_percent ... ok
test composition::tests::test_composition_params_size ... ok
test composition::tests::test_composition_shader_valid ... ok
test composition::tests::test_debug_mode_values ... ok
test deferred::tests::test_deferred_lighting_shader_valid ... ok
test device::tests::test_gpu_device_config_default ... ok
test device::tests::test_gpu_device_config_headless ... ok
test environment::tests::test_skybox_shader_valid ... ok
test environment::tests::test_skybox_uniforms_size ... ok
test gbuffer::tests::test_gbuffer_geometry_shader_valid ... ok
test gbuffer::tests::test_gbuffer_textured_shader_valid ... ok
test ibl::tests::test_brdf_lut_shader_valid ... ok
test ibl::tests::test_irradiance_shader_valid ... ok
test ibl::tests::test_prefilter_params_size ... ok
test ibl::tests::test_prefilter_shader_valid ... ok
test mesh_buffer::tests::test_prepare_empty_mesh ... ok
test mesh_buffer::tests::test_prepare_lit_mesh_empty_indices ... ok
test mesh_buffer::tests::test_prepare_lit_mesh_empty_vertices ... ok
test mesh_buffer::tests::test_prepare_lit_mesh_generates_normals ... ok
test mesh_buffer::tests::test_prepare_lit_mesh_uses_provided_normals ... ok
test postprocess::tests::test_tonemap_shader_valid ... ok
test raytracing::tests::test_rt_shadow_light_data_size ... ok
test raytracing::tests::test_rt_shadow_shader_valid ... ok
test refraction::tests::refraction_params_is_pod_and_aligned ... ok
test refraction::tests::refraction_resolve_shader_has_entry_points ... ok
test refraction::tests::refraction_surface_shader_has_entry_points ... ok
test renderer::tests::test_argb_black ... ok
test renderer::tests::test_argb_to_clear_color ... ok
test rt_reflections::tests::test_reflection_params_size ... ok
test rt_reflections::tests::test_rt_reflection_shader_valid ... ok
test shader::tests::test_draw_uniforms_new ... ok
test shader::tests::test_draw_uniforms_size ... ok
test shader::tests::test_frame_uniforms_size ... ok
test shader::tests::test_gpu_light_data_size ... ok
test shader::tests::test_lit_vertex_size_and_layout ... ok
test shader::tests::test_textured_vertex_size ... ok
test shadow::tests::test_directional_light_vp ... ok
test shadow::tests::test_shadow_depth_shader_valid ... ok
test shadow::tests::test_shadow_uniforms_size ... ok
test svgf::tests::test_atrous_params_size ... ok
test svgf::tests::test_atrous_shader_valid ... ok
test taa::tests::test_halton_jitter_range ... ok
test taa::tests::test_halton_sequence ... ok
test taa::tests::test_taa_params_size ... ok
test taa::tests::test_taa_shader_valid ... ok
test temporal::tests::test_temporal_params_size ... ok
test temporal::tests::test_temporal_shader_valid ... ok
test blitter::gpu_tests::queue_and_clear ... ok
test blitter::gpu_tests::queue_negative_coords ... ok
test blitter::gpu_tests::upload_atlas_returns_sequential_handles ... ok

test result: ok. 73 passed; 0 failed; 0 ignored; 0 measured; 0 filtered out; finished in 7.48s

     Running tests/capture_test.rs (target/debug/deps/capture_test-db31b66a6f4a846d)

running 3 tests
test test_capture_cube_has_visible_pixels ... ok
test test_capture_two_cubes_preserves_both_material_colors ... ok
test test_capture_empty_scene_no_visible_pixels ... ok

test result: ok. 3 passed; 0 failed; 0 ignored; 0 measured; 0 filtered out; finished in 0.61s

     Running unittests src/lib.rs (target/debug/deps/abrash_raycast-ff88f2b59d593d8e)

running 97 tests
test bsp::tests::bsp_sector_construction ... ok
test batch::tests::batch_empty_input ... ok
test batch::tests::batch_los_matches_individual ... ok
test batch::tests::batch_ray_matches_individual ... ok
test bsp::tests::mock_seg_front_sector_returns_room ... ok
test bsp::tests::mock_solid_segs_have_no_back_sector ... ok
test bsp::tests::mock_subsector_has_four_segs ... ok
test bsp::tests::mock_traversal_visits_subsector ... ok
test bsp_clip::tests::angle_to_column_center ... ok
test bsp_clip::tests::angle_to_column_left_edge ... ok
test bsp_clip::tests::angle_to_column_right_edge ... ok
test bsp_clip::tests::clip_seg_behind_camera ... ok
test bsp_clip::tests::clip_seg_entirely_off_left ... ok
test bsp_clip::tests::clip_seg_entirely_off_right ... ok
test bsp_clip::tests::clip_seg_fully_visible ... ok
test bsp_clip::tests::clip_seg_partially_visible_left ... ok
test bsp_clip::tests::column_clip_all_filled ... ok
test bsp_clip::tests::column_clip_initial_state ... ok
test bsp_clip::tests::column_clip_mark_solid ... ok
test bsp_clip::tests::column_clip_out_of_bounds_not_open ... ok
test bsp_clip::tests::column_clip_reset ... ok
test bsp_clip::tests::column_clip_set_bot ... ok
test bsp_clip::tests::column_clip_set_top ... ok
test bsp_clip::tests::point_to_angle_east ... ok
test bsp_clip::tests::point_to_angle_north ... ok
test bsp_clip::tests::point_to_angle_west ... ok
test bsp_clip::tests::projection_distance_90_fov_320_wide ... ok
test bsp_clip::tests::projection_distance_wider_fov_gives_smaller_value ... ok
test bsp_clip::tests::seg_perp_distance_facing_directly ... ok
test bsp_clip::tests::seg_perp_distance_on_line ... ok
test bsp_clip::tests::seg_perp_distance_vertical_seg ... ok
test bsp_clip::tests::wall_scale_center_column ... ok
test bsp_clip::tests::wall_scale_clamps_maximum ... ok
test bsp_clip::tests::wall_scale_clamps_minimum ... ok
test bsp_clip::tests::wall_scale_edge_column_smaller ... ok
test bsp_visplane::tests::allocator_starts_empty ... ok
test bsp_visplane::tests::find_or_create_different_properties ... ok
test bsp_visplane::tests::find_or_create_makes_new_plane ... ok
test bsp_visplane::tests::find_or_create_reuses_matching_plane ... ok
test bsp_visplane::tests::find_or_create_splits_on_column_conflict ... ok
test bsp_visplane::tests::reset_clears_all ... ok
test bsp_visplane::tests::set_span_updates_bounds ... ok
test bsp_visplane::tests::visplane_unused_columns_return_none ... ok
test bsp::tests::bsp_sector_negative_floor ... ok
test bsp::tests::bsp_seg_solid_wall ... ok
test bsp::tests::bsp_seg_two_sided ... ok
test cast::prop_tests::ray_always_hits_walled_map ... ok
test cast::prop_tests::hit_cell_is_solid ... ok
test cast::prop_tests::detailed_texture_u_in_range ... ok
test cast::tests::detailed_has_texture_u ... ok
test cast::tests::detailed_hit_point_on_wall_face ... ok
test cast::tests::detailed_normal_is_unit_cardinal ... ok
test cast::tests::detailed_north_ray_normal ... ok
test cast::tests::los_blocked_by_border ... ok
test cast::tests::los_blocked_by_wall ... ok
test cast::tests::los_clear_corridor ... ok
test cast::prop_tests::los_symmetry ... ok
test cast::tests::los_same_point ... ok
test cast::prop_tests::ray_distance_is_non_negative ... ok
test cast::tests::ray_distance_increases_with_further_wall ... ok
test cast::tests::ray_east_hits_wall ... ok
test cast::tests::ray_north ... ok
test cast::tests::los_symmetry ... ok
test cast::tests::los_through_empty_map ... ok
test dda::tests::initial_cell_matches_origin ... ok
test cast::tests::ray_returns_none_on_open_map ... ok
test cast::tests::ray_hits_middle_wall ... ok
test dda::tests::diagonal_ray_alternates_axes ... ok
test dda::tests::multiple_steps_increase_distance ... ok
test dda::tests::perp_distance_increases_by_one_per_step ... ok
test dda::tests::step_east_along_x_axis ... ok
test dda::tests::perp_distance_north ... ok
test dda::tests::perp_distance_east ... ok
test dda::tests::step_west ... ok
test dda::tests::step_north_along_y_axis ... ok
test dda::tests::step_south ... ok
test renderer::bsp::tests::draw_visplane_spans_empty_allocator_is_noop ... ok
test renderer::bsp::tests::draw_wall_column_empty_range_no_op ... ok
test renderer::bsp::tests::draw_wall_column_fills_pixels ... ok
test renderer::bsp::tests::draw_visplane_spans_fills_floor ... ok
test renderer::bsp::tests::draw_wall_column_writes_zbuffer ... ok
test renderer::bsp::tests::render_bsp_view_zero_size_noop ... ok
test renderer::bsp::tests::render_bsp_view_writes_depth ... ok
test renderer::bsp_lighting::tests::colormap_clamped_to_range ... ok
test renderer::bsp::tests::render_bsp_view_draws_walls ... ok
test renderer::bsp_lighting::tests::colormap_close_bright_sector_is_zero ... ok
test renderer::bsp_lighting::tests::colormap_decreases_with_light ... ok
test renderer::bsp_lighting::tests::colormap_far_dark_sector_is_max ... ok
test renderer::bsp_lighting::tests::colormap_increases_with_distance ... ok
test renderer::bsp::tests::render_bsp_view_does_not_panic ... ok
test renderer::hybrid::tests::wall_color_bright_for_ns_dark_for_ew ... ok
test renderer::hybrid::tests::wall_color_material_ids ... ok
test renderer::hybrid::tests::render_does_not_panic ... ok
test renderer::hybrid::tests::zero_size_framebuffer_does_not_panic ... ok
test renderer::hybrid::tests::render_draws_pixels ... ok
test renderer::hybrid::tests::depth_decreases_for_closer_walls ... ok
test renderer::hybrid::tests::zbuffer_written_for_wall_columns ... ok

test result: ok. 97 passed; 0 failed; 0 ignored; 0 measured; 0 filtered out; finished in 0.11s

     Running unittests src/lib.rs (target/debug/deps/abrash_render-695e2aaefdfae7bc)

running 352 tests
test ascii::tests::test_ascii_mapping ... ok
test ascii::tests::test_ascii_mapping_minimal ... ok
test ascii::tests::test_ascii_mapping_binary ... ok
test ascii::tests::test_luminance_calculation ... ok
test ascii::tests::test_to_colored_string ... ok
test ascii::tests::test_block_charset ... ok
test ascii::tests::test_to_string ... ok
test ascii::tests::test_export_ansi_file ... ok
test ascii::tests::test_export_ascii_file ... ok
test experimental::arboretum::tests::test_expansion ... ok
test experimental::arboretum::tests::test_rotation ... ok
test experimental::arboretum::tests::test_mesh_generation ... ok
test experimental::ascii_display::tests::test_ascii_display_black_to_darkest ... ok
test experimental::anaglyph::tests::test_apply_anaglyph ... ok
test experimental::ascii_display::tests::test_ascii_display_white_to_brightest ... ok
test experimental::black_hole::tests::test_apply_black_hole_zero_mass ... ok
test experimental::autostereogram::tests::test_autostereogram_changes_buffer ... ok
test experimental::black_hole::tests::test_apply_black_hole_event_horizon ... ok
test experimental::boids::tests::test_alignment ... ok
test experimental::boids::tests::test_cohesion ... ok
test experimental::blueprint::tests::test_apply_blueprint ... ok
test experimental::brickify::tests::test_apply_brickify_modifies_colors ... ok
test experimental::boids::tests::test_separation ... ok
test experimental::cel_shade::tests::test_quantize_color ... ok
test experimental::chroma_key::tests::test_apply_chroma_key ... ok
test experimental::cloth::tests::test_cloth_gravity ... ok
test experimental::cloth::tests::test_cloth_initialization ... ok
test experimental::color_blindness::tests::test_apply_color_blindness_achromatopsia ... ok
test experimental::color_blindness::tests::test_apply_color_blindness_protanopia ... ok
test experimental::color_splash::tests::test_color_splash ... ok
test experimental::conway::tests::test_conway_glider ... ok
test experimental::cross_stitch::tests::test_cross_stitch_filter ... ok
test experimental::depth_fog::tests::test_depth_fog_blending ... ok
test experimental::digital_rain::tests::test_apply_digital_rain ... ok
test experimental::directional_blur::tests::test_directional_blur_horizontal ... ok
test experimental::directional_blur::tests::test_directional_blur_zero_samples ... ok
test experimental::cel_shade::tests::test_apply_cel_shade ... ok
test experimental::chroma_key::tests::test_smooth_chroma_key ... ok
test experimental::dither::tests::test_apply_floyd_steinberg_exact ... ok
test experimental::dither::tests::test_floyd_steinberg_smooth ... ok
test experimental::dither::tests::test_quantize ... ok
test experimental::dither::tests::test_apply_ordered_dither_exact ... ok
test experimental::dither::tests::test_ordered_dither_changes_pixels ... ok
test experimental::droste::tests::test_apply_droste ... ok
test experimental::duotone::tests::test_apply_duotone ... ok
test experimental::edge_glow::tests::test_apply_edge_glow_detects_edges ... ok
test experimental::edge_glow::tests::test_edge_glow_config_default ... ok
test experimental::edge_glow::tests::test_apply_edge_glow_preserves_alpha ... ok
test experimental::falling_sand::tests::test_sand_respects_boundaries ... ok
test experimental::falling_sand::tests::test_sand_falls_diagonally_over_obstacle ... ok
test experimental::falling_sand::tests::test_sand_falls_down ... ok
test experimental::falling_sand::tests::test_sand_stops_at_bottom ... ok
test experimental::fire::tests::test_apply_fire_moves_heat_up ... ok
test experimental::fisheye::tests::test_fisheye_distortion ... ok
test experimental::fractal::tests::test_render_mandelbrot_0x0 ... ok
test experimental::fisheye::tests::test_fisheye_identity ... ok
test experimental::fractal::tests::test_render_mandelbrot_standard ... ok
test experimental::frosted_glass::tests::test_frosted_glass_zero_intensity ... ok
test experimental::glitch::tests::test_apply_glitch_changes_buffer ... ok
test experimental::glitch::tests::test_apply_glitch_zero_intensity ... ok
test experimental::frosted_glass::tests::test_frosted_glass_mutates_pixels ... ok
test experimental::halftone::tests::test_apply_halftone_black_image ... ok
test experimental::harmonograph::tests::test_harmonograph_evaluate_at_zero ... ok
test experimental::harmonograph::tests::test_harmonograph_render_modifies_framebuffer ... ok
test experimental::harmonograph::tests::test_draw_line_2d_oob ... ok
test experimental::halftone::tests::test_apply_halftone_white_image ... ok
test experimental::infinite_grid::tests::test_infinite_grid_horizon ... ok
test experimental::isosurface::tests::test_polygonize_tetrahedron_cases ... ok
test experimental::infinite_grid::tests::test_infinite_grid_0x0 ... ok
test experimental::isosurface::tests::test_polygonize_tetrahedron_unreachable_guard - should panic ... ok
test experimental::isosurface::tests::test_sphere_mesh ... ok
test experimental::hologram::tests::test_apply_hologram_changes_buffer ... ok
test experimental::jelly::tests::test_jelly_gravity ... ok
test experimental::jelly::correctness_tests::test_update_correctness ... ok
test experimental::kaleidoscope::tests::test_fast_atan2_cardinal_directions ... ok
test experimental::jelly::tests::test_jelly_creation ... ok
test experimental::kaleidoscope::tests::test_kaleidoscope_segments_zero_one ... ok
test experimental::led_matrix::tests::test_apply_led_matrix ... ok
test experimental::led_matrix::tests::test_led_matrix_config_default ... ok
test experimental::lsystem::tests::test_lsystem_expansion ... ok
test experimental::lsystem::tests::test_lsystem_expansion_non_ascii ... ok
test experimental::lsystem::tests::test_lsystem_havoc_oom ... ignored, 👹 Havoc: Intentionally tests an OOM vulnerability
test experimental::lsystem::tests::test_oom_prevention ... ok
test experimental::lsystem::tests::test_turtle_mesh ... ok
test experimental::magnifying_glass::tests::test_magnifying_glass_basic ... ok
test experimental::mandelbrot::tests::test_mandelbrot_basic ... ok
test experimental::melt::tests::test_apply_melt_initialization ... ok
test experimental::kuwahara::tests::test_kuwahara_bounds ... ok
test experimental::kaleidoscope::tests::test_kaleidoscope_symmetry ... ok
test experimental::melt::tests::test_apply_melt_shift ... ok
test experimental::neon_outline::tests::test_neon_outline_basic ... ok
test experimental::mosaic::tests::test_apply_hex_mosaic ... ok
test experimental::metaballs::tests::test_metaballs_init ... ok
test experimental::palette::tests::test_apply_palette ... ok
test experimental::palette::tests::test_closest_color_gameboy ... ok
test experimental::palette::tests::test_closest_color_monochrome ... ok
test experimental::night_vision::tests::test_night_vision_vignette_darkens_corners ... ok
test experimental::night_vision::tests::test_night_vision_boosts_luminance_and_tints_green ... ok
test experimental::paper_cutout::tests::test_apply_paper_cutout_empty_buffer ... ok
test experimental::paper_cutout::tests::test_apply_paper_cutout_no_depth ... ok
test experimental::pencil_sketch::tests::test_pencil_sketch_config_default ... ok
test experimental::physarum::tests::test_apply_physarum_no_crash ... ok
test experimental::pencil_sketch::tests::test_apply_pencil_sketch ... ok
test experimental::paper_cutout::tests::test_apply_paper_cutout_basic ... ok
test experimental::pixel_sort::tests::test_apply_pixel_sort_reverse ... ok
test experimental::pixel_sort::tests::test_apply_pixel_sort_horizontal ... ok
test experimental::pixel_sort::tests::test_apply_pixel_sort_vertical ... ok
test experimental::pop_art::tests::test_apply_pop_art_mismatched_sizes ... ok
test experimental::plasma::tests::test_apply_plasma_0x0 ... ok
test experimental::posterize::tests::test_apply_posterize_reduces_colors ... ok
test experimental::plasma::tests::test_apply_plasma_standard ... ok
test experimental::pop_art::tests::test_apply_pop_art_quadrants ... ok
test experimental::procedural_mesh::tests::test_heightmap_application ... ok
test experimental::procedural_mesh::tests::test_plane_generation ... ok
test experimental::raytracer::tests::should_render_object_color_on_hit ... ok
test experimental::procedural_mesh::tests::test_noise_consistency ... ok
test experimental::raytracer::tests::should_return_background_color_on_miss ... ok
test experimental::sdf::tests::test_box_sdf ... ok
test experimental::sdf::tests::test_capsule_sdf ... ok
test experimental::precipitation::tests::test_raindrop_collision ... ok
test experimental::reaction_diffusion::tests::test_rd_step ... ok
test experimental::sdf::tests::test_render_sdf_simple ... ok
test experimental::sdf::tests::test_scene_normal ... ok
test experimental::sdf::tests::test_sphere_sdf ... ok
test experimental::sdf::tests::test_torus_sdf ... ok
test experimental::sdf::tests::test_plane_sdf ... ok
test experimental::selective_color::tests::test_apply_selective_color_grayscales_non_target ... ok
test experimental::slitscan::tests::test_slitscan_history ... ok
test experimental::sonar::tests::test_sonar_effect_infinite_depth ... ok
test experimental::sdf::tests::test_scene_map ... ok
test experimental::sonar::tests::test_sonar_effect_wave_peak ... ok
test experimental::selective_color::tests::test_apply_selective_color_retains_target ... ok
test experimental::starfield::tests::test_starfield_initialization ... ok
test experimental::starfield::tests::test_starfield_render ... ok
test experimental::starfield::tests::test_starfield_update ... ok
test experimental::steganography::tests::test_decode_data_unreachable_guard - should panic ... ok
test experimental::steganography::tests::test_decode_length_unreachable_guard - should panic ... ok
test experimental::steganography::tests::test_decode_message_overflow ... ok
test experimental::steganography::tests::test_encode_decode_roundtrip ... ok
test experimental::steganography::tests::test_encode_too_large ... ok
test experimental::steganography::tests::test_encode_unreachable_guard - should panic ... ok
test experimental::speed_lines::tests::test_speed_lines_basic ... ok
test experimental::speed_lines::tests::test_speed_lines_alpha_blend ... ok
test experimental::swirl::tests::test_apply_swirl_zero_angle ... ok
test experimental::swirl::tests::test_apply_swirl ... ok
test experimental::thermal::tests::test_apply_thermal ... ok
test experimental::thermal::tests::test_apply_thermal_invert ... ok
test experimental::topography::tests::test_apply_topography ... ok
test experimental::tilt_shift::tests::test_tilt_shift_focus_band ... ok
test experimental::tunnel::tests::test_apply_tunnel ... ok
test experimental::vhs::tests::test_apply_vhs_zero_intensity ... ok
test experimental::vision::tests::test_apply_vision_modifies_buffer ... ok
test experimental::vision::tests::test_sonar_pulse ... ok
test experimental::vision::tests::test_vignette_calculation_accuracy ... ok
test experimental::voronoi::tests::test_apply_voronoi_basic ... ok
test experimental::voronoi::tests::test_voronoi_borders ... ok
test experimental::vision::tests::test_thermal_vision ... ok
test experimental::voxel_explosion::tests::test_create_explosion ... ok
test experimental::voxelizer::tests::test_to_mesh ... ok
test experimental::voxelizer::tests::test_voxelize_cube_manual ... ok
test experimental::vhs::tests::test_apply_vhs_changes_buffer ... ok
test experimental::voronoi::tests::test_voronoi_image_color ... ok
test experimental::wobble::tests::test_apply_wobble_shifts_pixels ... ok
test experimental::water_ripple::tests::test_water_ripple_changes_buffer ... ok
test heat_vision::tests::test_heat_vision_mismatched_dimensions ... ok
test heat_vision::tests::test_heat_vision_empty ... ok
test heat_vision::tests::test_heat_vision_gradient ... ok
test heat_vision::tests::test_heat_vision_out_of_bounds_depths ... ok
test heat_vision::tests::test_heat_vision_same_depth ... ok
test particles::tests::test_particle_emission ... ok
test post_process::blur::tests::test_box_blur_f32_correctness ... ok
test post_process::blur::tests::test_box_blur_zero_dimensions ... ok
test particles::tests::test_physics ... ok
test post_process::filters::tests::test_apply_chromatic_aberration ... ignored, Known failing test
test post_process::filters::tests::test_apply_chromatic_aberration_simd_vs_scalar ... ignored, Known failing test
test particles::tests::test_particle_life ... ok
test post_process::filters::tests::test_apply_color_adjust_simd_vs_scalar ... ok
test post_process::dof::tests::test_apply_dof_changes_pixels ... ok
test post_process::filters::tests::test_apply_film_grain ... ok
test post_process::filters::tests::test_apply_film_grain_zero_intensity ... ok
test post_process::filters::tests::test_apply_grayscale ... ok
test post_process::filters::tests::test_apply_grayscale_simd ... ok
test post_process::filters::tests::test_apply_color_adjust ... ok
test post_process::filters::tests::test_apply_invert ... ok
test post_process::filters::tests::test_apply_scanline_jitter ... ok
test post_process::filters::tests::test_apply_scanlines_simd ... ok
test post_process::filters::tests::test_apply_solarize ... ok
test post_process::filters::tests::test_apply_vignette_simd_vs_scalar ... ok
test procedural::tests::test_grid_pattern ... ok
test procedural::tests::test_plasma ... ok
test procedural::tests::test_white_noise ... ok
test rasterizer::circle::tests::test_circle_out_of_bounds ... ok
test rasterizer::circle::tests::test_circle_overflow ... ok
test rasterizer::circle::tests::test_circle_radius_too_large ... ok
test rasterizer::circle::tests::test_draw_circle_pixels ... ok
test rasterizer::circle::tests::test_fill_circle_no_overdraw ... ok
test rasterizer::circle::tests::test_fill_circle_pixels ... ok
test rasterizer::core::tests::edge_walker_step_accumulates_correctly ... ok
test rasterizer::core::tests::edge_walker_z_interpolation ... ok
test rasterizer::core::tests::edge_walker_zero_height_no_panic ... ok
test rasterizer::core::tests::test_is_backface_extreme_coordinates_overflow ... ok
test rasterizer::core::tests::test_is_backface_overflow_safe ... ok
test rasterizer::ellipse::tests::test_draw_ellipse_pixels ... ok
test rasterizer::ellipse::tests::test_ellipse_out_of_bounds ... ok
test rasterizer::ellipse::tests::test_fill_ellipse_pixels ... ok
test rasterizer::flat::tests::draw_scanline_flat_interpolation ... ok
test post_process::filters::tests::test_apply_sepia ... ok
test rasterizer::flat::tests::fill_triangle_3d_with_fixed_point_matches_reference ... ok
test rasterizer::gouraud::tests::draw_scanline_gouraud_interpolation ... ok
test rasterizer::gouraud_havoc_test::havoc_gouraud_simd_buffer_mismatch ... ok
test rasterizer::havoc_proptests::test_draw_span_nearest_simd_fuzz ... ignored, 👹 Havoc: Direct Fuzzing of unsafe SIMD bounds mapping
test rasterizer::havoc_proptests::test_draw_span_trilinear_simd_fuzz ... ignored, 👹 Havoc: Direct Fuzzing of unsafe SIMD trilinear mapping
test rasterizer::pbr::tests::test_pbr_simd_matches_scalar ... ok
test rasterizer::line::tests::should_panic_when_buffer_dimensions_mismatch - should panic ... ok
test rasterizer::rect::tests::test_draw_rect ... ok
test rasterizer::rect::tests::test_draw_rect_oob ... ok
test rasterizer::rect::tests::test_draw_rounded_rect ... ok
test rasterizer::rect::tests::test_fill_rect ... ok
test rasterizer::rect::tests::test_fill_rounded_rect ... ok
test rasterizer::rect::tests::test_rounded_rect_oob ... ok
test rasterizer::texture::test_draw_span_nearest_overflow_vulnerability ... ok
test rasterizer::texture::test_draw_scanline_trilinear ... ok
test rasterizer::texture::test_fast_normalize_improves_ts_light_calc ... ok
test post_process::ssao::tests::test_ssao_simd_vs_scalar ... ok
test rasterizer::texture::test_fill_triangle_laplacian_blend_runs_without_panic ... ok
test rasterizer::texture::test_fill_triangle_normal_mapped_runs_without_panic ... ok
test rasterizer::texture::tests::test_draw_scanline_bilinear ... ok
test rasterizer::texture::tests::test_draw_scanline_nearest ... ok
test rasterizer::texture::tests::test_fill_quad_textured_gouraud_fallback_culled ... ok
test rasterizer::texture::tests::test_fill_quad_textured_optimization ... ok
test rasterizer::texture::test_reciprocal_table_accuracy ... ok
test rasterizer::texture_havoc_test::havoc_texture_overflow_simd ... ok
test rasterizer::texture::tests::test_fill_triangle_textured_clipped ... ok
test rasterizer::texture_havoc_test::havoc_texture_simd_zero_fb ... ok
test rasterizer::tile::tests::edge_case_exactly_100_triangles ... ok
test rasterizer::tile::tests::degenerate_triangle_no_panic ... ok
test rasterizer::texture_havoc_test::havoc_texture_simd_buffer_mismatch ... ok
test rasterizer::tile::tests::edge_case_exactly_12mb ... ok
test rasterizer::tile::tests::frustum_culling_accepts_fully_visible_triangle ... ok
test rasterizer::tile::tests::frustum_culling_accepts_partially_visible_triangle ... ok
test rasterizer::tile::tests::frustum_culling_rejects_triangle_above_frustum ... ok
test rasterizer::tile::tests::frustum_culling_rejects_triangle_below_frustum ... ok
test rasterizer::tile::tests::frustum_culling_rejects_triangle_left_of_frustum ... ok
test rasterizer::tile::tests::frustum_culling_rejects_triangle_right_of_frustum ... ok
test rasterizer::tile::tests::fixed_point_triangle_rendering_matches_float ... ok
test rasterizer::tile::tests::large_triangle_bins_to_multiple_tiles ... ok
test rasterizer::tile::tests::edge_switch_at_p1y_within_tile ... ok
test rasterizer::tile::tests::multiple_triangles_same_depth_render_in_order ... ok
test rasterizer::tile::tests::near_plane_clipped_triangle ... ok
test rasterizer::tile::tests::new_creates_correct_tile_grid_800x600 ... ok
test rasterizer::tile::tests::new_creates_correct_tile_grid_exact_multiple ... ok
test rasterizer::tile::tests::new_creates_correct_tile_grid_non_aligned ... ok
test rasterizer::tile::tests::new_panics_on_dimensions_overflow - should panic ... ok
test rasterizer::tile::tests::new_panics_on_zero_height - should panic ... ok
test rasterizer::tile::tests::new_panics_on_tile_count_overflow - should panic ... ok
test rasterizer::tile::tests::new_panics_on_zero_width - should panic ... ok
test rasterizer::tile::tests::offscreen_triangle_no_panic ... ok
test rasterizer::tile::tests::prepare_triangle_accepts_front_face ... ok
test rasterizer::tile::tests::partial_tiles_at_screen_edges ... ok
test rasterizer::tile::tests::prepare_triangle_accepts_normal_triangle ... ok
test rasterizer::tile::tests::prepare_triangle_computes_aabb ... ok
test rasterizer::tile::tests::prepare_triangle_culls_backface ... ok
test rasterizer::tile::tests::prepare_triangle_rejects_degenerate_zero_area ... ok
test rasterizer::tile::tests::prepare_triangle_rejects_tiny_subpixel ... ok
test rasterizer::tile::tests::prepare_triangle_sorts_by_y ... ok
test rasterizer::tile::tests::render_batch_reusable ... ok
test rasterizer::tile::tests::prepare_triangle_rejects_degenerate_collinear ... ok
test rasterizer::tile::tests::render_batch_with_empty_input ... ok
test rasterizer::tile::tests::should_use_scanline_for_4k_high_triangles ... ok
test rasterizer::tile::tests::should_use_scanline_for_low_res ... ok
test rasterizer::tile::tests::should_use_tiled_for_1080p_low_triangles ... ok
test rasterizer::tile::tests::should_use_tiled_for_4k_low_triangles ... ok
test rasterizer::tile::tests::single_triangle_renders_identically_to_fill_triangle_3d ... ok
test rasterizer::tile::tests::small_triangle_bins_to_one_tile ... ok
test rasterizer::tile::tests::should_use_scanline_for_1080p_high_triangles ... ok
test rasterizer::tile::tests::test_render_batch_into_slices_matches_render_batch ... ok
test rasterizer::tile::tests::test_render_batch_textured_into_slices_matches_render_batch_textured ... ok
test rasterizer::tile::tests::large_resolution_no_panic ... ok
test rasterizer::tile::tests::verify_prepared_textured_triangle_size ... ok
test rasterizer::tile::tests::two_overlapping_triangles_zbuffer_correctness ... ok
test rasterizer::tile::tests::test_end_frame_into_slices_matches_end_frame ... ok
test rasterizer::tile::tests::verify_prepared_triangle_size ... ok
test rasterizer::tile::tile_bins_tests::test_tile_bins_clear ... ok
test rasterizer::tile::tile_bins_tests::test_tile_bins_empty_iter ... ok
test rasterizer::tile::tile_bins_tests::test_tile_bins_multiple_push_same_bin ... ok
test rasterizer::tile::tile_bins_tests::test_tile_bins_multiple_bins ... ok
test rasterizer::tile::warden_tests::exploit_sendptr_oob - should panic ... ok
test render_api::borrowed_target::tests::borrowed_target_accepts_exact_length_slices ... ok
test render_api::borrowed_target::tests::borrowed_target_rejects_overflowing_dimensions ... ok
test rasterizer::tile::tile_bins_tests::test_tile_bins_single_push ... ok
test render_api::borrowed_target::tests::borrowed_target_rejects_short_depth_slice ... ok
test render_api::borrowed_target::tests::owned_render_target_can_borrow_mut ... ok
test render_api::cpu_renderer::tests::test_cpu_renderer_drawlist_capacity_overflow - should panic ... ok
test render_api::cpu_renderer::tests::test_cpu_renderer_empty_frame ... ok
test render_api::cpu_renderer::tests::test_cpu_renderer_invalid_mesh ... ok
test render_api::borrowed_target::tests::borrowed_target_rejects_short_pixel_slice ... ok
test render_api::cpu_renderer::tests::test_cpu_renderer_renders_visible_pixels ... ok
test render_api::cpu_renderer::tests::test_cpu_renderer_stale_handle ... ok
test render_api::cpu_renderer::tests::test_cpu_renderer_stale_material_handle ... ok
test render_api::cpu_renderer::tests::test_create_texture ... ok
test render_api::cpu_renderer::tests::test_destroy_texture ... ok
test render_api::cpu_renderer::tests::test_execute_draw_list_into_borrowed_target_matches_owned_target ... ok
test render_api::cpu_renderer::tests::test_execute_draw_list_matches_render_frame ... ok
test render_api::cpu_renderer::tests::test_extract_draw_list_batch_count ... ok
test render_api::cpu_renderer::tests::test_extract_draw_list_stale_handle_error ... ok
test render_api::cpu_renderer::tests::test_extract_draw_list_stale_material_handle_error ... ok
test render_api::cpu_renderer::tests::test_render_frame_into_borrowed_target_matches_owned_target ... ok
test render_api::cpu_renderer::tests::test_update_mesh_invalid_indices ... ok
test render_api::cpu_renderer::tests::test_update_mesh_stale_handle ... ok
test render_api::cpu_renderer::tests::test_update_mesh_then_render ... ok
test render_api::cpu_renderer::tests::test_update_texture ... ok
test render_api::cpu_renderer::tests::test_update_texture_stale_handle ... ok
test render_api::draw_list::tests::test_draw_batch_new ... ok
test render_api::draw_list::tests::test_draw_list_clear ... ok
test render_api::draw_list::tests::test_draw_list_empty ... ok
test render_api::cpu_renderer::tests::test_cpu_renderer_lifecycle ... ok
test render_api::draw_list::tests::test_draw_list_triangle_count_multi_batch ... ok
test render_api::frame::tests::test_frame_add_draw_command ... ok
test render_api::frame::tests::test_frame_add_lights ... ok
test render_api::frame::tests::test_frame_creation ... ok
test render_api::handles::tests::test_handle_raw_parts_round_trip ... ok
test render_api::handles::tests::test_handle_type_safety ... ok
test render_api::handles::tests::test_pool_default ... ok
test render_api::handles::tests::test_pool_free_list_occupied_slot_panic - should panic ... ok
test render_api::handles::tests::test_pool_generation_overflow_panic ... ok
test render_api::handles::tests::test_pool_generation_overflow_use_after_free ... ok
test render_api::handles::tests::test_pool_get_invalid_generation ... ok
test render_api::handles::tests::test_pool_get_mut ... ok
test render_api::handles::tests::test_pool_get_mut_invalid_generation ... ok
test render_api::handles::tests::test_pool_insert_and_get ... ok
test render_api::handles::tests::test_pool_remove_invalid_generation ... ok
test render_api::handles::tests::test_pool_remove_invalidates_handle ... ok
test render_api::handles::tests::test_pool_remove_unreachable_guard - should panic ... ok
test render_api::handles::tests::test_pool_reuses_slots ... ok
test render_api::material::tests::test_flat_material ... ok
test render_api::material::tests::test_phong_material ... ok
test render_api::material::tests::test_textured_material ... ok
test render_api::target::tests::test_render_target_clear ... ok
test render_api::draw_list::tests::test_draw_list_push_batch ... ok
test render_api::target::tests::test_render_target_hiz ... ok
test render_api::target::tests::test_render_target_invalid_dimensions ... ok
test render_api::target::tests::test_render_target_pixel_access ... ok
test render_api::target::tests::test_render_target_creation ... ok
test scene::tests::test_extract_culls_objects_behind_camera ... ok
test scene::tests::test_extract_empty_scene ... ok
test scene::tests::test_extract_multiple_objects ... ok
test scene::tests::test_extract_visible_object_produces_batch ... ok
test skybox::tests::test_cubemap_sampling_directions ... ok
test skybox::tests::test_draw_skybox_integration ... ok
test scene::tests::test_calculate_world_aabb_matches_naive ... ok
test rasterizer::tile::tests::verify_simd_execution_with_wide_scanlines ... ok
test experimental::arboretum::tests::test_expansion_dos ... ok

test result: ok. 347 passed; 0 failed; 5 ignored; 0 measured; 0 filtered out; finished in 2.50s

     Running tests/arboretum_proptest.rs (target/debug/deps/arboretum_proptest-ecaf92d496fdff09)

running 1 test
test arboretum_expand_unicode_does_not_crash ... ok

test result: ok. 1 passed; 0 failed; 0 ignored; 0 measured; 0 filtered out; finished in 59.43s

     Running tests/circle_havoc_test.rs (target/debug/deps/circle_havoc_test-6384e83f5cf5a20b)

running 1 test
test havoc_circle_overflow ... ok

test result: ok. 1 passed; 0 failed; 0 ignored; 0 measured; 0 filtered out; finished in 0.00s

     Running tests/circle_proptest.rs (target/debug/deps/circle_proptest-38c0ee6d3491d9ea)

running 1 test
test havoc_circle_proptest ... ok

test result: ok. 1 passed; 0 failed; 0 ignored; 0 measured; 0 filtered out; finished in 0.04s

     Running tests/filters_proptest.rs (target/debug/deps/filters_proptest-73955fcd24fb3797)

running 1 test
test test_filters_no_crash ... ok

test result: ok. 1 passed; 0 failed; 0 ignored; 0 measured; 0 filtered out; finished in 8.25s

     Running tests/havoc_ascii_proptest.rs (target/debug/deps/havoc_ascii_proptest-edc4df9eccf8e6f6)

running 1 test
test test_havoc_ascii_colored_string_overflow - should panic ... ok

test result: ok. 1 passed; 0 failed; 0 ignored; 0 measured; 0 filtered out; finished in 0.01s

     Running tests/havoc_circle_proptest.rs (target/debug/deps/havoc_circle_proptest-8f5b25b16f8b889a)

running 1 test
test test_circle_overflow_panic ... ok

test result: ok. 1 passed; 0 failed; 0 ignored; 0 measured; 0 filtered out; finished in 0.05s

     Running tests/havoc_directional_blur.rs (target/debug/deps/havoc_directional_blur-b7d29547644b8d5f)

running 1 test
test havoc_test_directional_blur_overflow ... ok

test result: ok. 1 passed; 0 failed; 0 ignored; 0 measured; 0 filtered out; finished in 0.21s

     Running tests/havoc_draw_line_3d.rs (target/debug/deps/havoc_draw_line_3d-48a0dd96a3e0dffe)

running 1 test
test havoc_line_3d_overflow ... ok

test result: ok. 1 passed; 0 failed; 0 ignored; 0 measured; 0 filtered out; finished in 0.09s

     Running tests/havoc_pixel_sort_proptest.rs (target/debug/deps/havoc_pixel_sort_proptest-c73959f2699e2566)

running 1 test
test fuzz_apply_pixel_sort ... ok

test result: ok. 1 passed; 0 failed; 0 ignored; 0 measured; 0 filtered out; finished in 25.22s

     Running tests/havoc_radial_blur_fuzz.rs (target/debug/deps/havoc_radial_blur_fuzz-6142bf4e05391ff1)

running 1 test
test test_havoc_radial_blur_samples_overflow ... ok

test result: ok. 1 passed; 0 failed; 0 ignored; 0 measured; 0 filtered out; finished in 0.02s

     Running tests/havoc_rect_proptest.rs (target/debug/deps/havoc_rect_proptest-8c65d710ac7b2977)

running 2 tests
test test_draw_rect_extreme_no_panic ... ok
test test_fill_rounded_rect_extreme_no_panic ... ok

test result: ok. 2 passed; 0 failed; 0 ignored; 0 measured; 0 filtered out; finished in 3.07s

     Running tests/havoc_tile_ub_test.rs (target/debug/deps/havoc_tile_ub_test-2015eb768d074dd2)

running 1 test
test test_tile_uninit_read_ub ... ok

test result: ok. 1 passed; 0 failed; 0 ignored; 0 measured; 0 filtered out; finished in 0.01s

     Running tests/lsystem_proptest.rs (target/debug/deps/lsystem_proptest-5530cee77b99096d)

running 1 test
test lsystem_expand_unicode_does_not_crash ... ok

test result: ok. 1 passed; 0 failed; 0 ignored; 0 measured; 0 filtered out; finished in 58.94s

     Running tests/rect_bounds_test.rs (target/debug/deps/rect_bounds_test-d37f139489b9a039)

running 2 tests
test test_off_screen_draw_rounded_rect_performance ... ok
test test_off_screen_rounded_rect_performance ... ok

test result: ok. 2 passed; 0 failed; 0 ignored; 0 measured; 0 filtered out; finished in 0.02s

     Running tests/test_scene_alloc.rs (target/debug/deps/test_scene_alloc-991d8693d6638205)

running 1 test
test test_scene_capacity ... ok

test result: ok. 1 passed; 0 failed; 0 ignored; 0 measured; 0 filtered out; finished in 0.00s

     Running unittests src/lib.rs (target/debug/deps/abrash_skeletal-e71c682a50638d5a)

running 62 tests
test animator::tests::bones_without_channels_keep_bind_pose ... ok
test animator::tests::out_of_range_joint_index_skipped ... ok
test animator::tests::multi_bone_completes_after_full_duration ... ok
test animator::tests::looping_playback_never_completes ... ok
test animator::tests::no_channels_immediately_completed ... ok
test animator::tests::skeleton_accessor ... ok
test animator::tests::single_bone_translation_interpolates_at_midpoint ... ok
test animator::tests::tick_reaches_final_values ... ok
test clip::tests::channel_values_len_matches ... ok
test clip::tests::empty_channel_fails ... ok
test clip::tests::fewer_than_two_keyframes_fails ... ok
test clip::tests::unsorted_timestamps_fail ... ok
test clip::tests::valid_rotation_channel_passes ... ok
test clip::tests::clip_stores_metadata ... ok
test clip::tests::valid_scale_channel_passes ... ok
test clip::tests::valid_translation_channel_passes ... ok
test clip::tests::length_mismatch_fails ... ok
test clip_evaluable::tests::natural_duration_matches_clip_duration ... ok
test clip_evaluable::tests::scale_channel_converts_to_vec3 ... ok
test clip_evaluable::tests::three_keyframe_translation_channel ... ok
test clip_evaluable::tests::quat_evaluable_panics_on_translation_values - should panic ... ok
test gltf_loader::tests::rgb_to_argb_always_opaque ... ok
test clip_evaluable::tests::two_keyframe_rotation_channel ... ok
test gltf_loader::tests::rgb_to_argb_basic ... ok
test clip_evaluable::tests::vec3_evaluable_panics_on_rotation_values - should panic ... ok
test gltf_loader::tests::rgb_to_argb_white ... ok
test gltf_loader::tests::rgba_to_argb_blue_channel ... ok
test gltf_loader::tests::rgba_to_argb_basic ... ok
test gltf_loader::tests::rgba_to_argb_fully_opaque_white ... ok
test gltf_loader::tests::rgba_to_argb_fully_transparent_black ... ok
test gltf_loader::tests::transpose_double_transpose_is_original ... ok
test gltf_loader::tests::rgba_to_argb_red_only ... ok
test gltf_loader::tests::rgba_to_argb_green_channel ... ok
test gltf_loader::tests::transpose_translation_matrix ... ok
test gltf_loader::tests::transpose_identity_is_identity ... ok
test pose::tests::pose_from_bind_matches_joint_transforms ... ok
test gltf_loader::tests::transpose_known_matrix ... ok
test skeleton::tests::joint_count_returns_correct_value ... ok
test pose::tests::pose_new_stores_transforms ... ok
test skeleton::tests::invalid_parent_ordering_panics - should panic ... ok
test skeleton::tests::fk_with_rotated_parent_translates_child_correctly ... ok
test skeleton::tests::self_referencing_parent_panics - should panic ... ok
test skeleton::tests::skin_matrices_identity_bind ... ok
test skeleton::tests::skin_matrices_cancel_bind_pose ... ok
test skeleton::tests::single_root_identity_produces_identity ... ok
test skeleton::tests::three_joint_chain_with_rotation ... ok
test skeleton::tests::two_joint_chain_offset ... ok
test skin::tests::multi_bone_weights_valid ... ok
test skin::tests::out_of_range_joint_index_fails ... ok
test skin::tests::mismatched_joint_indices_length_fails ... ok
test skin::tests::mismatched_weights_length_fails ... ok
test skin::tests::zero_weight_joint_index_out_of_range_is_ok ... ok
test skinning::tests::end_to_end_skeleton_skinning ... ok
test skinning::tests::four_bone_influence ... ok
test skinning::tests::identity_skinning_preserves_positions ... ok
test skinning::tests::multi_bone_weighted_blend ... ok
test skinning::tests::multiple_vertices ... ok
test skinning::tests::single_bone_rotation_90_y ... ok
test skinning::tests::zero_weight_bones_skipped ... ok
test skin::tests::valid_skin_passes_validation ... ok
test skin::tests::weights_not_summing_to_one_fails ... ok
test skin::tests::weights_within_tolerance_pass ... ok

test result: ok. 62 passed; 0 failed; 0 ignored; 0 measured; 0 filtered out; finished in 0.06s

     Running unittests src/lib.rs (target/debug/deps/embed_demo-09bf7ec0901ab24b)

running 10 tests
test tests::test_empty_scene_produces_clear_color ... ok
test tests::test_cube_produces_visible_pixels ... ok
test tests::test_culled_object_behind_camera_produces_no_pixels ... ok
test tests::test_register_mesh_panics_on_invalid_indices - should panic ... ok
test tests::test_mesh_reused_across_frames ... ok
test tests::test_render_into_external_buffers_rejects_invalid_slices_before_rendering ... ok
test tests::test_render_into_external_buffers_preserves_host_ownership ... ok
test tests::test_two_objects_both_visible ... ok
test tests::test_render_into_external_buffers_produces_visible_pixels ... ok
test tests::test_render_into_external_buffers_matches_render_convenience_path ... ok

test result: ok. 10 passed; 0 failed; 0 ignored; 0 measured; 0 filtered out; finished in 0.03s

     Running unittests src/main.rs (target/debug/deps/embed_demo-da7c6c8284cef030)

running 0 tests

test result: ok. 0 passed; 0 failed; 0 ignored; 0 measured; 0 filtered out; finished in 0.00s

   Doc-tests abrash

running 2 tests
test src/platform/tui.rs - platform::tui::TuiWindow (line 32) - compile ... FAILED
test src/lib.rs - (line 43) ... ok

failures:

---- src/platform/tui.rs - platform::tui::TuiWindow (line 32) stdout ----
error[E0433]: failed to resolve: could not find `platform` in `abrash_render`
  --> src/platform/tui.rs:34:20
   |
34 | use abrash_render::platform::tui::TuiWindow;
   |                    ^^^^^^^^ could not find `platform` in `abrash_render`

error: aborting due to 1 previous error

For more information about this error, try `rustc --explain E0433`.
Couldn't compile the test.

failures:
    src/platform/tui.rs - platform::tui::TuiWindow (line 32)

test result: FAILED. 1 passed; 1 failed; 0 ignored; 0 measured; 0 filtered out; finished in 1.97s

all doctests ran in 2.58s; merged doctests compilation took 0.56s
error: doctest failed, to rerun pass `-p abrash --doc`
   Doc-tests abrash_anim

running 0 tests

test result: ok. 0 passed; 0 failed; 0 ignored; 0 measured; 0 filtered out; finished in 0.00s

   Doc-tests abrash_core

running 476 tests
test crates/abrash-core/src/bam.rs - bam::Bam (line 114) ... ok
test crates/abrash-core/src/clipping.rs - clipping::clip_triangle_against_near_plane (line 543) ... ok
test crates/abrash-core/src/color.rs - color (line 15) ... ok
test crates/abrash-core/src/clipping.rs - clipping::clip_line_to_frustum (line 457) ... ok
test crates/abrash-core/src/clipping.rs - clipping::clip_triangle_to_frustum (line 99) ... ok
test crates/abrash-core/src/color.rs - color::Color::adjust_saturation (line 501) ... ok
test crates/abrash-core/src/color.rs - color::Color::adjust_hue (line 1000) ... ok
test crates/abrash-core/src/color.rs - color::Color::adjust_brightness (line 444) ... ok
test crates/abrash-core/src/color.rs - color::Color::adjust_contrast (line 469) ... ok
test crates/abrash-core/src/color.rs - color::Color::blend_difference (line 849) ... ok
test crates/abrash-core/src/color.rs - color::Color::blend_dodge (line 784) ... ok
test crates/abrash-core/src/color.rs - color::Color::blend_burn (line 816) ... ok
test crates/abrash-core/src/color.rs - color::Color::blend_hard_light (line 385) ... ok
test crates/abrash-core/src/color.rs - color::Color::blend_exclusion (line 875) ... ok
test crates/abrash-core/src/color.rs - color::Color::blend_soft_light (line 407) ... ok
test crates/abrash-core/src/color.rs - color::Color::blend_overlay (line 355) ... ok
test crates/abrash-core/src/color.rs - color::Color::from_oklab (line 609) ... ok
test crates/abrash-core/src/color.rs - color::Color::from_linear (line 1075) ... ok
test crates/abrash-core/src/color.rs - color::Color::delta_e_oklab (line 1106) ... ok
test crates/abrash-core/src/color.rs - color::Color::from_oklch (line 976) ... ok
test crates/abrash-core/src/color.rs - color::Color::gradient (line 739) ... ok
test crates/abrash-core/src/color.rs - color::Color::invert (line 1021) ... ok
test crates/abrash-core/src/color.rs - color::Color::from_temperature (line 675) ... ok
test crates/abrash-core/src/color.rs - color::Color::from_xyz (line 930) ... ok
test crates/abrash-core/src/color.rs - color::Color::lerp_oklab (line 644) ... ok
test crates/abrash-core/src/color.rs - color::Color::to_oklch (line 954) ... ok
test crates/abrash-core/src/color.rs - color::Color::to_linear (line 1042) ... ok
test crates/abrash-core/src/color.rs - color::Color::to_oklab (line 573) ... ok
test crates/abrash-core/src/culling.rs - culling::Plane::distance_to_point (line 44) ... ok
test crates/abrash-core/src/color.rs - color::Color::to_xyz (line 904) ... ok
test crates/abrash-core/src/curve.rs - curve (line 14) ... ok
test crates/abrash-core/src/easing.rs - easing (line 30) ... ok
test crates/abrash-core/src/framebuffer.rs - framebuffer::Framebuffer::as_slice (line 99) ... ok
test crates/abrash-core/src/framebuffer.rs - framebuffer::Framebuffer::as_mut_slice (line 119) ... ok
test crates/abrash-core/src/framebuffer.rs - framebuffer::Framebuffer::clear (line 134) ... ok
test crates/abrash-core/src/framebuffer.rs - framebuffer::Framebuffer::get_pixel (line 177) ... ok
test crates/abrash-core/src/framebuffer.rs - framebuffer::Framebuffer::get_pixel_unchecked (line 238) ... ok
test crates/abrash-core/src/framebuffer.rs - framebuffer::Framebuffer::clear_rect (line 264) ... ok
test crates/abrash-core/src/framebuffer.rs - framebuffer::Framebuffer::set_pixel (line 151) ... ok
test crates/abrash-core/src/framebuffer.rs - framebuffer::Framebuffer::set_pixel_unchecked (line 207) ... ok
test crates/abrash-core/src/framebuffer.rs - framebuffer::Framebuffer::height (line 81) ... ok
test crates/abrash-core/src/framebuffer.rs - framebuffer::Framebuffer::new (line 37) ... ok
test crates/abrash-core/src/geometry.rs - geometry::AABB (line 600) ... ok
test crates/abrash-core/src/geometry.rs - geometry::AABB::corners (line 1200) ... ok
test crates/abrash-core/src/geometry.rs - geometry::AABB::from_points (line 664) ... ok
test crates/abrash-core/src/framebuffer.rs - framebuffer::Framebuffer::width (line 64) ... ok
test crates/abrash-core/src/geometry.rs - geometry::AABB::from_sphere (line 780) ... ok
test crates/abrash-core/src/geometry.rs - geometry::AABB::intersects_plane (line 1236) ... ok
test crates/abrash-core/src/geometry.rs - geometry::AABB::merge (line 1156) ... ok
test crates/abrash-core/src/geometry.rs - geometry::AABB::grow (line 799) ... ok
test crates/abrash-core/src/geometry.rs - geometry::AABB::new (line 625) ... ok
test crates/abrash-core/src/geometry.rs - geometry::AABB::transform (line 915) ... ok
test crates/abrash-core/src/geometry.rs - geometry::AABB::volume (line 1178) ... ok
test crates/abrash-core/src/geometry.rs - geometry::BoundingSphere (line 409) ... ok
test crates/abrash-core/src/geometry.rs - geometry::BoundingSphere::contains_sphere (line 575) ... ok
test crates/abrash-core/src/geometry.rs - geometry::BoundingSphere::merge (line 542) ... ok
test crates/abrash-core/src/geometry.rs - geometry::BoundingSphere::from_points (line 434) ... ok
test crates/abrash-core/src/geometry.rs - geometry::Capsule (line 1766) ... ok
test crates/abrash-core/src/geometry.rs - geometry::Cylinder (line 272) ... ok
test crates/abrash-core/src/geometry.rs - geometry::Frustum (line 2371) ... ok
test crates/abrash-core/src/geometry.rs - geometry::OBB (line 1541) ... ok
test crates/abrash-core/src/geometry.rs - geometry::Plane::flip (line 2270) ... ok
test crates/abrash-core/src/geometry.rs - geometry::Plane (line 2167) ... ok
test crates/abrash-core/src/geometry.rs - geometry::Plane::intersect_plane (line 2296) ... ok
test crates/abrash-core/src/geometry.rs - geometry::Ray::intersects_plane (line 119) ... ok
test crates/abrash-core/src/geometry.rs - geometry::Ray::closest_t (line 90) ... ok
test crates/abrash-core/src/geometry.rs - geometry::Plane::intersect_three (line 2331) ... ok
test crates/abrash-core/src/geometry.rs - geometry::Segment (line 1982) ... ok
test crates/abrash-core/src/geometry.rs - geometry::Segment::closest_point (line 2046) ... ok
test crates/abrash-core/src/geometry.rs - geometry::Segment::midpoint (line 2026) ... ok
test crates/abrash-core/src/geometry.rs - geometry::Segment::distance_sq (line 2073) ... ok
test crates/abrash-core/src/geometry.rs - geometry::Segment::length (line 2009) ... ok
test crates/abrash-core/src/geometry.rs - geometry::Segment::to_aabb (line 2098) ... ok
test crates/abrash-core/src/geometry.rs - geometry::Segment::intersects_aabb (line 2119) ... ok
test crates/abrash-core/src/geometry.rs - geometry::Triangle (line 1273) ... ok
test crates/abrash-core/src/geometry.rs - geometry::Triangle::incenter (line 1469) ... ok
test crates/abrash-core/src/geometry.rs - geometry::Triangle::is_degenerate (line 1499) ... ok
test crates/abrash-core/src/gradient.rs - gradient (line 16) ... ok
test crates/abrash-core/src/hiz_buffer.rs - hiz_buffer::AABB3D (line 64) ... ok
test crates/abrash-core/src/hiz_buffer.rs - hiz_buffer::HiZBuffer (line 136) ... ok
test crates/abrash-core/src/irect.rs - irect (line 10) ... ok
test crates/abrash-core/src/hiz_buffer.rs - hiz_buffer::HiZBuffer::new (line 171) ... ok
test crates/abrash-core/src/irect.rs - irect::IRect::from_pos_size (line 54) ... ok
test crates/abrash-core/src/ivec.rs - ivec (line 16) ... ok
test crates/abrash-core/src/ivec.rs - ivec::IVec3 (line 303) ... ok
test crates/abrash-core/src/math/funcs.rs - math::funcs::aabb_intersects_aabb_3d (line 4758) ... ok
test crates/abrash-core/src/math/funcs.rs - math::funcs::aabb_contains_point_3d (line 4744) ... ok
test crates/abrash-core/src/math/funcs.rs - math::funcs::aces_filmic (line 2536) ... ok
test crates/abrash-core/src/math/funcs.rs - math::funcs::angle_diff (line 196) ... ok
test crates/abrash-core/src/math/funcs.rs - math::funcs::barycentric_3d (line 3851) ... ok
test crates/abrash-core/src/math/funcs.rs - math::funcs::approx_eq (line 2174) ... ok
test crates/abrash-core/src/math/funcs.rs - math::funcs::bayer8x8 (line 2262) ... ok
test crates/abrash-core/src/math/funcs.rs - math::funcs::basis_from_normal (line 1780) ... ok
test crates/abrash-core/src/hiz_buffer.rs - hiz_buffer::HiZBuffer::is_coarse_bin_visible (line 517) ... ok
test crates/abrash-core/src/math/funcs.rs - math::funcs::bezier_cubic (line 1414) ... ok
test crates/abrash-core/src/math/funcs.rs - math::funcs::bezier_cubic_arc_length (line 1620) ... ok
test crates/abrash-core/src/math/funcs.rs - math::funcs::bezier_cubic_split (line 1548) ... ok
test crates/abrash-core/src/hiz_buffer.rs - hiz_buffer (line 23) ... ok
test crates/abrash-core/src/math/funcs.rs - math::funcs::bias (line 364) ... ok
test crates/abrash-core/src/math/funcs.rs - math::funcs::bezier_quadratic (line 1394) ... ok
test crates/abrash-core/src/math/funcs.rs - math::funcs::bounce (line 2331) ... ok
test crates/abrash-core/src/math/funcs.rs - math::funcs::bilinear_interp (line 5258) ... ok
test crates/abrash-core/src/math/funcs.rs - math::funcs::bspline_eval (line 1587) ... ok
test crates/abrash-core/src/math/funcs.rs - math::funcs::catmull_rom (line 1450) ... ok
test crates/abrash-core/src/math/funcs.rs - math::funcs::checkerboard_2d (line 5175) ... ok
test crates/abrash-core/src/math/funcs.rs - math::funcs::cartesian_to_cylindrical (line 732) ... ok
test crates/abrash-core/src/math/funcs.rs - math::funcs::cielab_to_linear_rgb (line 5397) ... ok
test crates/abrash-core/src/math/funcs.rs - math::funcs::closest_point_on_triangle_3d (line 4542) ... ok
test crates/abrash-core/src/math/funcs.rs - math::funcs::cartesian_to_spherical (line 684) ... ok
test crates/abrash-core/src/math/funcs.rs - math::funcs::closest_point_on_segment_3d (line 3937) ... ok
test crates/abrash-core/src/math/funcs.rs - math::funcs::color_temperature_rgb (line 3164) ... ok
test crates/abrash-core/src/math/funcs.rs - math::funcs::cubic_solve (line 1712) ... ok
test crates/abrash-core/src/math/funcs.rs - math::funcs::cubic_bezier_eval (line 611) ... ok
test crates/abrash-core/src/math/funcs.rs - math::funcs::compute_tangent (line 5285) ... ok
test crates/abrash-core/src/math/funcs.rs - math::funcs::cylindrical_to_cartesian (line 712) ... ok
test crates/abrash-core/src/math/funcs.rs - math::funcs::depth_linearize (line 5048) ... ok
test crates/abrash-core/src/math/funcs.rs - math::funcs::ease_back_out (line 3370) ... ok
test crates/abrash-core/src/math/funcs.rs - math::funcs::db_to_linear (line 2302) ... ok
test crates/abrash-core/src/math/funcs.rs - math::funcs::ease_back_in (line 3351) ... ok
test crates/abrash-core/src/math/funcs.rs - math::funcs::ease_bounce_in (line 3639) ... ok
test crates/abrash-core/src/math/funcs.rs - math::funcs::ease_circ_out (line 3672) ... ok
test crates/abrash-core/src/math/funcs.rs - math::funcs::ease_cubic_in (line 4025) ... ok
test crates/abrash-core/src/math/funcs.rs - math::funcs::ease_bounce_out (line 3609) ... ok
test crates/abrash-core/src/math/funcs.rs - math::funcs::ease_circ_in (line 3655) ... ok
test crates/abrash-core/src/math/funcs.rs - math::funcs::ease_cubic_in_out (line 4052) ... ok
test crates/abrash-core/src/math/funcs.rs - math::funcs::ease_elastic_out (line 3391) ... ok
test crates/abrash-core/src/math/funcs.rs - math::funcs::ease_cubic_out (line 4038) ... ok
test crates/abrash-core/src/math/funcs.rs - math::funcs::ease_exp_in (line 2467) ... ok
test crates/abrash-core/src/math/funcs.rs - math::funcs::ease_exp_out (line 2487) ... ok
test crates/abrash-core/src/math/funcs.rs - math::funcs::ease_expo_in_out (line 4356) ... ok
test crates/abrash-core/src/math/funcs.rs - math::funcs::ease_expo_in (line 4319) ... ok
test crates/abrash-core/src/math/funcs.rs - math::funcs::ease_expo_out (line 4338) ... ok
test crates/abrash-core/src/math/funcs.rs - math::funcs::ease_out (line 538) ... ok
test crates/abrash-core/src/math/funcs.rs - math::funcs::ease_in_out (line 560) ... ok
test crates/abrash-core/src/math/funcs.rs - math::funcs::ease_in (line 520) ... ok
test crates/abrash-core/src/math/funcs.rs - math::funcs::ease_quad_in_out (line 4005) ... ok
test crates/abrash-core/src/math/funcs.rs - math::funcs::ease_quad_in (line 3977) ... ok
test crates/abrash-core/src/math/funcs.rs - math::funcs::ease_quad_out (line 3992) ... ok
test crates/abrash-core/src/math/funcs.rs - math::funcs::ease_sine_in (line 4070) ... ok
test crates/abrash-core/src/math/funcs.rs - math::funcs::erf_approx (line 4132) ... ok
test crates/abrash-core/src/math/funcs.rs - math::funcs::ease_sine_in_out (line 4097) ... ok
test crates/abrash-core/src/math/funcs.rs - math::funcs::exp_decay (line 503) ... ok
test crates/abrash-core/src/math/funcs.rs - math::funcs::ease_sine_out (line 4084) ... ok
test crates/abrash-core/src/math/funcs.rs - math::funcs::fast_atan2 (line 758) ... ok
test crates/abrash-core/src/math/funcs.rs - math::funcs::exposure (line 2551) ... ok
test crates/abrash-core/src/math/funcs.rs - math::funcs::fast_exp2 (line 2035) ... ok
test crates/abrash-core/src/math/funcs.rs - math::funcs::fast_inv_sqrt (line 58) ... ok
test crates/abrash-core/src/math/funcs.rs - math::funcs::fast_log2 (line 2010) ... ok
test crates/abrash-core/src/math/funcs.rs - math::funcs::fbm_2d (line 3074) ... ok
test crates/abrash-core/src/math/funcs.rs - math::funcs::fbm_3d (line 4231) ... ok
test crates/abrash-core/src/math/funcs.rs - math::funcs::frenet_frame (line 902) ... ok
test crates/abrash-core/src/math/funcs.rs - math::funcs::fresnel_schlick (line 2784) ... ok
test crates/abrash-core/src/math/funcs.rs - math::funcs::gain (line 385) ... ok
test crates/abrash-core/src/math/funcs.rs - math::funcs::gcd_u32 (line 3199) ... ok
test crates/abrash-core/src/math/funcs.rs - math::funcs::gaussian (line 4110) ... ok
test crates/abrash-core/src/math/funcs.rs - math::funcs::ggx_ndf (line 3470) ... ok
test crates/abrash-core/src/math/funcs.rs - math::funcs::ggx_geometry_smith (line 3496) ... ok
test crates/abrash-core/src/math/funcs.rs - math::funcs::golden_ratio_sequence (line 1945) ... ok
test crates/abrash-core/src/math/funcs.rs - math::funcs::halton (line 816) ... ok
test crates/abrash-core/src/math/funcs.rs - math::funcs::hammersley_2d (line 872) ... ok
test crates/abrash-core/src/math/funcs.rs - math::funcs::hash2_to_f32 (line 2243) ... ok
test crates/abrash-core/src/math/funcs.rs - math::funcs::hermite (line 1475) ... ok
test crates/abrash-core/src/math/funcs.rs - math::funcs::hash_to_f32 (line 2228) ... ok
test crates/abrash-core/src/math/funcs.rs - math::funcs::hsl_to_rgb (line 2748) ... ok
test crates/abrash-core/src/math/funcs.rs - math::funcs::in_range (line 2159) ... ok
test crates/abrash-core/src/math/funcs.rs - math::funcs::hsv_to_rgb (line 2680) ... ok
test crates/abrash-core/src/math/funcs.rs - math::funcs::igr_noise (line 2914) ... ok
test crates/abrash-core/src/math/funcs.rs - math::funcs::inverse_lerp (line 283) ... ok
test crates/abrash-core/src/math/funcs.rs - math::funcs::is_power_of_2 (line 5007) ... ok
test crates/abrash-core/src/math/funcs.rs - math::funcs::kochanek_bartels (line 1509) ... ok
test crates/abrash-core/src/math/funcs.rs - math::funcs::lanczos_kernel (line 3714) ... ok
test crates/abrash-core/src/math/funcs.rs - math::funcs::lerp (line 95) ... ok
test crates/abrash-core/src/math/funcs.rs - math::funcs::lcm_u32 (line 3220) ... ok
test crates/abrash-core/src/math/funcs.rs - math::funcs::lerp_angle (line 169) ... ok
test crates/abrash-core/src/math/funcs.rs - math::funcs::lerp_vec2 (line 4251) ... ok
test crates/abrash-core/src/math/funcs.rs - math::funcs::linear_rgb_to_cielab (line 5360) ... ok
test crates/abrash-core/src/math/funcs.rs - math::funcs::linear_rgb_to_xyz (line 4848) ... ok
test crates/abrash-core/src/math/funcs.rs - math::funcs::linear_rgb_to_oklab (line 2971) ... ok
test crates/abrash-core/src/math/funcs.rs - math::funcs::lerp_vec3 (line 4265) ... ok
test crates/abrash-core/src/math/funcs.rs - math::funcs::linear_to_db (line 2289) ... ok
test crates/abrash-core/src/math/funcs.rs - math::funcs::log2_ceil (line 5023) ... ok
test crates/abrash-core/src/math/funcs.rs - math::funcs::linear_to_srgb (line 2607) ... ok
test crates/abrash-core/src/math/funcs.rs - math::funcs::luminance_rec709 (line 3245) ... ok
test crates/abrash-core/src/math/funcs.rs - math::funcs::max3 (line 2365) ... ok
test crates/abrash-core/src/math/funcs.rs - math::funcs::marble_texture_2d (line 5160) ... ok
test crates/abrash-core/src/math/funcs.rs - math::funcs::make_view_ray (line 2587) ... ok
test crates/abrash-core/src/math/funcs.rs - math::funcs::map_range (line 243) ... ok
test crates/abrash-core/src/math/funcs.rs - math::funcs::median3 (line 2145) ... ok
test crates/abrash-core/src/math/funcs.rs - math::funcs::mitchell_netravali (line 3739) ... ok
test crates/abrash-core/src/math/funcs.rs - math::funcs::morton_decode_2d (line 1890) ... ok
test crates/abrash-core/src/math/funcs.rs - math::funcs::morton_encode_2d (line 1866) ... ok
test crates/abrash-core/src/math/funcs.rs - math::funcs::min3 (line 2352) ... ok
test crates/abrash-core/src/math/funcs.rs - math::funcs::next_power_of_2 (line 4991) ... ok
test crates/abrash-core/src/math/funcs.rs - math::funcs::normal_spheremap_decode (line 5087) ... ok
test crates/abrash-core/src/math/funcs.rs - math::funcs::next_power_of_two (line 2055) ... ok
test crates/abrash-core/src/math/funcs.rs - math::funcs::normal_spheremap_encode (line 5069) ... ok
test crates/abrash-core/src/math/funcs.rs - math::funcs::oklab_rotate_hue (line 3286) ... ok
test crates/abrash-core/src/math/funcs.rs - math::funcs::octahedral_decode (line 1841) ... ok
test crates/abrash-core/src/math/funcs.rs - math::funcs::oklab_to_linear_rgb (line 2995) ... ok
test crates/abrash-core/src/math/funcs.rs - math::funcs::octahedral_encode (line 1816) ... ok
test crates/abrash-core/src/math/funcs.rs - math::funcs::oklab_mix (line 3267) ... ok
test crates/abrash-core/src/math/funcs.rs - math::funcs::oklch_to_oklab (line 3793) ... ok
test crates/abrash-core/src/math/funcs.rs - math::funcs::pack_snorm_2x16 (line 5227) ... ok
test crates/abrash-core/src/math/funcs.rs - math::funcs::oklab_to_oklch (line 3774) ... ok
test crates/abrash-core/src/math/funcs.rs - math::funcs::pack_unorm_4x8 (line 5194) ... ok
test crates/abrash-core/src/math/funcs.rs - math::funcs::pcg_hash (line 2194) ... ok
test crates/abrash-core/src/math/funcs.rs - math::funcs::perlin_noise_3d (line 4165) ... ok
test crates/abrash-core/src/math/funcs.rs - math::funcs::perlin_noise_2d (line 3023) ... ok
test crates/abrash-core/src/math/funcs.rs - math::funcs::ping_pong (line 219) ... ok
test crates/abrash-core/src/math/funcs.rs - math::funcs::perspective_correct_lerp (line 2429) ... ok
test crates/abrash-core/src/math/funcs.rs - math::funcs::prev_power_of_two (line 2081) ... ok
test crates/abrash-core/src/math/funcs.rs - math::funcs::polygon_centroid_2d (line 957) ... ok
test crates/abrash-core/src/math/funcs.rs - math::funcs::point_in_polygon_2d (line 1001) ... ok
test crates/abrash-core/src/math/funcs.rs - math::funcs::project_to_screen_optimized (line 1044) ... ok
test crates/abrash-core/src/math/funcs.rs - math::funcs::project_point_to_plane (line 3957) ... ok
test crates/abrash-core/src/math/funcs.rs - math::funcs::quadratic_solve (line 1667) ... ok
test crates/abrash-core/src/math/funcs.rs - math::funcs::pulse_wave (line 478) ... ok
test crates/abrash-core/src/math/funcs.rs - math::funcs::quadratic_bezier_eval (line 581) ... ok
test crates/abrash-core/src/math/funcs.rs - math::funcs::quat_rotation_between (line 4898) ... ok
test crates/abrash-core/src/math/funcs.rs - math::funcs::ray_capsule_intersect (line 4626) ... ok
test crates/abrash-core/src/math/funcs.rs - math::funcs::ray_aabb_intersect (line 2852) ... ok
test crates/abrash-core/src/math/funcs.rs - math::funcs::ray_obb_intersect (line 4794) ... ok
test crates/abrash-core/src/math/funcs.rs - math::funcs::ray_disk_intersect (line 3812) ... ok
test crates/abrash-core/src/math/funcs.rs - math::funcs::ray_plane_intersect (line 2831) ... ok
test crates/abrash-core/src/math/funcs.rs - math::funcs::ray_triangle_intersect (line 3420) ... ok
test crates/abrash-core/src/math/funcs.rs - math::funcs::ray_sphere_intersect (line 2806) ... ok
test crates/abrash-core/src/math/funcs.rs - math::funcs::refract (line 3912) ... ok
test crates/abrash-core/src/math/funcs.rs - math::funcs::reflect (line 3888) ... ok
test crates/abrash-core/src/math/funcs.rs - math::funcs::remap (line 149) ... ok
test crates/abrash-core/src/math/funcs.rs - math::funcs::reinhard (line 2505) ... ok
test crates/abrash-core/src/math/funcs.rs - math::funcs::reinhard_white (line 2520) ... ok
test crates/abrash-core/src/math/funcs.rs - math::funcs::rgb_to_hsl (line 2713) ... ok
test crates/abrash-core/src/math/funcs.rs - math::funcs::remap_clamped (line 307) ... ok
test crates/abrash-core/src/math/funcs.rs - math::funcs::sample_cosine_hemisphere (line 3308) ... ok
test crates/abrash-core/src/math/funcs.rs - math::funcs::rgb_to_hsv (line 2649) ... ok
test crates/abrash-core/src/math/funcs.rs - math::funcs::rgba_over (line 3136) ... ok
test crates/abrash-core/src/math/funcs.rs - math::funcs::sample_ggx_hemisphere (line 5456) ... ok
test crates/abrash-core/src/math/funcs.rs - math::funcs::sample_uniform_sphere (line 3331) ... ok
test crates/abrash-core/src/math/funcs.rs - math::funcs::sawtooth_wave (line 431) ... ok
test crates/abrash-core/src/math/funcs.rs - math::funcs::sh_y00 (line 3544) ... ok
test crates/abrash-core/src/math/funcs.rs - math::funcs::segment_intersect_2d (line 4283) ... ok
test crates/abrash-core/src/math/funcs.rs - math::funcs::sh_y2 (line 3580) ... ok
test crates/abrash-core/src/math/funcs.rs - math::funcs::sh_y1 (line 3561) ... ok
test crates/abrash-core/src/math/funcs.rs - math::funcs::sign_no_zero (line 344) ... ok
test crates/abrash-core/src/math/funcs.rs - math::funcs::signed_area_2d (line 928) ... ok
test crates/abrash-core/src/math/funcs.rs - math::funcs::signed_volume_tet (line 2400) ... ok
test crates/abrash-core/src/math/funcs.rs - math::funcs::sinc (line 3690) ... ok
test crates/abrash-core/src/math/funcs.rs - math::funcs::smootherstep5 (line 2105) ... ok
test crates/abrash-core/src/math/funcs.rs - math::funcs::smoothstep (line 119) ... ok
test crates/abrash-core/src/math/funcs.rs - math::funcs::smootherstep7 (line 2125) ... ok
test crates/abrash-core/src/math/funcs.rs - math::funcs::sphere_normal_to_uv (line 2567) ... ok
test crates/abrash-core/src/math/funcs.rs - math::funcs::spherical_fibonacci (line 1920) ... ok
test crates/abrash-core/src/math/funcs.rs - math::funcs::snap (line 2315) ... ok
test crates/abrash-core/src/math/funcs.rs - math::funcs::spring_damper (line 1974) ... ok
test crates/abrash-core/src/math/funcs.rs - math::funcs::smoothstep_sine (line 2450) ... ok
test crates/abrash-core/src/math/funcs.rs - math::funcs::spherical_to_cartesian (line 651) ... ok
test crates/abrash-core/src/math/funcs.rs - math::funcs::square_wave (line 452) ... ok
test crates/abrash-core/src/math/funcs.rs - math::funcs::srgb_to_linear (line 2626) ... ok
test crates/abrash-core/src/math/funcs.rs - math::funcs::step (line 325) ... ok
test crates/abrash-core/src/math/funcs.rs - math::funcs::triangle_normal (line 5109) ... ok
test crates/abrash-core/src/math/funcs.rs - math::funcs::triangle_area_3d (line 2380) ... ok
test crates/abrash-core/src/math/funcs.rs - math::funcs::triangle_wave (line 409) ... ok
test crates/abrash-core/src/math/funcs.rs - math::funcs::uv_rotate (line 5429) ... ok
test crates/abrash-core/src/math/funcs.rs - math::funcs::turbulence_2d (line 5137) ... ok
test crates/abrash-core/src/math/funcs.rs - math::funcs::uncharted2_tonemap (line 3516) ... ok
test crates/abrash-core/src/math/funcs.rs - math::funcs::value_noise_2d (line 2931) ... ok
test crates/abrash-core/src/math/funcs.rs - math::funcs::van_der_corput (line 846) ... ok
test crates/abrash-core/src/math/funcs.rs - math::funcs::wang_hash (line 2209) ... ok
test crates/abrash-core/src/math/funcs.rs - math::funcs::value_noise_3d (line 4450) ... ok
test crates/abrash-core/src/math/funcs.rs - math::funcs::wrap (line 262) ... ok
test crates/abrash-core/src/math/funcs.rs - math::funcs::worley_noise_2d (line 3100) ... ok
test crates/abrash-core/src/math/funcs.rs - math::funcs::xyz_to_linear_rgb (line 4869) ... ok
test crates/abrash-core/src/math/funcs.rs - math::funcs::worley_f1_f2_2d (line 5321) ... ok
test crates/abrash-core/src/math/funcs.rs - math::funcs::worley_noise_3d (line 4491) ... ok
test crates/abrash-core/src/math/mat3.rs - math::mat3::Mat3 (line 12) ... ok
test crates/abrash-core/src/math/mat2.rs - math::mat2::Mat2 (line 10) ... ok
test crates/abrash-core/src/math/mat4.rs - math::mat4::Mat4 (line 19) ... ok
test crates/abrash-core/src/math/mat4.rs - math::mat4::Mat4::look_at (line 415) ... ok
test crates/abrash-core/src/math/mat4.rs - math::mat4::Mat4::identity (line 60) ... ok
test crates/abrash-core/src/math/mat4.rs - math::mat4::Mat4::normal_matrix (line 233) ... ok
test crates/abrash-core/src/math/mat4.rs - math::mat4::Mat4::row (line 1286) ... ok
test crates/abrash-core/src/math/mat4.rs - math::mat4::Mat4::perspective (line 386) ... ok
test crates/abrash-core/src/math/mat4.rs - math::mat4::Mat4::reflect_plane (line 490) ... ok
test crates/abrash-core/src/math/mat4.rs - math::mat4::Mat4::shear (line 453) ... ok
test crates/abrash-core/src/math/mat4.rs - math::mat4::Mat4::transform_points (line 734) ... ok
test crates/abrash-core/src/math/mat4.rs - math::mat4::Mat4::transform_point (line 582) ... ok
test crates/abrash-core/src/math/mat4.rs - math::mat4::Mat4::transform_points_parallel (line 993) ... ok
test crates/abrash-core/src/math/mat4.rs - math::mat4::Mat4::unproject (line 534) ... ok
test crates/abrash-core/src/math/mod.rs - math (line 24) ... ok
test crates/abrash-core/src/math/quat.rs - math::quat::Quat::from_axis_angle (line 43) ... ok
test crates/abrash-core/src/math/quat.rs - math::quat::Quat::rotate (line 142) ... ok
test crates/abrash-core/src/math/quat.rs - math::quat::Quat::slerp (line 170) ... ok
test crates/abrash-core/src/math/vec2.rs - math::vec2::Vec2 (line 10) ... ok
test crates/abrash-core/src/math/quat.rs - math::quat::Quat::to_mat3 (line 222) ... ok
test crates/abrash-core/src/math/vec2.rs - math::vec2::Vec2::clamp_length (line 452) ... ok
test crates/abrash-core/src/math/vec2.rs - math::vec2::Vec2::to_polar (line 409) ... ok
test crates/abrash-core/src/math/vec2.rs - math::vec2::Vec2::angle_to (line 429) ... ok
test crates/abrash-core/src/math/vec2.rs - math::vec2::Vec2::from_polar (line 387) ... ok
test crates/abrash-core/src/math/vec2.rs - math::vec2::Vec2::lerp (line 62) ... ok
test crates/abrash-core/src/math/vec3.rs - math::vec3::Vec3 (line 10) ... ok
test crates/abrash-core/src/math/vec3.rs - math::vec3::Vec3::dot (line 138) ... ok
test crates/abrash-core/src/math/vec3.rs - math::vec3::Vec3::log (line 549) ... ok
test crates/abrash-core/src/math/vec3.rs - math::vec3::Vec3::cross (line 168) ... ok
test crates/abrash-core/src/math/vec3.rs - math::vec3::Vec3::max_component (line 507) ... ok
test crates/abrash-core/src/math/vec3.rs - math::vec3::Vec3::exp (line 535) ... ok
test crates/abrash-core/src/math/vec3.rs - math::vec3::Vec3::min_component (line 494) ... ok
test crates/abrash-core/src/math/vec3.rs - math::vec3::Vec3::reflect (line 343) ... ok
test crates/abrash-core/src/math/vec3.rs - math::vec3::Vec3::project_onto_plane (line 459) ... ok
test crates/abrash-core/src/math/vec3.rs - math::vec3::Vec3::normalize (line 216) ... ok
test crates/abrash-core/src/math/vec3.rs - math::vec3::Vec3::pow (line 520) ... ok
test crates/abrash-core/src/math/vec4.rs - math::vec4::Vec4::homogenize (line 229) ... ok
test crates/abrash-core/src/math/vec4.rs - math::vec4::Vec4::lerp (line 71) ... ok
test crates/abrash-core/src/math/vec4.rs - math::vec4::Vec4 (line 14) ... ok
test crates/abrash-core/src/mesh.rs - mesh::Mesh::compute_face_normals (line 470) ... ok
test crates/abrash-core/src/mesh.rs - mesh (line 7) ... ok
test crates/abrash-core/src/math/vec4.rs - math::vec4::Vec4::new (line 99) ... ok
test crates/abrash-core/src/mesh.rs - mesh::Mesh::cube (line 89) ... ok
test crates/abrash-core/src/mesh.rs - mesh::Mesh::sphere (line 153) ... ok
test crates/abrash-core/src/mesh.rs - mesh::Mesh::cylinder (line 280) ... ok
test crates/abrash-core/src/mesh.rs - mesh::Mesh::new (line 42) ... ok
test crates/abrash-core/src/mesh.rs - mesh::Mesh::plane (line 222) ... ok
test crates/abrash-core/src/mesh.rs - mesh::Mesh::with_capacity (line 65) ... ok
test crates/abrash-core/src/noise.rs - noise (line 21) ... ok
test crates/abrash-core/src/noise.rs - noise::billow_noise_2d (line 917) ... ok
test crates/abrash-core/src/mesh.rs - mesh::Mesh::torus (line 393) ... ok
test crates/abrash-core/src/noise.rs - noise::cellular_noise_2d (line 1334) ... ok
test crates/abrash-core/src/noise.rs - noise::curl_noise_2d (line 803) ... ok
test crates/abrash-core/src/noise.rs - noise::cellular_noise_3d (line 1357) ... ok
test crates/abrash-core/src/noise.rs - noise::billow_noise_3d (line 1202) ... ok
test crates/abrash-core/src/noise.rs - noise::domain_warp_fbm_3d (line 1263) ... ok
test crates/abrash-core/src/noise.rs - noise::fbm_simplex_2d (line 745) ... ok
test crates/abrash-core/src/noise.rs - noise::curl_noise_3d (line 829) ... ok
test crates/abrash-core/src/noise.rs - noise::domain_warp_fbm_2d (line 946) ... ok
test crates/abrash-core/src/noise.rs - noise::gabor_noise_2d (line 1067) ... ok
test crates/abrash-core/src/noise.rs - noise::fbm_simplex_3d (line 770) ... ok
test crates/abrash-core/src/noise.rs - noise::ridge_noise_2d (line 880) ... ok
test crates/abrash-core/src/noise.rs - noise::fbm_value_3d (line 1299) ... ok
test crates/abrash-core/src/noise.rs - noise::ridge_noise_3d (line 1169) ... ok
test crates/abrash-core/src/noise.rs - noise::simplex_2d (line 514) ... ok
test crates/abrash-core/src/noise.rs - noise::turbulence_3d (line 1227) ... ok
test crates/abrash-core/src/noise.rs - noise::simplex_3d (line 592) ... ok
test crates/abrash-core/src/noise.rs - noise::voronoi_noise_2d (line 986) ... ok
test crates/abrash-core/src/noise.rs - noise::worley_noise_2d (line 303) ... ok
test crates/abrash-core/src/noise.rs - noise::voronoi_noise_3d (line 1109) ... ok
test crates/abrash-core/src/obj_loader.rs - obj_loader::load_obj (line 423) ... ok
test crates/abrash-core/src/noise.rs - noise::worley_noise_3d (line 352) ... ok
test crates/abrash-core/src/plane.rs - plane::Plane (line 17) ... ok
test crates/abrash-core/src/plane.rs - plane::Frustum (line 82) ... ok
test crates/abrash-core/src/quat.rs - quat::Mat4::from_srt (line 570) ... ok
test crates/abrash-core/src/quat.rs - quat::DualQuat (line 602) ... ok
test crates/abrash-core/src/quat.rs - quat::Mat4::decompose (line 523) ... ok
test crates/abrash-core/src/quat.rs - quat::Quat (line 21) ... ok
test crates/abrash-core/src/sdf.rs - sdf (line 34) ... ok
test crates/abrash-core/src/random.rs - random (line 11) ... ok
test crates/abrash-core/src/sdf.rs - sdf::ambient_occlusion_estimate (line 5747) ... ok
test crates/abrash-core/src/ray.rs - ray::Ray (line 11) ... ok
test crates/abrash-core/src/sdf.rs - sdf::annular_sector_2d (line 5384) ... ok
test crates/abrash-core/src/sdf.rs - sdf::arrow_2d (line 2105) ... ok
test crates/abrash-core/src/sdf.rs - sdf::arc_2d (line 1319) ... ok
test crates/abrash-core/src/sdf.rs - sdf::bezier_sdf_2d (line 1200) ... ok
test crates/abrash-core/src/sdf.rs - sdf::arrow_3d (line 4435) ... ok
test crates/abrash-core/src/sdf.rs - sdf::biconvex_lens_3d (line 5203) ... ok
test crates/abrash-core/src/sdf.rs - sdf::blobby_cross_2d (line 3184) ... ok
test crates/abrash-core/src/sdf.rs - sdf::capped_torus_3d (line 1977) ... ok
test crates/abrash-core/src/sdf.rs - sdf::blobby_sphere (line 4124) ... ok
test crates/abrash-core/src/sdf.rs - sdf::box_frame_3d (line 827) ... ok
test crates/abrash-core/src/sdf.rs - sdf::cone_3d (line 326) ... ok
test crates/abrash-core/src/sdf.rs - sdf::chamfer_intersection (line 4002) ... ok
test crates/abrash-core/src/sdf.rs - sdf::cross_2d (line 1356) ... ok
test crates/abrash-core/src/sdf.rs - sdf::chamfer_subtract (line 4016) ... ok
test crates/abrash-core/src/sdf.rs - sdf::cross_3d (line 3447) ... ok
test crates/abrash-core/src/sdf.rs - sdf::cut_sphere_3d (line 2038) ... ok
test crates/abrash-core/src/sdf.rs - sdf::chamfer_union (line 3988) ... ok
test crates/abrash-core/src/sdf.rs - sdf::death_star_3d (line 3418) ... ok
test crates/abrash-core/src/sdf.rs - sdf::cut_disk_2d (line 1918) ... ok
test crates/abrash-core/src/sdf.rs - sdf::cut_hollow_sphere_3d (line 3068) ... ok
test crates/abrash-core/src/sdf.rs - sdf::deform_cheap_bend (line 1587) ... ok
test crates/abrash-core/src/sdf.rs - sdf::deform_bend (line 1562) ... ok
test crates/abrash-core/src/sdf.rs - sdf::diamond_3d (line 5168) ... ok
test crates/abrash-core/src/sdf.rs - sdf::disk_3d (line 5144) ... ok
test crates/abrash-core/src/sdf.rs - sdf::domain_warp_3d (line 5713) ... ok
test crates/abrash-core/src/sdf.rs - sdf::ellipse_2d (line 1429) ... ok
test crates/abrash-core/src/sdf.rs - sdf::egg_2d (line 1681) ... ok
test crates/abrash-core/src/sdf.rs - sdf::displace (line 972) ... ok
test crates/abrash-core/src/sdf.rs - sdf::ellipsoid_3d (line 301) ... ok
test crates/abrash-core/src/sdf.rs - sdf::elongate_2d (line 3090) ... ok
test crates/abrash-core/src/sdf.rs - sdf::elongate (line 689) ... ok
test crates/abrash-core/src/sdf.rs - sdf::fbm_displace_2d (line 4677) ... ok
test crates/abrash-core/src/sdf.rs - sdf::extrude_y (line 895) ... ok
test crates/abrash-core/src/sdf.rs - sdf::grid_2d (line 5636) ... ok
test crates/abrash-core/src/sdf.rs - sdf::frame_2d (line 5353) ... ok
test crates/abrash-core/src/sdf.rs - sdf::gyroid_3d (line 1112) ... ok
test crates/abrash-core/src/sdf.rs - sdf::horseshoe_2d (line 1876) ... ok
test crates/abrash-core/src/sdf.rs - sdf::groove_2d (line 4071) ... ok
test crates/abrash-core/src/sdf.rs - sdf::hexagonal_prism_3d (line 647) ... ok
test crates/abrash-core/src/sdf.rs - sdf::heart_2d (line 1612) ... ok
test crates/abrash-core/src/sdf.rs - sdf::inf_cylinder_3d (line 439) ... ok
test crates/abrash-core/src/sdf.rs - sdf::lemniscate_2d (line 5517) ... ok
test crates/abrash-core/src/sdf.rs - sdf::lens_2d (line 4834) ... ok
test crates/abrash-core/src/sdf.rs - sdf::infinite_cone_3d (line 3563) ... ok
test crates/abrash-core/src/sdf.rs - sdf::mandelbrot_dist (line 4706) ... ok
test crates/abrash-core/src/sdf.rs - sdf::metaballs_2d (line 5022) ... ok
test crates/abrash-core/src/sdf.rs - sdf::mirror_x (line 1048) ... ok
test crates/abrash-core/src/sdf.rs - sdf::link_3d (line 501) ... ok
test crates/abrash-core/src/sdf.rs - sdf::onion (line 715) ... ok
test crates/abrash-core/src/sdf.rs - sdf::oreo_2d (line 3881) ... ok
test crates/abrash-core/src/sdf.rs - sdf::moon_2d (line 1395) ... ok
test crates/abrash-core/src/sdf.rs - sdf::octahedron_3d (line 563) ... ok
test crates/abrash-core/src/sdf.rs - sdf::parabola_2d (line 1136) ... ok
test crates/abrash-core/src/sdf.rs - sdf::parallelogram_2d (line 1810) ... ok
test crates/abrash-core/src/sdf.rs - sdf::polar_repeat_2d (line 5584) ... ok
test crates/abrash-core/src/sdf.rs - sdf::oriented_box_2d (line 2075) ... ok
test crates/abrash-core/src/sdf.rs - sdf::pie_2d (line 1493) ... ok
test crates/abrash-core/src/sdf.rs - sdf::polygon_sdf_2d (line 4576) ... ok
test crates/abrash-core/src/sdf.rs - sdf::polyline_2d (line 4907) ... ok
test crates/abrash-core/src/sdf.rs - sdf::pyramid_3d (line 602) ... ok
test crates/abrash-core/src/sdf.rs - sdf::repeat_1d (line 994) ... ok
test crates/abrash-core/src/sdf.rs - sdf::regular_ngon_2d (line 1271) ... ok
test crates/abrash-core/src/sdf.rs - sdf::quad_3d (line 3591) ... ok
test crates/abrash-core/src/sdf.rs - sdf::repeat_finite_2d (line 4096) ... ok
test crates/abrash-core/src/sdf.rs - sdf::repeat_3d (line 1026) ... ok
test crates/abrash-core/src/sdf.rs - sdf::repeat_2d (line 5612) ... ok
test crates/abrash-core/src/sdf.rs - sdf::repeat_finite_3d (line 1716) ... ok
test crates/abrash-core/src/sdf.rs - sdf::revolution_z (line 4388) ... ok
test crates/abrash-core/src/sdf.rs - sdf::rhombus_2d (line 1649) ... ok
test crates/abrash-core/src/sdf.rs - sdf::revolve_y (line 922) ... ok
test crates/abrash-core/src/sdf.rs - sdf::rhombus_3d (line 3846) ... ok
test crates/abrash-core/src/sdf.rs - sdf::round_union (line 4165) ... ok
test crates/abrash-core/src/sdf.rs - sdf::rounded_cross_2d (line 5412) ... ok
test crates/abrash-core/src/sdf.rs - sdf::rounded_cone_3d (line 2247) ... ok
test crates/abrash-core/src/sdf.rs - sdf::rounded_cylinder_3d (line 468) ... ok
test crates/abrash-core/src/sdf.rs - sdf::rounded_triangle_2d (line 5227) ... ok
test crates/abrash-core/src/sdf.rs - sdf::rounded_star_2d (line 4352) ... ok
test crates/abrash-core/src/sdf.rs - sdf::sdf_complement (line 4147) ... ok
test crates/abrash-core/src/sdf.rs - sdf::rounded_x_2d (line 1953) ... ok
test crates/abrash-core/src/sdf.rs - sdf::scale_sdf (line 1086) ... ok
test crates/abrash-core/src/sdf.rs - sdf::sdf_intersect (line 2182) ... ok
test crates/abrash-core/src/sdf.rs - sdf::sdf_xor (line 3676) ... ok
test crates/abrash-core/src/sdf.rs - sdf::sdf_subtract (line 2199) ... ok
test crates/abrash-core/src/sdf.rs - sdf::sdf_union (line 2165) ... ok
test crates/abrash-core/src/sdf.rs - sdf::sdf_morph (line 5689) ... ok
test crates/abrash-core/src/sdf.rs - sdf::segment_3d (line 2218) ... ok
test crates/abrash-core/src/sdf.rs - sdf::smooth_min (line 1537) ... ok
test crates/abrash-core/src/sdf.rs - sdf::slab_y_3d (line 3660) ... ok
test crates/abrash-core/src/sdf.rs - sdf::solid_angle_3d (line 863) ... ok
test crates/abrash-core/src/sdf.rs - sdf::soft_shadow_estimate (line 5786) ... ok
test crates/abrash-core/src/sdf.rs - sdf::spiral_2d (line 4858) ... ok
test crates/abrash-core/src/sdf.rs - sdf::stairs_2d (line 3364) ... ok
test crates/abrash-core/src/sdf.rs - sdf::stadium_2d (line 1744) ... ok
test crates/abrash-core/src/sdf.rs - sdf::superellipse_2d (line 4326) ... ok
test crates/abrash-core/src/sdf.rs - sdf::spring_coil_3d (line 4635) ... ok
test crates/abrash-core/src/sdf.rs - sdf::star_2d (line 775) ... ok
test crates/abrash-core/src/sdf.rs - sdf::swirl_2d (line 4407) ... ok
test crates/abrash-core/src/sdf.rs - sdf::teardrop_2d (line 5549) ... ok
test crates/abrash-core/src/sdf.rs - sdf::trapezoid_2d (line 1771) ... ok
test crates/abrash-core/src/sdf.rs - sdf::torus_knot_3d (line 4944) ... ok
test crates/abrash-core/src/sdf.rs - sdf::triangle_3d (line 3793) ... ok
test crates/abrash-core/src/sdf.rs - sdf::truncated_cone_3d (line 370) ... ok
test crates/abrash-core/src/sdf.rs - sdf::triangular_prism_3d (line 2012) ... ok
test crates/abrash-core/src/sdf.rs - sdf::tunnel_2d (line 3112) ... ok
test crates/abrash-core/src/sdf.rs - sdf::twist_y (line 946) ... ok
test crates/abrash-core/src/sdf.rs - sdf::twist_z (line 4051) ... ok
test crates/abrash-core/src/sdf.rs - sdf::vesica_segment_3d (line 3152) ... ok
test crates/abrash-core/src/sdf.rs - sdf::uneven_capsule_2d (line 1845) ... ok
test crates/abrash-core/src/sdf.rs - sdf::twist_x (line 4034) ... ok
test crates/abrash-core/src/sdf.rs - sdf::vesica_2d (line 743) ... ok
test crates/abrash-core/src/sdf.rs - sdf::wave_sdf_2d (line 5668) ... ok
test crates/abrash-core/src/texture.rs - texture::Texture (line 98) ... ok
test crates/abrash-core/src/time.rs - time::FixedTimestep (line 14) ... ok
test crates/abrash-core/src/texture.rs - texture::Texture::set_pixel (line 184) ... ok
test crates/abrash-core/src/texture.rs - texture::Texture::get_pixel (line 272) ... ok
test crates/abrash-core/src/utils.rs - utils::XorShift32 (line 14) ... ok
test crates/abrash-core/src/texture.rs - texture::Texture::new (line 129) ... ok
test crates/abrash-core/src/transform.rs - transform::Transform (line 20) ... ok
test crates/abrash-core/src/utils.rs - utils::pixel_luminance (line 67) ... ok
test crates/abrash-core/src/zbuffer.rs - zbuffer::ZBuffer::clear_rect (line 58) ... ok

test result: ok. 476 passed; 0 failed; 0 ignored; 0 measured; 0 filtered out; finished in 1.21s

all doctests ran in 3.69s; merged doctests compilation took 2.48s
   Doc-tests abrash_gpu_render

running 0 tests

test result: ok. 0 passed; 0 failed; 0 ignored; 0 measured; 0 filtered out; finished in 0.00s

   Doc-tests abrash_raycast

running 0 tests

test result: ok. 0 passed; 0 failed; 0 ignored; 0 measured; 0 filtered out; finished in 0.00s

   Doc-tests abrash_render

running 59 tests
test crates/abrash-render/src/ascii.rs - ascii::AsciiConverter<'a>::to_colored_string (line 109) ... ok
test crates/abrash-render/src/experimental/duotone.rs - experimental::duotone::apply_duotone (line 17) ... ok
test crates/abrash-render/src/ascii.rs - ascii (line 15) ... ok
test crates/abrash-render/src/experimental/chroma_key.rs - experimental::chroma_key::apply_chroma_key (line 23) ... ok
test crates/abrash-render/src/experimental/palette.rs - experimental::palette::apply_palette (line 133) ... ok
test crates/abrash-render/src/experimental/raytracer.rs - experimental::raytracer (line 24) - compile ... ok
test crates/abrash-render/src/experimental/chroma_key.rs - experimental::chroma_key::smooth_chroma_key (line 99) ... ok
test crates/abrash-render/src/experimental/posterize.rs - experimental::posterize::apply_posterize (line 30) ... ok
test crates/abrash-render/src/experimental/slitscan.rs - experimental::slitscan::SlitScanFilter::new (line 39) ... ok
test crates/abrash-render/src/particles.rs - particles::Particle (line 22) ... ok
test crates/abrash-render/src/heat_vision.rs - heat_vision::apply_heat_vision (line 45) ... ok
test crates/abrash-render/src/particles.rs - particles::ParticleSystem (line 136) ... ok
test crates/abrash-render/src/post_process/blur.rs - post_process::blur::box_blur_vertical (line 476) ... ok
test crates/abrash-render/src/post_process/blur.rs - post_process::blur::box_blur_horizontal (line 286) ... ok
test crates/abrash-render/src/procedural.rs - procedural::grid_pattern (line 42) ... ok
test crates/abrash-render/src/procedural.rs - procedural::plasma (line 104) ... ok
test crates/abrash-render/src/procedural.rs - procedural::white_noise (line 76) ... ok
test crates/abrash-render/src/procedural.rs - procedural::xor_pattern (line 16) ... ok
test crates/abrash-render/src/rasterizer/circle.rs - rasterizer::circle::draw_circle (line 22) ... ok
test crates/abrash-render/src/rasterizer/circle.rs - rasterizer::circle::fill_circle (line 187) ... ok
test crates/abrash-render/src/rasterizer/ellipse.rs - rasterizer::ellipse::draw_ellipse (line 83) ... ok
test crates/abrash-render/src/rasterizer/ellipse.rs - rasterizer::ellipse::fill_ellipse (line 254) ... ok
test crates/abrash-render/src/rasterizer/flat.rs - rasterizer::flat::fill_triangle_3d (line 308) ... ok
test crates/abrash-render/src/rasterizer/gouraud.rs - rasterizer::gouraud::fill_triangle_gouraud (line 630) ... ok
test crates/abrash-render/src/rasterizer/gouraud.rs - rasterizer::gouraud::fill_triangle_gouraud (line 675) ... ok
test crates/abrash-render/src/rasterizer/line.rs - rasterizer::line::draw_line_3d (line 33) ... ok
test crates/abrash-render/src/rasterizer/line.rs - rasterizer::line::fill_triangle_wireframe (line 156) ... ok
test crates/abrash-render/src/rasterizer/mod.rs - rasterizer::rect (line 79) ... ok
test crates/abrash-render/src/rasterizer/pbr.rs - rasterizer::pbr (line 17) ... ok
test crates/abrash-render/src/rasterizer/phong.rs - rasterizer::phong::fill_triangle_phong (line 1911) ... ok
test crates/abrash-render/src/rasterizer/phong.rs - rasterizer::phong::fill_triangle_phong_shadowed (line 1176) ... ok
test crates/abrash-render/src/rasterizer/rect.rs - rasterizer::rect::draw_rect (line 133) ... ok
test crates/abrash-render/src/rasterizer/rect.rs - rasterizer::rect::draw_rounded_rect (line 232) ... ok
test crates/abrash-render/src/rasterizer/rect.rs - rasterizer::rect::fill_rect (line 198) ... ok
test crates/abrash-render/src/post_process/dof.rs - post_process::dof::apply_depth_of_field (line 54) ... ok
test crates/abrash-render/src/rasterizer/rect.rs - rasterizer::rect::fill_rounded_rect (line 431) ... ok
test crates/abrash-render/src/rasterizer/texture.rs - rasterizer::texture::fill_quad_textured (line 2153) ... ok
test crates/abrash-render/src/rasterizer/texture.rs - rasterizer::texture::fill_quad_textured_gouraud (line 1781) ... ok
test crates/abrash-render/src/rasterizer/tile.rs - rasterizer::tile (line 54) - compile ... ok
test crates/abrash-render/src/rasterizer/texture.rs - rasterizer::texture::fill_triangle_textured (line 1685) ... ok
test crates/abrash-render/src/rasterizer/tile.rs - rasterizer::tile::TileRenderer::render_batch (line 2230) - compile ... ok
test crates/abrash-render/src/rasterizer/tile.rs - rasterizer::tile::should_use_tiled_rendering (line 3777) ... ok
test crates/abrash-render/src/render_api/borrowed_target.rs - render_api::borrowed_target (line 10) ... ok
test crates/abrash-render/src/render_api/draw_list.rs - render_api::draw_list::DrawList (line 73) ... ok
test crates/abrash-render/src/render_api/draw_list.rs - render_api::draw_list::DrawList::with_capacity (line 126) ... ok
test crates/abrash-render/src/render_api/draw_list.rs - render_api::draw_list::DrawList::triangle_count (line 186) ... ok
test crates/abrash-render/src/render_api/frame.rs - render_api::frame::Frame::draw (line 123) ... ok
test crates/abrash-render/src/render_api/frame.rs - render_api::frame::Frame::with_capacity (line 100) ... ok
test crates/abrash-render/src/post_process/bloom.rs - post_process::bloom::apply_bloom (line 59) ... ok
test crates/abrash-render/src/render_api/frame.rs - render_api::frame::Frame::add_light (line 147) ... ok
test crates/abrash-render/src/render_api/handles.rs - render_api::handles::Handle (line 19) ... ok
test crates/abrash-render/src/render_api/handles.rs - render_api::handles::ResourcePool (line 130) ... ok
test crates/abrash-render/src/render_api/handles.rs - render_api::handles::ResourcePool<T>::with_capacity (line 170) ... ok
test crates/abrash-render/src/post_process/mod.rs - post_process (line 36) ... ok
test crates/abrash-render/src/scene.rs - scene (line 27) ... ok
test crates/abrash-render/src/render_api/target.rs - render_api::target::RenderTarget (line 15) ... ok
test crates/abrash-render/src/skybox.rs - skybox::Cubemap (line 20) ... ok
test crates/abrash-render/src/skybox.rs - skybox::draw_skybox (line 97) ... ok
test crates/abrash-render/src/render_api/mod.rs - render_api (line 17) ... ok

test result: ok. 59 passed; 0 failed; 0 ignored; 0 measured; 0 filtered out; finished in 0.38s

all doctests ran in 1.73s; merged doctests compilation took 1.32s
   Doc-tests abrash_skeletal

running 1 test
test crates/abrash-skeletal/src/clip.rs - clip::AnimationClip (line 107) ... ok

test result: ok. 1 passed; 0 failed; 0 ignored; 0 measured; 0 filtered out; finished in 0.00s

all doctests ran in 1.37s; merged doctests compilation took 1.33s
   Doc-tests embed_demo

running 1 test
test crates/embed-demo/src/lib.rs - (line 9) ... ok

test result: ok. 1 passed; 0 failed; 0 ignored; 0 measured; 0 filtered out; finished in 0.02s

all doctests ran in 1.00s; merged doctests compilation took 0.95s
error: 3 targets failed:
    `-p abrash --test raytracer_tests`
    `-p abrash --test simd_correctness`
    `-p abrash --doc`
